Archive member included to satisfy reference by file (symbol)

/opt/st/stm32cubeclt_1.17.0/GNU-tools-for-STM32/bin/../lib/gcc/arm-none-eabi/12.3.1/../../../../arm-none-eabi/lib/thumb/v7e-m+dp/hard/libstdc++_nano.a(atexit_arm.o)
                              CMakeFiles/robomas_shisaku_f767zi_1.dir/User/cpp_main.cpp.obj (__aeabi_atexit)
/opt/st/stm32cubeclt_1.17.0/GNU-tools-for-STM32/bin/../lib/gcc/arm-none-eabi/12.3.1/../../../../arm-none-eabi/lib/thumb/v7e-m+dp/hard/libstdc++_nano.a(functional.o)
                              CMakeFiles/robomas_shisaku_f767zi_1.dir/User/cpp_main.cpp.obj (std::__throw_bad_function_call())
/opt/st/stm32cubeclt_1.17.0/GNU-tools-for-STM32/bin/../lib/gcc/arm-none-eabi/12.3.1/../../../../arm-none-eabi/lib/thumb/v7e-m+dp/hard/libstdc++_nano.a(del_op.o)
                              /opt/st/stm32cubeclt_1.17.0/GNU-tools-for-STM32/bin/../lib/gcc/arm-none-eabi/12.3.1/../../../../arm-none-eabi/lib/thumb/v7e-m+dp/hard/libstdc++_nano.a(functional.o) (operator delete(void*))
/opt/st/stm32cubeclt_1.17.0/GNU-tools-for-STM32/bin/../lib/gcc/arm-none-eabi/12.3.1/../../../../arm-none-eabi/lib/thumb/v7e-m+dp/hard/libstdc++_nano.a(eh_exception.o)
                              /opt/st/stm32cubeclt_1.17.0/GNU-tools-for-STM32/bin/../lib/gcc/arm-none-eabi/12.3.1/../../../../arm-none-eabi/lib/thumb/v7e-m+dp/hard/libstdc++_nano.a(functional.o) (std::exception::~exception())
/opt/st/stm32cubeclt_1.17.0/GNU-tools-for-STM32/bin/../lib/gcc/arm-none-eabi/12.3.1/../../../../arm-none-eabi/lib/thumb/v7e-m+dp/hard/libstdc++_nano.a(si_class_type_info.o)
                              /opt/st/stm32cubeclt_1.17.0/GNU-tools-for-STM32/bin/../lib/gcc/arm-none-eabi/12.3.1/../../../../arm-none-eabi/lib/thumb/v7e-m+dp/hard/libstdc++_nano.a(functional.o) (vtable for __cxxabiv1::__si_class_type_info)
/opt/st/stm32cubeclt_1.17.0/GNU-tools-for-STM32/bin/../lib/gcc/arm-none-eabi/12.3.1/../../../../arm-none-eabi/lib/thumb/v7e-m+dp/hard/libstdc++_nano.a(tinfo.o)
                              /opt/st/stm32cubeclt_1.17.0/GNU-tools-for-STM32/bin/../lib/gcc/arm-none-eabi/12.3.1/../../../../arm-none-eabi/lib/thumb/v7e-m+dp/hard/libstdc++_nano.a(si_class_type_info.o) (std::type_info::__is_pointer_p() const)
/opt/st/stm32cubeclt_1.17.0/GNU-tools-for-STM32/bin/../lib/gcc/arm-none-eabi/12.3.1/../../../../arm-none-eabi/lib/thumb/v7e-m+dp/hard/libstdc++_nano.a(class_type_info.o)
                              /opt/st/stm32cubeclt_1.17.0/GNU-tools-for-STM32/bin/../lib/gcc/arm-none-eabi/12.3.1/../../../../arm-none-eabi/lib/thumb/v7e-m+dp/hard/libstdc++_nano.a(si_class_type_info.o) (__cxxabiv1::__class_type_info::__do_upcast(__cxxabiv1::__class_type_info const*, void**) const)
/opt/st/stm32cubeclt_1.17.0/GNU-tools-for-STM32/bin/../lib/gcc/arm-none-eabi/12.3.1/../../../../arm-none-eabi/lib/thumb/v7e-m+dp/hard/libstdc++_nano.a(del_ops.o)
                              /opt/st/stm32cubeclt_1.17.0/GNU-tools-for-STM32/bin/../lib/gcc/arm-none-eabi/12.3.1/../../../../arm-none-eabi/lib/thumb/v7e-m+dp/hard/libstdc++_nano.a(eh_exception.o) (operator delete(void*, unsigned int))
/opt/st/stm32cubeclt_1.17.0/GNU-tools-for-STM32/bin/../lib/gcc/arm-none-eabi/12.3.1/../../../../arm-none-eabi/lib/thumb/v7e-m+dp/hard/libc_nano.a(libc_a-abort.o)
                              /opt/st/stm32cubeclt_1.17.0/GNU-tools-for-STM32/bin/../lib/gcc/arm-none-eabi/12.3.1/../../../../arm-none-eabi/lib/thumb/v7e-m+dp/hard/libstdc++_nano.a(functional.o) (abort)
/opt/st/stm32cubeclt_1.17.0/GNU-tools-for-STM32/bin/../lib/gcc/arm-none-eabi/12.3.1/../../../../arm-none-eabi/lib/thumb/v7e-m+dp/hard/libc_nano.a(libc_a-exit.o)
                              /opt/st/stm32cubeclt_1.17.0/GNU-tools-for-STM32/bin/../lib/gcc/arm-none-eabi/12.3.1/../../../../arm-none-eabi/lib/thumb/v7e-m+dp/hard/crt0.o (exit)
/opt/st/stm32cubeclt_1.17.0/GNU-tools-for-STM32/bin/../lib/gcc/arm-none-eabi/12.3.1/../../../../arm-none-eabi/lib/thumb/v7e-m+dp/hard/libc_nano.a(libc_a-malloc.o)
                              CMakeFiles/robomas_shisaku_f767zi_1.dir/Middlewares/ST/STM32_USB_Device_Library/Class/CDC/Src/usbd_cdc.c.obj (malloc)
/opt/st/stm32cubeclt_1.17.0/GNU-tools-for-STM32/bin/../lib/gcc/arm-none-eabi/12.3.1/../../../../arm-none-eabi/lib/thumb/v7e-m+dp/hard/libc_nano.a(libc_a-mallocr.o)
                              /opt/st/stm32cubeclt_1.17.0/GNU-tools-for-STM32/bin/../lib/gcc/arm-none-eabi/12.3.1/../../../../arm-none-eabi/lib/thumb/v7e-m+dp/hard/libc_nano.a(libc_a-malloc.o) (_malloc_r)
/opt/st/stm32cubeclt_1.17.0/GNU-tools-for-STM32/bin/../lib/gcc/arm-none-eabi/12.3.1/../../../../arm-none-eabi/lib/thumb/v7e-m+dp/hard/libc_nano.a(libc_a-mlock.o)
                              /opt/st/stm32cubeclt_1.17.0/GNU-tools-for-STM32/bin/../lib/gcc/arm-none-eabi/12.3.1/../../../../arm-none-eabi/lib/thumb/v7e-m+dp/hard/libc_nano.a(libc_a-mallocr.o) (__malloc_lock)
[...]
Memory Configuration

Name             Origin             Length             Attributes
RAM              0x20000000         0x00080000         xrw
FLASH            0x08000000         0x00200000         xr
*default*        0x00000000         0xffffffff

Linker script and memory map

LOAD /opt/st/stm32cubeclt_1.17.0/GNU-tools-for-STM32/bin/../lib/gcc/arm-none-eabi/12.3.1/thumb/v7e-m+dp/hard/crti.o
LOAD /opt/st/stm32cubeclt_1.17.0/GNU-tools-for-STM32/bin/../lib/gcc/arm-none-eabi/12.3.1/thumb/v7e-m+dp/hard/crtbegin.o
LOAD /opt/st/stm32cubeclt_1.17.0/GNU-tools-for-STM32/bin/../lib/gcc/arm-none-eabi/12.3.1/../../../../arm-none-eabi/lib/thumb/v7e-m+dp/hard/crt0.o
START GROUP
END GROUP
START GROUP
LOAD /opt/st/stm32cubeclt_1.17.0/GNU-tools-for-STM32/bin/../lib/gcc/arm-none-eabi/12.3.1/../../../../arm-none-eabi/lib/thumb/v7e-m+dp/hard/libstdc++_nano.a
LOAD /opt/st/stm32cubeclt_1.17.0/GNU-tools-for-STM32/bin/../lib/gcc/arm-none-eabi/12.3.1/../../../../arm-none-eabi/lib/thumb/v7e-m+dp/hard/libsupc++_nano.a
END GROUP
LOAD CMakeFiles/robomas_shisaku_f767zi_1.dir/User/cpp_main.cpp.obj
LOAD CMakeFiles/robomas_shisaku_f767zi_1.dir/Core/Src/main.c.obj
LOAD CMakeFiles/robomas_shisaku_f767zi_1.dir/Core/Src/gpio.c.obj
LOAD CMakeFiles/robomas_shisaku_f767zi_1.dir/Core/Src/can.c.obj
LOAD CMakeFiles/robomas_shisaku_f767zi_1.dir/Core/Src/tim.c.obj
LOAD CMakeFiles/robomas_shisaku_f767zi_1.dir/Core/Src/usart.c.obj
LOAD CMakeFiles/robomas_shisaku_f767zi_1.dir/Core/Src/stm32f7xx_it.c.obj
LOAD CMakeFiles/robomas_shisaku_f767zi_1.dir/Core/Src/stm32f7xx_hal_msp.c.obj
LOAD CMakeFiles/robomas_shisaku_f767zi_1.dir/USB_DEVICE/App/usb_device.c.obj
LOAD CMakeFiles/robomas_shisaku_f767zi_1.dir/USB_DEVICE/App/usbd_desc.c.obj
LOAD CMakeFiles/robomas_shisaku_f767zi_1.dir/USB_DEVICE/App/usbd_cdc_if.c.obj
LOAD CMakeFiles/robomas_shisaku_f767zi_1.dir/USB_DEVICE/Target/usbd_conf.c.obj
LOAD CMakeFiles/robomas_shisaku_f767zi_1.dir/Drivers/STM32F7xx_HAL_Driver/Src/stm32f7xx_hal_pcd.c.obj
LOAD CMakeFiles/robomas_shisaku_f767zi_1.dir/Drivers/STM32F7xx_HAL_Driver/Src/stm32f7xx_hal_pcd_ex.c.obj
LOAD CMakeFiles/robomas_shisaku_f767zi_1.dir/Drivers/STM32F7xx_HAL_Driver/Src/stm32f7xx_ll_usb.c.obj
LOAD CMakeFiles/robomas_shisaku_f767zi_1.dir/Drivers/STM32F7xx_HAL_Driver/Src/stm32f7xx_hal_rcc.c.obj
LOAD CMakeFiles/robomas_shisaku_f767zi_1.dir/Drivers/STM32F7xx_HAL_Driver/Src/stm32f7xx_hal_rcc_ex.c.obj
LOAD CMakeFiles/robomas_shisaku_f767zi_1.dir/Drivers/STM32F7xx_HAL_Driver/Src/stm32f7xx_hal_flash.c.obj
LOAD CMakeFiles/robomas_shisaku_f767zi_1.dir/Drivers/STM32F7xx_HAL_Driver/Src/stm32f7xx_hal_flash_ex.c.obj
LOAD CMakeFiles/robomas_shisaku_f767zi_1.dir/Drivers/STM32F7xx_HAL_Driver/Src/stm32f7xx_hal_gpio.c.obj
LOAD CMakeFiles/robomas_shisaku_f767zi_1.dir/Drivers/STM32F7xx_HAL_Driver/Src/stm32f7xx_hal_dma.c.obj
LOAD CMakeFiles/robomas_shisaku_f767zi_1.dir/Drivers/STM32F7xx_HAL_Driver/Src/stm32f7xx_hal_dma_ex.c.obj
LOAD CMakeFiles/robomas_shisaku_f767zi_1.dir/Drivers/STM32F7xx_HAL_Driver/Src/stm32f7xx_hal_pwr.c.obj
LOAD CMakeFiles/robomas_shisaku_f767zi_1.dir/Drivers/STM32F7xx_HAL_Driver/Src/stm32f7xx_hal_pwr_ex.c.obj
LOAD CMakeFiles/robomas_shisaku_f767zi_1.dir/Drivers/STM32F7xx_HAL_Driver/Src/stm32f7xx_hal_cortex.c.obj
LOAD CMakeFiles/robomas_shisaku_f767zi_1.dir/Drivers/STM32F7xx_HAL_Driver/Src/stm32f7xx_hal.c.obj
LOAD CMakeFiles/robomas_shisaku_f767zi_1.dir/Drivers/STM32F7xx_HAL_Driver/Src/stm32f7xx_hal_i2c.c.obj
LOAD CMakeFiles/robomas_shisaku_f767zi_1.dir/Drivers/STM32F7xx_HAL_Driver/Src/stm32f7xx_hal_i2c_ex.c.obj
LOAD CMakeFiles/robomas_shisaku_f767zi_1.dir/Drivers/STM32F7xx_HAL_Driver/Src/stm32f7xx_hal_exti.c.obj
LOAD CMakeFiles/robomas_shisaku_f767zi_1.dir/Drivers/STM32F7xx_HAL_Driver/Src/stm32f7xx_hal_can.c.obj
LOAD CMakeFiles/robomas_shisaku_f767zi_1.dir/Drivers/STM32F7xx_HAL_Driver/Src/stm32f7xx_hal_tim.c.obj
LOAD CMakeFiles/robomas_shisaku_f767zi_1.dir/Drivers/STM32F7xx_HAL_Driver/Src/stm32f7xx_hal_tim_ex.c.obj
LOAD CMakeFiles/robomas_shisaku_f767zi_1.dir/Drivers/STM32F7xx_HAL_Driver/Src/stm32f7xx_hal_uart.c.obj
LOAD CMakeFiles/robomas_shisaku_f767zi_1.dir/Drivers/STM32F7xx_HAL_Driver/Src/stm32f7xx_hal_uart_ex.c.obj
LOAD CMakeFiles/robomas_shisaku_f767zi_1.dir/Core/Src/system_stm32f7xx.c.obj
LOAD CMakeFiles/robomas_shisaku_f767zi_1.dir/Middlewares/ST/STM32_USB_Device_Library/Core/Src/usbd_core.c.obj
LOAD CMakeFiles/robomas_shisaku_f767zi_1.dir/Middlewares/ST/STM32_USB_Device_Library/Core/Src/usbd_ctlreq.c.obj
LOAD CMakeFiles/robomas_shisaku_f767zi_1.dir/Middlewares/ST/STM32_USB_Device_Library/Core/Src/usbd_ioreq.c.obj
LOAD CMakeFiles/robomas_shisaku_f767zi_1.dir/Middlewares/ST/STM32_USB_Device_Library/Class/CDC/Src/usbd_cdc.c.obj
LOAD CMakeFiles/robomas_shisaku_f767zi_1.dir/Core/Src/sysmem.c.obj
LOAD CMakeFiles/robomas_shisaku_f767zi_1.dir/Core/Src/syscalls.c.obj
LOAD CMakeFiles/robomas_shisaku_f767zi_1.dir/startup_stm32f767xx.s.obj
LOAD /opt/st/stm32cubeclt_1.17.0/GNU-tools-for-STM32/bin/../lib/gcc/arm-none-eabi/12.3.1/../../../../arm-none-eabi/lib/thumb/v7e-m+dp/hard/libstdc++_nano.a
LOAD /opt/st/stm32cubeclt_1.17.0/GNU-tools-for-STM32/bin/../lib/gcc/arm-none-eabi/12.3.1/../../../../arm-none-eabi/lib/thumb/v7e-m+dp/hard/libm.a
LOAD /opt/st/stm32cubeclt_1.17.0/GNU-tools-for-STM32/bin/../lib/gcc/arm-none-eabi/12.3.1/../../../../arm-none-eabi/lib/thumb/v7e-m+dp/hard/libc_nano.a
START GROUP
LOAD /opt/st/stm32cubeclt_1.17.0/GNU-tools-for-STM32/bin/../lib/gcc/arm-none-eabi/12.3.1/thumb/v7e-m+dp/hard/libgcc.a
LOAD /opt/st/stm32cubeclt_1.17.0/GNU-tools-for-STM32/bin/../lib/gcc/arm-none-eabi/12.3.1/../../../../arm-none-eabi/lib/thumb/v7e-m+dp/hard/libg_nano.a
LOAD /opt/st/stm32cubeclt_1.17.0/GNU-tools-for-STM32/bin/../lib/gcc/arm-none-eabi/12.3.1/../../../../arm-none-eabi/lib/thumb/v7e-m+dp/hard/libc_nano.a
END GROUP
START GROUP
LOAD /opt/st/stm32cubeclt_1.17.0/GNU-tools-for-STM32/bin/../lib/gcc/arm-none-eabi/12.3.1/thumb/v7e-m+dp/hard/libgcc.a
LOAD /opt/st/stm32cubeclt_1.17.0/GNU-tools-for-STM32/bin/../lib/gcc/arm-none-eabi/12.3.1/../../../../arm-none-eabi/lib/thumb/v7e-m+dp/hard/libc_nano.a
END GROUP
LOAD /opt/st/stm32cubeclt_1.17.0/GNU-tools-for-STM32/bin/../lib/gcc/arm-none-eabi/12.3.1/thumb/v7e-m+dp/hard/crtend.o
LOAD /opt/st/stm32cubeclt_1.17.0/GNU-tools-for-STM32/bin/../lib/gcc/arm-none-eabi/12.3.1/thumb/v7e-m+dp/hard/crtn.o
                0x20080000                        _estack = (ORIGIN (RAM) + LENGTH (RAM))
                0x00000200                        _Min_Heap_Size = 0x200
                0x00000400                        _Min_Stack_Size = 0x400

.isr_vector     0x08000000      0x1f8
                0x08000000                        . = ALIGN (0x4)
 *(.isr_vector)
 .isr_vector    0x08000000      0x1f8 CMakeFiles/robomas_shisaku_f767zi_1.dir/startup_stm32f767xx.s.obj
                0x08000000                g_pfnVectors
                0x080001f8                        . = ALIGN (0x4)

.text           0x08000200     0xc054
                0x08000200                        . = ALIGN (0x4)
 *(.text)
 .text          0x08000200       0x40 /opt/st/stm32cubeclt_1.17.0/GNU-tools-for-STM32/bin/../lib/gcc/arm-none-eabi/12.3.1/thumb/v7e-m+dp/hard/crtbegin.o
 .text          0x08000240       0x10 /opt/st/stm32cubeclt_1.17.0/GNU-tools-for-STM32/bin/../lib/gcc/arm-none-eabi/12.3.1/../../../../arm-none-eabi/lib/thumb/v7e-m+dp/hard/libc_nano.a(libc_a-strlen.o)
                0x08000240                strlen
 .text          0x08000250       0xa0 /opt/st/stm32cubeclt_1.17.0/GNU-tools-for-STM32/bin/../lib/gcc/arm-none-eabi/12.3.1/../../../../arm-none-eabi/lib/thumb/v7e-m+dp/hard/libc_nano.a(libc_a-memchr.o)
                0x08000250                memchr
 .text          0x080002f0       0x30 /opt/st/stm32cubeclt_1.17.0/GNU-tools-for-STM32/bin/../lib/gcc/arm-none-eabi/12.3.1/thumb/v7e-m+dp/hard/libgcc.a(_aeabi_uldivmod.o)
                0x080002f0                __aeabi_uldivmod
 .text          0x08000320      0x2bc /opt/st/stm32cubeclt_1.17.0/GNU-tools-for-STM32/bin/../lib/gcc/arm-none-eabi/12.3.1/thumb/v7e-m+dp/hard/libgcc.a(_udivmoddi4.o)
                0x08000320                __udivmoddi4
 .text          0x080005dc        0x4 /opt/st/stm32cubeclt_1.17.0/GNU-tools-for-STM32/bin/../lib/gcc/arm-none-eabi/12.3.1/thumb/v7e-m+dp/hard/libgcc.a(_dvmd_tls.o)
                0x080005dc                __aeabi_ldiv0
                0x080005dc                __aeabi_idiv0
 *(.text*)
 .text._ZN7UserLib10LedControlC2EP12GPIO_TypeDeft
                0x080005e0       0x28 CMakeFiles/robomas_shisaku_f767zi_1.dir/User/cpp_main.cpp.obj
                0x080005e0                UserLib::LedControl::LedControl(GPIO_TypeDef*, unsigned short)
                0x080005e0                UserLib::LedControl::LedControl(GPIO_TypeDef*, unsigned short)
 .text._ZN7UserLib10LedControl12Change_StateENS_8LEDStateE
                0x08000608       0x3a CMakeFiles/robomas_shisaku_f767zi_1.dir/User/cpp_main.cpp.obj
                0x08000608                UserLib::LedControl::Change_State(UserLib::LEDState)
 .text._ZN7UserLib11StLinkDebugC2EP20__UART_HandleTypeDefm
                0x08000642       0x26 CMakeFiles/robomas_shisaku_f767zi_1.dir/User/cpp_main.cpp.obj
                0x08000642                UserLib::StLinkDebug::StLinkDebug(__UART_HandleTypeDef*, unsigned long)
                0x08000642                UserLib::StLinkDebug::StLinkDebug(__UART_HandleTypeDef*, unsigned long)
 .text._ZN7UserLib11StLinkDebug14transmit_debugEPKcz
                0x08000668       0x4c CMakeFiles/robomas_shisaku_f767zi_1.dir/User/cpp_main.cpp.obj
                0x08000668                UserLib::StLinkDebug::transmit_debug(char const*, ...)
 .text._ZN8UserCode12ascii_to_haxEh
                0x080006b4       0x4a CMakeFiles/robomas_shisaku_f767zi_1.dir/User/cpp_main.cpp.obj
                0x080006b4                UserCode::ascii_to_hax(unsigned char)
 .text._ZN8UserCode12hax_to_asciiEh
                0x080006fe       0x44 CMakeFiles/robomas_shisaku_f767zi_1.dir/User/cpp_main.cpp.obj
                0x080006fe                UserCode::hax_to_ascii(unsigned char)
 .text._ZN8UserCode17decode_usb_to_msgENS_9UsbPacketERNS_9MsgPacketE
                0x08000742      0x15a CMakeFiles/robomas_shisaku_f767zi_1.dir/User/cpp_main.cpp.obj
                0x08000742                UserCode::decode_usb_to_msg(UserCode::UsbPacket, UserCode::MsgPacket&)
 .text._ZN8UserCode17encode_msg_to_usbENS_9MsgPacketERNS_9UsbPacketE
                0x0800089c       0xea CMakeFiles/robomas_shisaku_f767zi_1.dir/User/cpp_main.cpp.obj
                0x0800089c                UserCode::encode_msg_to_usb(UserCode::MsgPacket, UserCode::UsbPacket&)
 .text._ZN8UserCode11UsbReceiver12add_one_byteERKh
                0x08000986      0x12a CMakeFiles/robomas_shisaku_f767zi_1.dir/User/cpp_main.cpp.obj
                0x08000986                UserCode::UsbReceiver::add_one_byte(unsigned char const&)
 .text._ZN8UserCode11UsbReceiver19get_fifo_busy_levelEv
                0x08000ab0       0x1a CMakeFiles/robomas_shisaku_f767zi_1.dir/User/cpp_main.cpp.obj
                0x08000ab0                UserCode::UsbReceiver::get_fifo_busy_level()
 .text._ZN8UserCode11UsbReceiver14get_usb_packetERNS_9UsbPacketE
                0x08000aca       0x1e CMakeFiles/robomas_shisaku_f767zi_1.dir/User/cpp_main.cpp.obj
                0x08000aca                UserCode::UsbReceiver::get_usb_packet(UserCode::UsbPacket&)
 .text._ZN7UserLib9CanPacketC2Ev
                0x08000ae8       0x22 CMakeFiles/robomas_shisaku_f767zi_1.dir/User/cpp_main.cpp.obj
                0x08000ae8                UserLib::CanPacket::CanPacket()
                0x08000ae8                UserLib::CanPacket::CanPacket()
 .text._ZN7UserLib12SoftwareFifoINS_9CanPacketELj8EEC2Ev
                0x08000b0a       0x66 CMakeFiles/robomas_shisaku_f767zi_1.dir/User/cpp_main.cpp.obj
                0x08000b0a                UserLib::SoftwareFifo<UserLib::CanPacket, 8u>::SoftwareFifo()
                0x08000b0a                UserLib::SoftwareFifo<UserLib::CanPacket, 8u>::SoftwareFifo()
 .text._ZN7UserLib7CanCommC2EP17CAN_HandleTypeDefj
                0x08000b70       0x42 CMakeFiles/robomas_shisaku_f767zi_1.dir/User/cpp_main.cpp.obj
                0x08000b70                UserLib::CanComm::CanComm(CAN_HandleTypeDef*, unsigned int)
                0x08000b70                UserLib::CanComm::CanComm(CAN_HandleTypeDef*, unsigned int)
 .text._ZN7UserLib7CanComm10get_handleEv
                0x08000bb2       0x18 CMakeFiles/robomas_shisaku_f767zi_1.dir/User/cpp_main.cpp.obj
                0x08000bb2                UserLib::CanComm::get_handle()
 .text._ZN7UserLib7CanComm5startEv
                0x08000bca       0x72 CMakeFiles/robomas_shisaku_f767zi_1.dir/User/cpp_main.cpp.obj
                0x08000bca                UserLib::CanComm::start()
 .text._ZN7UserLib7CanComm19filter_set_std_listEmtttt
                0x08000c3c       0x82 CMakeFiles/robomas_shisaku_f767zi_1.dir/User/cpp_main.cpp.obj
                0x08000c3c                UserLib::CanComm::filter_set_std_list(unsigned long, unsigned short, unsigned short, unsigned short, unsigned short)
 .text._ZN7UserLib7CanComm17get_tx_busy_levelEv
                0x08000cbe       0x1c CMakeFiles/robomas_shisaku_f767zi_1.dir/User/cpp_main.cpp.obj
                0x08000cbe                UserLib::CanComm::get_tx_busy_level()
 .text._ZN7UserLib7CanComm11add_tx_fifoERNS_9CanPacketE
                0x08000cda       0x2a CMakeFiles/robomas_shisaku_f767zi_1.dir/User/cpp_main.cpp.obj
                0x08000cda                UserLib::CanComm::add_tx_fifo(UserLib::CanPacket&)
 .text._ZN7UserLib7CanComm2txEv
                0x08000d04       0x96 CMakeFiles/robomas_shisaku_f767zi_1.dir/User/cpp_main.cpp.obj
                0x08000d04                UserLib::CanComm::tx()
 .text._ZN7UserLib7CanComm17get_rx_busy_levelEv
                0x08000d9a       0x20 CMakeFiles/robomas_shisaku_f767zi_1.dir/User/cpp_main.cpp.obj
                0x08000d9a                UserLib::CanComm::get_rx_busy_level()
 .text._ZN7UserLib7CanComm15rx_interruptionEv
                0x08000dba       0x94 CMakeFiles/robomas_shisaku_f767zi_1.dir/User/cpp_main.cpp.obj
                0x08000dba                UserLib::CanComm::rx_interruption()
 .text._ZN7UserLib7CanComm2rxERNS_9CanPacketE
                0x08000e4e       0x24 CMakeFiles/robomas_shisaku_f767zi_1.dir/User/cpp_main.cpp.obj
                0x08000e4e                UserLib::CanComm::rx(UserLib::CanPacket&)
 .text._ZN8UserCode21decode_can_to_robomasEN7UserLib9CanPacketERNS_15RobomasFeedbackE
                0x08000e72       0x70 CMakeFiles/robomas_shisaku_f767zi_1.dir/User/cpp_main.cpp.obj
                0x08000e72                UserCode::decode_can_to_robomas(UserLib::CanPacket, UserCode::RobomasFeedback&)
 .text._ZN8UserCode21encode_robomas_to_canENS_14RobomasCommandERN7UserLib9CanPacketE
                0x08000ee2       0xa6 CMakeFiles/robomas_shisaku_f767zi_1.dir/User/cpp_main.cpp.obj
                0x08000ee2                UserCode::encode_robomas_to_can(UserCode::RobomasCommand, UserLib::CanPacket&)
 .text._ZnwjPv  0x08000f88       0x18 CMakeFiles/robomas_shisaku_f767zi_1.dir/User/cpp_main.cpp.obj
                0x08000f88                operator new(unsigned int, void*)
 .text._ZNSt9_Any_data9_M_accessEv
                0x08000fa0       0x16 CMakeFiles/robomas_shisaku_f767zi_1.dir/User/cpp_main.cpp.obj
                0x08000fa0                std::_Any_data::_M_access()
 .text._ZNKSt9_Any_data9_M_accessEv
                0x08000fb6       0x16 CMakeFiles/robomas_shisaku_f767zi_1.dir/User/cpp_main.cpp.obj
                0x08000fb6                std::_Any_data::_M_access() const
 .text._ZNSt14_Function_baseD2Ev
                0x08000fcc       0x26 CMakeFiles/robomas_shisaku_f767zi_1.dir/User/cpp_main.cpp.obj
                0x08000fcc                std::_Function_base::~_Function_base()
                0x08000fcc                std::_Function_base::~_Function_base()
 .text._ZNKSt14_Function_base8_M_emptyEv
                0x08000ff2       0x22 CMakeFiles/robomas_shisaku_f767zi_1.dir/User/cpp_main.cpp.obj
                0x08000ff2                std::_Function_base::_M_empty() const
 .text._ZNSt8functionIFvvEED2Ev
                0x08001014       0x1a CMakeFiles/robomas_shisaku_f767zi_1.dir/User/cpp_main.cpp.obj
                0x08001014                std::function<void ()>::~function()
                0x08001014                std::function<void ()>::~function()
 .text._ZN7UserLib9HardTimerC2EP17TIM_HandleTypeDef
                0x0800102e       0x24 CMakeFiles/robomas_shisaku_f767zi_1.dir/User/cpp_main.cpp.obj
                0x0800102e                UserLib::HardTimer::HardTimer(TIM_HandleTypeDef*)
                0x0800102e                UserLib::HardTimer::HardTimer(TIM_HandleTypeDef*)
 .text._ZN7UserLib9HardTimer10get_handleEv
                0x08001052       0x18 CMakeFiles/robomas_shisaku_f767zi_1.dir/User/cpp_main.cpp.obj
                0x08001052                UserLib::HardTimer::get_handle()
 .text._ZN7UserLib9HardTimer5startEv
                0x0800106a       0x1a CMakeFiles/robomas_shisaku_f767zi_1.dir/User/cpp_main.cpp.obj
                0x0800106a                UserLib::HardTimer::start()
 .text._ZN7UserLib9HardTimer12set_callbackESt8functionIFvvEE
                0x08001084       0x1e CMakeFiles/robomas_shisaku_f767zi_1.dir/User/cpp_main.cpp.obj
                0x08001084                UserLib::HardTimer::set_callback(std::function<void ()>)
 .text._ZN7UserLib9HardTimer15handle_callbackEv
                0x080010a2       0x2a CMakeFiles/robomas_shisaku_f767zi_1.dir/User/cpp_main.cpp.obj
                0x080010a2                UserLib::HardTimer::handle_callback()
 .text._ZN7UserLib10PidControlC2Ejfffff
                0x080010cc       0x50 CMakeFiles/robomas_shisaku_f767zi_1.dir/User/cpp_main.cpp.obj
                0x080010cc                UserLib::PidControl::PidControl(unsigned int, float, float, float, float, float)
                0x080010cc                UserLib::PidControl::PidControl(unsigned int, float, float, float, float, float)
 .text._ZN7UserLib10PidControl16culculate_outputEf
                0x0800111c       0xf2 CMakeFiles/robomas_shisaku_f767zi_1.dir/User/cpp_main.cpp.obj
                0x0800111c                UserLib::PidControl::culculate_output(float)
 .text._ZN7UserLib12SoftwareFifoIhLj8EEC2Ev
                0x0800120e       0x40 CMakeFiles/robomas_shisaku_f767zi_1.dir/User/cpp_main.cpp.obj
                0x0800120e                UserLib::SoftwareFifo<unsigned char, 8u>::SoftwareFifo()
                0x0800120e                UserLib::SoftwareFifo<unsigned char, 8u>::SoftwareFifo()
 .text._ZN7UserLib7UsbCommILj8EEC2Ev
                0x0800124e       0x1a CMakeFiles/robomas_shisaku_f767zi_1.dir/User/cpp_main.cpp.obj
                0x0800124e                UserLib::UsbComm<8u>::UsbComm()
                0x0800124e                UserLib::UsbComm<8u>::UsbComm()
 .text._ZN7UserLib12SoftwareFifoIN8UserCode9UsbPacketELj8EEC2Ev
                0x08001268       0x52 CMakeFiles/robomas_shisaku_f767zi_1.dir/User/cpp_main.cpp.obj
                0x08001268                UserLib::SoftwareFifo<UserCode::UsbPacket, 8u>::SoftwareFifo()
                0x08001268                UserLib::SoftwareFifo<UserCode::UsbPacket, 8u>::SoftwareFifo()
 .text._ZN8UserCode11UsbReceiverC2Ev
                0x080012ba       0x28 CMakeFiles/robomas_shisaku_f767zi_1.dir/User/cpp_main.cpp.obj
                0x080012ba                UserCode::UsbReceiver::UsbReceiver()
                0x080012ba                UserCode::UsbReceiver::UsbReceiver()
 .text.wrap_cpp_main_init
                0x080012e2        0xc CMakeFiles/robomas_shisaku_f767zi_1.dir/User/cpp_main.cpp.obj
                0x080012e2                wrap_cpp_main_init
 .text.wrap_cpp_main_while
                0x080012ee        0xc CMakeFiles/robomas_shisaku_f767zi_1.dir/User/cpp_main.cpp.obj
                0x080012ee                wrap_cpp_main_while
 *fill*         0x080012fa        0x2 
 .text.HAL_TIM_PeriodElapsedCallback
                0x080012fc       0x34 CMakeFiles/robomas_shisaku_f767zi_1.dir/User/cpp_main.cpp.obj
                0x080012fc                HAL_TIM_PeriodElapsedCallback
 .text.usb_cdc_rx_callback
                0x08001330       0x3c CMakeFiles/robomas_shisaku_f767zi_1.dir/User/cpp_main.cpp.obj
                0x08001330                usb_cdc_rx_callback
 .text.HAL_CAN_RxFifo0MsgPendingCallback
                0x0800136c       0x34 CMakeFiles/robomas_shisaku_f767zi_1.dir/User/cpp_main.cpp.obj
                0x0800136c                HAL_CAN_RxFifo0MsgPendingCallback
 .text.HAL_CAN_TxMailbox0CompleteCallback
                0x080013a0       0x34 CMakeFiles/robomas_shisaku_f767zi_1.dir/User/cpp_main.cpp.obj
                0x080013a0                HAL_CAN_TxMailbox0CompleteCallback
 .text.HAL_CAN_TxMailbox1CompleteCallback
                0x080013d4       0x34 CMakeFiles/robomas_shisaku_f767zi_1.dir/User/cpp_main.cpp.obj
                0x080013d4                HAL_CAN_TxMailbox1CompleteCallback
 .text.HAL_CAN_TxMailbox2CompleteCallback
                0x08001408       0x34 CMakeFiles/robomas_shisaku_f767zi_1.dir/User/cpp_main.cpp.obj
                0x08001408                HAL_CAN_TxMailbox2CompleteCallback
 .text._ZN8UserCode23timer_interruption_1kHzEv
                0x0800143c      0x2b0 CMakeFiles/robomas_shisaku_f767zi_1.dir/User/cpp_main.cpp.obj
                0x0800143c                UserCode::timer_interruption_1kHz()
 .text._ZN8UserCode13cpp_main_initEv
                0x080016ec       0x84 CMakeFiles/robomas_shisaku_f767zi_1.dir/User/cpp_main.cpp.obj
                0x080016ec                UserCode::cpp_main_init()
 .text._ZN8UserCode14cpp_main_whileEv
                0x08001770       0x50 CMakeFiles/robomas_shisaku_f767zi_1.dir/User/cpp_main.cpp.obj
                0x08001770                UserCode::cpp_main_while()
 .text._ZN7UserLib12SoftwareFifoIN8UserCode9UsbPacketELj8EE5inputERKS2_
                0x080017c0       0xb4 CMakeFiles/robomas_shisaku_f767zi_1.dir/User/cpp_main.cpp.obj
                0x080017c0                UserLib::SoftwareFifo<UserCode::UsbPacket, 8u>::input(UserCode::UsbPacket const&)
 .text._ZN7UserLib12SoftwareFifoIN8UserCode9UsbPacketELj8EE14get_busy_levelEv
                0x08001874       0x1e CMakeFiles/robomas_shisaku_f767zi_1.dir/User/cpp_main.cpp.obj
                0x08001874                UserLib::SoftwareFifo<UserCode::UsbPacket, 8u>::get_busy_level()
 .text._ZN7UserLib12SoftwareFifoIN8UserCode9UsbPacketELj8EE6outputERS2_
                0x08001892       0x92 CMakeFiles/robomas_shisaku_f767zi_1.dir/User/cpp_main.cpp.obj
                0x08001892                UserLib::SoftwareFifo<UserCode::UsbPacket, 8u>::output(UserCode::UsbPacket&)
 .text._ZN7UserLib12SoftwareFifoINS_9CanPacketELj8EE14get_busy_levelEv
                0x08001924       0x1e CMakeFiles/robomas_shisaku_f767zi_1.dir/User/cpp_main.cpp.obj
                0x08001924                UserLib::SoftwareFifo<UserLib::CanPacket, 8u>::get_busy_level()
 .text._ZN7UserLib12SoftwareFifoINS_9CanPacketELj8EE5inputERKS1_
                0x08001942       0xa8 CMakeFiles/robomas_shisaku_f767zi_1.dir/User/cpp_main.cpp.obj
                0x08001942                UserLib::SoftwareFifo<UserLib::CanPacket, 8u>::input(UserLib::CanPacket const&)
 .text._ZN7UserLib12SoftwareFifoINS_9CanPacketELj8EE6outputERS1_
                0x080019ea       0x80 CMakeFiles/robomas_shisaku_f767zi_1.dir/User/cpp_main.cpp.obj
                0x080019ea                UserLib::SoftwareFifo<UserLib::CanPacket, 8u>::output(UserLib::CanPacket&)
 .text._ZNSt14_Function_baseC2Ev
                0x08001a6a       0x26 CMakeFiles/robomas_shisaku_f767zi_1.dir/User/cpp_main.cpp.obj
                0x08001a6a                std::_Function_base::_Function_base()
                0x08001a6a                std::_Function_base::_Function_base()
 .text._ZNSt8functionIFvvEEC2Ev
                0x08001a90       0x2c CMakeFiles/robomas_shisaku_f767zi_1.dir/User/cpp_main.cpp.obj
                0x08001a90                std::function<void ()>::function()
                0x08001a90                std::function<void ()>::function()
 .text._ZNSt8functionIFvvEEaSERKS1_
                0x08001abc       0x36 CMakeFiles/robomas_shisaku_f767zi_1.dir/User/cpp_main.cpp.obj
                0x08001abc                std::function<void ()>::operator=(std::function<void ()> const&)
 .text._ZNKSt8functionIFvvEEcvbEv
                0x08001af2       0x20 CMakeFiles/robomas_shisaku_f767zi_1.dir/User/cpp_main.cpp.obj
                0x08001af2                std::function<void ()>::operator bool() const
 .text._ZNKSt8functionIFvvEEclEv
                0x08001b12       0x2c CMakeFiles/robomas_shisaku_f767zi_1.dir/User/cpp_main.cpp.obj
                0x08001b12                std::function<void ()>::operator()() const
 .text._ZN7UserLib7UsbCommILj8EE2txEPht
                0x08001b3e       0x20 CMakeFiles/robomas_shisaku_f767zi_1.dir/User/cpp_main.cpp.obj
                0x08001b3e                UserLib::UsbComm<8u>::tx(unsigned char*, unsigned short)
 .text._ZNSt5arrayIN7UserLib10PidControlELj4EEixEj
                0x08001b5e       0x1e CMakeFiles/robomas_shisaku_f767zi_1.dir/User/cpp_main.cpp.obj
                0x08001b5e                std::array<UserLib::PidControl, 4u>::operator[](unsigned int)
 .text._ZNSt8functionIFvvEEC2IRS0_vEEOT_
                0x08001b7c       0x60 CMakeFiles/robomas_shisaku_f767zi_1.dir/User/cpp_main.cpp.obj
                0x08001b7c                std::function<void ()>::function<void (&)(), void>(void (&)())
                0x08001b7c                std::function<void ()>::function<void (&)(), void>(void (&)())
 .text._ZNSt8functionIFvvEEC2ERKS1_
                0x08001bdc       0x56 CMakeFiles/robomas_shisaku_f767zi_1.dir/User/cpp_main.cpp.obj
                0x08001bdc                std::function<void ()>::function(std::function<void ()> const&)
                0x08001bdc                std::function<void ()>::function(std::function<void ()> const&)
 .text._ZNSt8functionIFvvEE4swapERS1_
                0x08001c32       0x42 CMakeFiles/robomas_shisaku_f767zi_1.dir/User/cpp_main.cpp.obj
                0x08001c32                std::function<void ()>::swap(std::function<void ()>&)
 .text._ZNSt14__array_traitsIN7UserLib10PidControlELj4EE6_S_refERA4_KS1_j
                0x08001c74       0x1e CMakeFiles/robomas_shisaku_f767zi_1.dir/User/cpp_main.cpp.obj
                0x08001c74                std::__array_traits<UserLib::PidControl, 4u>::_S_ref(UserLib::PidControl const (&) [4], unsigned int)
 .text._ZNSt14_Function_base13_Base_managerIPFvvEE21_M_not_empty_functionIS1_EEbPT_
                0x08001c92       0x20 CMakeFiles/robomas_shisaku_f767zi_1.dir/User/cpp_main.cpp.obj
                0x08001c92                bool std::_Function_base::_Base_manager<void (*)()>::_M_not_empty_function<void ()>(void (*)())
 .text._ZSt7forwardIRFvvEEOT_RNSt16remove_referenceIS2_E4typeE
                0x08001cb2       0x16 CMakeFiles/robomas_shisaku_f767zi_1.dir/User/cpp_main.cpp.obj
                0x08001cb2                void (&std::forward<void (&)()>(std::remove_reference<void (&)()>::type&))()
 .text._ZNSt14_Function_base13_Base_managerIPFvvEE15_M_init_functorIRS1_EEvRSt9_Any_dataOT_
                0x08001cc8       0x24 CMakeFiles/robomas_shisaku_f767zi_1.dir/User/cpp_main.cpp.obj
                0x08001cc8                void std::_Function_base::_Base_manager<void (*)()>::_M_init_functor<void (&)()>(std::_Any_data&, void (&)())
 .text._ZNSt17_Function_handlerIFvvEPS0_E9_M_invokeERKSt9_Any_data
                0x08001cec       0x1e CMakeFiles/robomas_shisaku_f767zi_1.dir/User/cpp_main.cpp.obj
                0x08001cec                std::_Function_handler<void (), void (*)()>::_M_invoke(std::_Any_data const&)
 .text._ZNSt17_Function_handlerIFvvEPS0_E10_M_managerERSt9_Any_dataRKS3_St18_Manager_operation
                0x08001d0a       0x3e CMakeFiles/robomas_shisaku_f767zi_1.dir/User/cpp_main.cpp.obj
                0x08001d0a                std::_Function_handler<void (), void (*)()>::_M_manager(std::_Any_data&, std::_Any_data const&, std::_Manager_operation)
 .text._ZSt4swapISt9_Any_dataENSt9enable_ifIXsrSt6__and_IJSt6__not_ISt15__is_tuple_likeIT_EESt21is_move_constructibleIS5_ESt18is_move_assignableIS5_EEE5valueEvE4typeERS5_SF_
                0x08001d48       0x4e CMakeFiles/robomas_shisaku_f767zi_1.dir/User/cpp_main.cpp.obj
                0x08001d48                std::enable_if<std::__and_<std::__not_<std::__is_tuple_like<std::_Any_data> >, std::is_move_constructible<std::_Any_data>, std::is_move_assignable<std::_Any_data> >::value, void>::type std::swap<std::_Any_data>(std::_Any_data&, std::_Any_data&)
 .text._ZSt4swapIPFbRSt9_Any_dataRKS0_St18_Manager_operationEENSt9enable_ifIXsrSt6__and_IJSt6__not_ISt15__is_tuple_likeIT_EESt21is_move_constructibleISB_ESt18is_move_assignableISB_EEE5valueEvE4typeERSB_SL_
                0x08001d96       0x3e CMakeFiles/robomas_shisaku_f767zi_1.dir/User/cpp_main.cpp.obj
                0x08001d96                std::enable_if<std::__and_<std::__not_<std::__is_tuple_like<bool (*)(std::_Any_data&, std::_Any_data const&, std::_Manager_operation)> >, std::is_move_constructible<bool (*)(std::_Any_data&, std::_Any_data const&, std::_Manager_operation)>, std::is_move_assignable<bool (*)(std::_Any_data&, std::_Any_data const&, std::_Manager_operation)> >::value, void>::type std::swap<bool (*)(std::_Any_data&, std::_Any_data const&, std::_Manager_operation)>(bool (*&)(std::_Any_data&, std::_Any_data const&, std::_Manager_operation), bool (*&)(std::_Any_data&, std::_Any_data const&, std::_Manager_operation))
 .text._ZSt4swapIPFvRKSt9_Any_dataEENSt9enable_ifIXsrSt6__and_IJSt6__not_ISt15__is_tuple_likeIT_EESt21is_move_constructibleIS9_ESt18is_move_assignableIS9_EEE5valueEvE4typeERS9_SJ_
                0x08001dd4       0x3e CMakeFiles/robomas_shisaku_f767zi_1.dir/User/cpp_main.cpp.obj
                0x08001dd4                std::enable_if<std::__and_<std::__not_<std::__is_tuple_like<void (*)(std::_Any_data const&)> >, std::is_move_constructible<void (*)(std::_Any_data const&)>, std::is_move_assignable<void (*)(std::_Any_data const&)> >::value, void>::type std::swap<void (*)(std::_Any_data const&)>(void (*&)(std::_Any_data const&), void (*&)(std::_Any_data const&))
 .text._ZNSt14_Function_base13_Base_managerIPFvvEE9_M_createIRS1_EEvRSt9_Any_dataOT_St17integral_constantIbLb1EE
                0x08001e12       0x30 CMakeFiles/robomas_shisaku_f767zi_1.dir/User/cpp_main.cpp.obj
                0x08001e12                void std::_Function_base::_Base_manager<void (*)()>::_M_create<void (&)()>(std::_Any_data&, void (&)(), std::integral_constant<bool, true>)
 .text._ZNSt14_Function_base13_Base_managerIPFvvEE14_M_get_pointerERKSt9_Any_data
                0x08001e42       0x20 CMakeFiles/robomas_shisaku_f767zi_1.dir/User/cpp_main.cpp.obj
                0x08001e42                std::_Function_base::_Base_manager<void (*)()>::_M_get_pointer(std::_Any_data const&)
 .text._ZSt10__invoke_rIvRPFvvEJEENSt9enable_ifIX16is_invocable_r_vIT_T0_DpT1_EES4_E4typeEOS5_DpOS6_
                0x08001e62       0x20 CMakeFiles/robomas_shisaku_f767zi_1.dir/User/cpp_main.cpp.obj
                0x08001e62                std::enable_if<is_invocable_r_v<void, void (*&)()>, void>::type std::__invoke_r<void, void (*&)()>(void (*&)())
 .text._ZNSt9_Any_data9_M_accessIPPFvvEEERT_v
                0x08001e82       0x18 CMakeFiles/robomas_shisaku_f767zi_1.dir/User/cpp_main.cpp.obj
                0x08001e82                void (**&std::_Any_data::_M_access<void (**)()>())()
 *fill*         0x08001e9a        0x2 
 .text._ZNSt14_Function_base13_Base_managerIPFvvEE10_M_managerERSt9_Any_dataRKS4_St18_Manager_operation
                0x08001e9c       0x74 CMakeFiles/robomas_shisaku_f767zi_1.dir/User/cpp_main.cpp.obj
                0x08001e9c                std::_Function_base::_Base_manager<void (*)()>::_M_manager(std::_Any_data&, std::_Any_data const&, std::_Manager_operation)
 .text._ZSt4moveIRSt9_Any_dataEONSt16remove_referenceIT_E4typeEOS3_
                0x08001f10       0x16 CMakeFiles/robomas_shisaku_f767zi_1.dir/User/cpp_main.cpp.obj
                0x08001f10                std::remove_reference<std::_Any_data&>::type&& std::move<std::_Any_data&>(std::_Any_data&)
 .text._ZSt4moveIRPFbRSt9_Any_dataRKS0_St18_Manager_operationEEONSt16remove_referenceIT_E4typeEOS9_
                0x08001f26       0x16 CMakeFiles/robomas_shisaku_f767zi_1.dir/User/cpp_main.cpp.obj
                0x08001f26                std::remove_reference<bool (*&)(std::_Any_data&, std::_Any_data const&, std::_Manager_operation)>::type&& std::move<bool (*&)(std::_Any_data&, std::_Any_data const&, std::_Manager_operation)>(bool (*&)(std::_Any_data&, std::_Any_data const&, std::_Manager_operation))
 .text._ZSt4moveIRPFvRKSt9_Any_dataEEONSt16remove_referenceIT_E4typeEOS7_
                0x08001f3c       0x16 CMakeFiles/robomas_shisaku_f767zi_1.dir/User/cpp_main.cpp.obj
                0x08001f3c                std::remove_reference<void (*&)(std::_Any_data const&)>::type&& std::move<void (*&)(std::_Any_data const&)>(void (*&)(std::_Any_data const&))
 .text._ZNKSt9_Any_data9_M_accessIPFvvEEERKT_v
                0x08001f52       0x18 CMakeFiles/robomas_shisaku_f767zi_1.dir/User/cpp_main.cpp.obj
                0x08001f52                void (* const&std::_Any_data::_M_access<void (*)()>() const)()
 .text._ZSt11__addressofIKPFvvEEPT_RS3_
                0x08001f6a       0x16 CMakeFiles/robomas_shisaku_f767zi_1.dir/User/cpp_main.cpp.obj
                0x08001f6a                void (* const*std::__addressof<void (* const)()>(void (* const&)()))()
 .text._ZSt7forwardIRPFvvEEOT_RNSt16remove_referenceIS3_E4typeE
                0x08001f80       0x16 CMakeFiles/robomas_shisaku_f767zi_1.dir/User/cpp_main.cpp.obj
                0x08001f80                void (*&std::forward<void (*&)()>(std::remove_reference<void (*&)()>::type&))()
 .text._ZSt13__invoke_implIvRPFvvEJEET_St14__invoke_otherOT0_DpOT1_
                0x08001f96       0x1e CMakeFiles/robomas_shisaku_f767zi_1.dir/User/cpp_main.cpp.obj
                0x08001f96                void std::__invoke_impl<void, void (*&)()>(std::__invoke_other, void (*&)())
 .text._ZNSt9_Any_data9_M_accessIPKSt9type_infoEERT_v
                0x08001fb4       0x18 CMakeFiles/robomas_shisaku_f767zi_1.dir/User/cpp_main.cpp.obj
                0x08001fb4                std::type_info const*& std::_Any_data::_M_access<std::type_info const*>()
 .text._ZNSt14_Function_base13_Base_managerIPFvvEE15_M_init_functorIRKS2_EEvRSt9_Any_dataOT_
                0x08001fcc       0x24 CMakeFiles/robomas_shisaku_f767zi_1.dir/User/cpp_main.cpp.obj
                0x08001fcc                void std::_Function_base::_Base_manager<void (*)()>::_M_init_functor<void (* const&)()>(std::_Any_data&, void (* const&)())
 .text._ZNSt14_Function_base13_Base_managerIPFvvEE10_M_destroyERSt9_Any_dataSt17integral_constantIbLb1EE
                0x08001ff0       0x18 CMakeFiles/robomas_shisaku_f767zi_1.dir/User/cpp_main.cpp.obj
                0x08001ff0                std::_Function_base::_Base_manager<void (*)()>::_M_destroy(std::_Any_data&, std::integral_constant<bool, true>)
 .text._ZSt7forwardIRKPFvvEEOT_RNSt16remove_referenceIS4_E4typeE
                0x08002008       0x16 CMakeFiles/robomas_shisaku_f767zi_1.dir/User/cpp_main.cpp.obj
                0x08002008                void (* const&std::forward<void (* const&)()>(std::remove_reference<void (* const&)()>::type&))()
 .text._ZNSt14_Function_base13_Base_managerIPFvvEE9_M_createIRKS2_EEvRSt9_Any_dataOT_St17integral_constantIbLb1EE
                0x0800201e       0x32 CMakeFiles/robomas_shisaku_f767zi_1.dir/User/cpp_main.cpp.obj
                0x0800201e                void std::_Function_base::_Base_manager<void (*)()>::_M_create<void (* const&)()>(std::_Any_data&, void (* const&)(), std::integral_constant<bool, true>)
 .text._ZNSt9_Any_data9_M_accessIPFvvEEERT_v
                0x08002050       0x18 CMakeFiles/robomas_shisaku_f767zi_1.dir/User/cpp_main.cpp.obj
                0x08002050                void (*&std::_Any_data::_M_access<void (*)()>())()
 .text._ZN7UserLib9HardTimerD2Ev
                0x08002068       0x1c CMakeFiles/robomas_shisaku_f767zi_1.dir/User/cpp_main.cpp.obj
                0x08002068                UserLib::HardTimer::~HardTimer()
                0x08002068                UserLib::HardTimer::~HardTimer()
 .text._Z41__static_initialization_and_destruction_0ii
                0x08002084      0x128 CMakeFiles/robomas_shisaku_f767zi_1.dir/User/cpp_main.cpp.obj
 .text._GLOBAL__sub_I__ZN7UserLib10LedControl12Change_StateENS_8LEDStateE
                0x080021ac       0x10 CMakeFiles/robomas_shisaku_f767zi_1.dir/User/cpp_main.cpp.obj
 .text.main     0x080021bc       0x2e CMakeFiles/robomas_shisaku_f767zi_1.dir/Core/Src/main.c.obj
                0x080021bc                main
 *fill*         0x080021ea        0x2 
 .text.SystemClock_Config
                0x080021ec       0xdc CMakeFiles/robomas_shisaku_f767zi_1.dir/Core/Src/main.c.obj
                0x080021ec                SystemClock_Config
 .text.MPU_Config
                0x080022c8       0x58 CMakeFiles/robomas_shisaku_f767zi_1.dir/Core/Src/main.c.obj
 .text.Error_Handler
                0x08002320        0xc CMakeFiles/robomas_shisaku_f767zi_1.dir/Core/Src/main.c.obj
                0x08002320                Error_Handler
 .text.MX_GPIO_Init
                0x0800232c       0xb0 CMakeFiles/robomas_shisaku_f767zi_1.dir/Core/Src/gpio.c.obj
                0x0800232c                MX_GPIO_Init
 .text.MX_CAN1_Init
                0x080023dc       0x6c CMakeFiles/robomas_shisaku_f767zi_1.dir/Core/Src/can.c.obj
                0x080023dc                MX_CAN1_Init
 .text.HAL_CAN_MspInit
                0x08002448       0xa8 CMakeFiles/robomas_shisaku_f767zi_1.dir/Core/Src/can.c.obj
                0x08002448                HAL_CAN_MspInit
 .text.MX_TIM7_Init
                0x080024f0       0x6c CMakeFiles/robomas_shisaku_f767zi_1.dir/Core/Src/tim.c.obj
                0x080024f0                MX_TIM7_Init
 .text.HAL_TIM_Base_MspInit
                0x0800255c       0x4c CMakeFiles/robomas_shisaku_f767zi_1.dir/Core/Src/tim.c.obj
                0x0800255c                HAL_TIM_Base_MspInit
 .text.MX_USART3_UART_Init
                0x080025a8       0x60 CMakeFiles/robomas_shisaku_f767zi_1.dir/Core/Src/usart.c.obj
                0x080025a8                MX_USART3_UART_Init
 .text.HAL_UART_MspInit
                0x08002608       0xc0 CMakeFiles/robomas_shisaku_f767zi_1.dir/Core/Src/usart.c.obj
                0x08002608                HAL_UART_MspInit
 .text.NMI_Handler
                0x080026c8        0x8 CMakeFiles/robomas_shisaku_f767zi_1.dir/Core/Src/stm32f7xx_it.c.obj
                0x080026c8                NMI_Handler
 .text.HardFault_Handler
                0x080026d0        0x8 CMakeFiles/robomas_shisaku_f767zi_1.dir/Core/Src/stm32f7xx_it.c.obj
                0x080026d0                HardFault_Handler
 .text.MemManage_Handler
                0x080026d8        0x8 CMakeFiles/robomas_shisaku_f767zi_1.dir/Core/Src/stm32f7xx_it.c.obj
                0x080026d8                MemManage_Handler
 .text.BusFault_Handler
                0x080026e0        0x8 CMakeFiles/robomas_shisaku_f767zi_1.dir/Core/Src/stm32f7xx_it.c.obj
                0x080026e0                BusFault_Handler
 .text.UsageFault_Handler
                0x080026e8        0x8 CMakeFiles/robomas_shisaku_f767zi_1.dir/Core/Src/stm32f7xx_it.c.obj
                0x080026e8                UsageFault_Handler
 .text.SVC_Handler
                0x080026f0        0xe CMakeFiles/robomas_shisaku_f767zi_1.dir/Core/Src/stm32f7xx_it.c.obj
                0x080026f0                SVC_Handler
 .text.DebugMon_Handler
                0x080026fe        0xe CMakeFiles/robomas_shisaku_f767zi_1.dir/Core/Src/stm32f7xx_it.c.obj
                0x080026fe                DebugMon_Handler
 .text.PendSV_Handler
                0x0800270c        0xe CMakeFiles/robomas_shisaku_f767zi_1.dir/Core/Src/stm32f7xx_it.c.obj
                0x0800270c                PendSV_Handler
 .text.SysTick_Handler
                0x0800271a        0xc CMakeFiles/robomas_shisaku_f767zi_1.dir/Core/Src/stm32f7xx_it.c.obj
                0x0800271a                SysTick_Handler
 *fill*         0x08002726        0x2 
 .text.CAN1_TX_IRQHandler
                0x08002728       0x14 CMakeFiles/robomas_shisaku_f767zi_1.dir/Core/Src/stm32f7xx_it.c.obj
                0x08002728                CAN1_TX_IRQHandler
 .text.CAN1_RX0_IRQHandler
                0x0800273c       0x14 CMakeFiles/robomas_shisaku_f767zi_1.dir/Core/Src/stm32f7xx_it.c.obj
                0x0800273c                CAN1_RX0_IRQHandler
 .text.TIM7_IRQHandler
                0x08002750       0x14 CMakeFiles/robomas_shisaku_f767zi_1.dir/Core/Src/stm32f7xx_it.c.obj
                0x08002750                TIM7_IRQHandler
 .text.OTG_FS_IRQHandler
                0x08002764       0x14 CMakeFiles/robomas_shisaku_f767zi_1.dir/Core/Src/stm32f7xx_it.c.obj
                0x08002764                OTG_FS_IRQHandler
 .text.HAL_MspInit
                0x08002778       0x48 CMakeFiles/robomas_shisaku_f767zi_1.dir/Core/Src/stm32f7xx_hal_msp.c.obj
                0x08002778                HAL_MspInit
 .text.MX_USB_DEVICE_Init
                0x080027c0       0x60 CMakeFiles/robomas_shisaku_f767zi_1.dir/USB_DEVICE/App/usb_device.c.obj
                0x080027c0                MX_USB_DEVICE_Init
 .text.USBD_FS_DeviceDescriptor
                0x08002820       0x24 CMakeFiles/robomas_shisaku_f767zi_1.dir/USB_DEVICE/App/usbd_desc.c.obj
                0x08002820                USBD_FS_DeviceDescriptor
 .text.USBD_FS_LangIDStrDescriptor
                0x08002844       0x24 CMakeFiles/robomas_shisaku_f767zi_1.dir/USB_DEVICE/App/usbd_desc.c.obj
                0x08002844                USBD_FS_LangIDStrDescriptor
 .text.USBD_FS_ProductStrDescriptor
                0x08002868       0x3c CMakeFiles/robomas_shisaku_f767zi_1.dir/USB_DEVICE/App/usbd_desc.c.obj
                0x08002868                USBD_FS_ProductStrDescriptor
 .text.USBD_FS_ManufacturerStrDescriptor
                0x080028a4       0x28 CMakeFiles/robomas_shisaku_f767zi_1.dir/USB_DEVICE/App/usbd_desc.c.obj
                0x080028a4                USBD_FS_ManufacturerStrDescriptor
 .text.USBD_FS_SerialStrDescriptor
                0x080028cc       0x24 CMakeFiles/robomas_shisaku_f767zi_1.dir/USB_DEVICE/App/usbd_desc.c.obj
                0x080028cc                USBD_FS_SerialStrDescriptor
 .text.USBD_FS_ConfigStrDescriptor
                0x080028f0       0x3c CMakeFiles/robomas_shisaku_f767zi_1.dir/USB_DEVICE/App/usbd_desc.c.obj
                0x080028f0                USBD_FS_ConfigStrDescriptor
 .text.USBD_FS_InterfaceStrDescriptor
                0x0800292c       0x3c CMakeFiles/robomas_shisaku_f767zi_1.dir/USB_DEVICE/App/usbd_desc.c.obj
                0x0800292c                USBD_FS_InterfaceStrDescriptor
 .text.USBD_FS_USR_BOSDescriptor
                0x08002968       0x24 CMakeFiles/robomas_shisaku_f767zi_1.dir/USB_DEVICE/App/usbd_desc.c.obj
                0x08002968                USBD_FS_USR_BOSDescriptor
 .text.Get_SerialNum
                0x0800298c       0x58 CMakeFiles/robomas_shisaku_f767zi_1.dir/USB_DEVICE/App/usbd_desc.c.obj
 .text.IntToUnicode
                0x080029e4       0x7e CMakeFiles/robomas_shisaku_f767zi_1.dir/USB_DEVICE/App/usbd_desc.c.obj
 *fill*         0x08002a62        0x2 
 .text.CDC_Init_FS
                0x08002a64       0x28 CMakeFiles/robomas_shisaku_f767zi_1.dir/USB_DEVICE/App/usbd_cdc_if.c.obj
 .text.CDC_DeInit_FS
                0x08002a8c       0x10 CMakeFiles/robomas_shisaku_f767zi_1.dir/USB_DEVICE/App/usbd_cdc_if.c.obj
 .text.CDC_Control_FS
                0x08002a9c       0xbc CMakeFiles/robomas_shisaku_f767zi_1.dir/USB_DEVICE/App/usbd_cdc_if.c.obj
 .text.CDC_Receive_FS
                0x08002b58       0x34 CMakeFiles/robomas_shisaku_f767zi_1.dir/USB_DEVICE/App/usbd_cdc_if.c.obj
 .text.CDC_Transmit_FS
                0x08002b8c       0x4c CMakeFiles/robomas_shisaku_f767zi_1.dir/USB_DEVICE/App/usbd_cdc_if.c.obj
                0x08002b8c                CDC_Transmit_FS
 .text.CDC_TransmitCplt_FS
                0x08002bd8       0x22 CMakeFiles/robomas_shisaku_f767zi_1.dir/USB_DEVICE/App/usbd_cdc_if.c.obj
 *fill*         0x08002bfa        0x2 
 .text.HAL_PCD_MspInit
                0x08002bfc      0x100 CMakeFiles/robomas_shisaku_f767zi_1.dir/USB_DEVICE/Target/usbd_conf.c.obj
                0x08002bfc                HAL_PCD_MspInit
 .text.HAL_PCD_SetupStageCallback
                0x08002cfc       0x24 CMakeFiles/robomas_shisaku_f767zi_1.dir/USB_DEVICE/Target/usbd_conf.c.obj
                0x08002cfc                HAL_PCD_SetupStageCallback
 .text.HAL_PCD_DataOutStageCallback
                0x08002d20       0x36 CMakeFiles/robomas_shisaku_f767zi_1.dir/USB_DEVICE/Target/usbd_conf.c.obj
                0x08002d20                HAL_PCD_DataOutStageCallback
 .text.HAL_PCD_DataInStageCallback
                0x08002d56       0x34 CMakeFiles/robomas_shisaku_f767zi_1.dir/USB_DEVICE/Target/usbd_conf.c.obj
                0x08002d56                HAL_PCD_DataInStageCallback
 .text.HAL_PCD_SOFCallback
                0x08002d8a       0x1c CMakeFiles/robomas_shisaku_f767zi_1.dir/USB_DEVICE/Target/usbd_conf.c.obj
                0x08002d8a                HAL_PCD_SOFCallback
 .text.HAL_PCD_ResetCallback
                0x08002da6       0x50 CMakeFiles/robomas_shisaku_f767zi_1.dir/USB_DEVICE/Target/usbd_conf.c.obj
                0x08002da6                HAL_PCD_ResetCallback
 *fill*         0x08002df6        0x2 
 .text.HAL_PCD_SuspendCallback
                0x08002df8       0x4c CMakeFiles/robomas_shisaku_f767zi_1.dir/USB_DEVICE/Target/usbd_conf.c.obj
                0x08002df8                HAL_PCD_SuspendCallback
 .text.HAL_PCD_ResumeCallback
                0x08002e44       0x1c CMakeFiles/robomas_shisaku_f767zi_1.dir/USB_DEVICE/Target/usbd_conf.c.obj
                0x08002e44                HAL_PCD_ResumeCallback
 .text.HAL_PCD_ISOOUTIncompleteCallback
                0x08002e60       0x24 CMakeFiles/robomas_shisaku_f767zi_1.dir/USB_DEVICE/Target/usbd_conf.c.obj
                0x08002e60                HAL_PCD_ISOOUTIncompleteCallback
 .text.HAL_PCD_ISOINIncompleteCallback
                0x08002e84       0x24 CMakeFiles/robomas_shisaku_f767zi_1.dir/USB_DEVICE/Target/usbd_conf.c.obj
                0x08002e84                HAL_PCD_ISOINIncompleteCallback
 .text.HAL_PCD_ConnectCallback
                0x08002ea8       0x1c CMakeFiles/robomas_shisaku_f767zi_1.dir/USB_DEVICE/Target/usbd_conf.c.obj
                0x08002ea8                HAL_PCD_ConnectCallback
 .text.HAL_PCD_DisconnectCallback
                0x08002ec4       0x1c CMakeFiles/robomas_shisaku_f767zi_1.dir/USB_DEVICE/Target/usbd_conf.c.obj
                0x08002ec4                HAL_PCD_DisconnectCallback
 .text.USBD_LL_Init
                0x08002ee0       0x98 CMakeFiles/robomas_shisaku_f767zi_1.dir/USB_DEVICE/Target/usbd_conf.c.obj
                0x08002ee0                USBD_LL_Init
 .text.USBD_LL_Start
                0x08002f78       0x36 CMakeFiles/robomas_shisaku_f767zi_1.dir/USB_DEVICE/Target/usbd_conf.c.obj
                0x08002f78                USBD_LL_Start
 .text.USBD_LL_OpenEP
                0x08002fae       0x4c CMakeFiles/robomas_shisaku_f767zi_1.dir/USB_DEVICE/Target/usbd_conf.c.obj
                0x08002fae                USBD_LL_OpenEP
 .text.USBD_LL_CloseEP
                0x08002ffa       0x3e CMakeFiles/robomas_shisaku_f767zi_1.dir/USB_DEVICE/Target/usbd_conf.c.obj
                0x08002ffa                USBD_LL_CloseEP
 .text.USBD_LL_StallEP
                0x08003038       0x3e CMakeFiles/robomas_shisaku_f767zi_1.dir/USB_DEVICE/Target/usbd_conf.c.obj
                0x08003038                USBD_LL_StallEP
 .text.USBD_LL_ClearStallEP
                0x08003076       0x3e CMakeFiles/robomas_shisaku_f767zi_1.dir/USB_DEVICE/Target/usbd_conf.c.obj
                0x08003076                USBD_LL_ClearStallEP
 .text.USBD_LL_IsStallEP
                0x080030b4       0x58 CMakeFiles/robomas_shisaku_f767zi_1.dir/USB_DEVICE/Target/usbd_conf.c.obj
                0x080030b4                USBD_LL_IsStallEP
 .text.USBD_LL_SetUSBAddress
                0x0800310c       0x3e CMakeFiles/robomas_shisaku_f767zi_1.dir/USB_DEVICE/Target/usbd_conf.c.obj
                0x0800310c                USBD_LL_SetUSBAddress
 .text.USBD_LL_Transmit
                0x0800314a       0x42 CMakeFiles/robomas_shisaku_f767zi_1.dir/USB_DEVICE/Target/usbd_conf.c.obj
                0x0800314a                USBD_LL_Transmit
 .text.USBD_LL_PrepareReceive
                0x0800318c       0x42 CMakeFiles/robomas_shisaku_f767zi_1.dir/USB_DEVICE/Target/usbd_conf.c.obj
                0x0800318c                USBD_LL_PrepareReceive
 .text.USBD_LL_GetRxDataSize
                0x080031ce       0x26 CMakeFiles/robomas_shisaku_f767zi_1.dir/USB_DEVICE/Target/usbd_conf.c.obj
                0x080031ce                USBD_LL_GetRxDataSize
 .text.HAL_PCDEx_LPM_Callback
                0x080031f4       0x9c CMakeFiles/robomas_shisaku_f767zi_1.dir/USB_DEVICE/Target/usbd_conf.c.obj
                0x080031f4                HAL_PCDEx_LPM_Callback
 .text.SystemClockConfig_Resume
                0x08003290        0xc CMakeFiles/robomas_shisaku_f767zi_1.dir/USB_DEVICE/Target/usbd_conf.c.obj
 .text.USBD_Get_USB_Status
                0x0800329c       0x58 CMakeFiles/robomas_shisaku_f767zi_1.dir/USB_DEVICE/Target/usbd_conf.c.obj
                0x0800329c                USBD_Get_USB_Status
 .text.HAL_PCD_Init
                0x080032f4      0x22c CMakeFiles/robomas_shisaku_f767zi_1.dir/Drivers/STM32F7xx_HAL_Driver/Src/stm32f7xx_hal_pcd.c.obj
                0x080032f4                HAL_PCD_Init
 .text.HAL_PCD_Start
                0x08003520       0x44 CMakeFiles/robomas_shisaku_f767zi_1.dir/Drivers/STM32F7xx_HAL_Driver/Src/stm32f7xx_hal_pcd.c.obj
                0x08003520                HAL_PCD_Start
 .text.HAL_PCD_IRQHandler
                0x08003564      0x99c CMakeFiles/robomas_shisaku_f767zi_1.dir/Drivers/STM32F7xx_HAL_Driver/Src/stm32f7xx_hal_pcd.c.obj
                0x08003564                HAL_PCD_IRQHandler
 .text.HAL_PCD_SetAddress
                0x08003f00       0x48 CMakeFiles/robomas_shisaku_f767zi_1.dir/Drivers/STM32F7xx_HAL_Driver/Src/stm32f7xx_hal_pcd.c.obj
                0x08003f00                HAL_PCD_SetAddress
 .text.HAL_PCD_EP_Open
                0x08003f48       0xd0 CMakeFiles/robomas_shisaku_f767zi_1.dir/Drivers/STM32F7xx_HAL_Driver/Src/stm32f7xx_hal_pcd.c.obj
                0x08003f48                HAL_PCD_EP_Open
 .text.HAL_PCD_EP_Close
                0x08004018       0x94 CMakeFiles/robomas_shisaku_f767zi_1.dir/Drivers/STM32F7xx_HAL_Driver/Src/stm32f7xx_hal_pcd.c.obj
                0x08004018                HAL_PCD_EP_Close
 .text.HAL_PCD_EP_Receive
                0x080040ac       0x76 CMakeFiles/robomas_shisaku_f767zi_1.dir/Drivers/STM32F7xx_HAL_Driver/Src/stm32f7xx_hal_pcd.c.obj
                0x080040ac                HAL_PCD_EP_Receive
 .text.HAL_PCD_EP_GetRxCount
                0x08004122       0x30 CMakeFiles/robomas_shisaku_f767zi_1.dir/Drivers/STM32F7xx_HAL_Driver/Src/stm32f7xx_hal_pcd.c.obj
                0x08004122                HAL_PCD_EP_GetRxCount
 .text.HAL_PCD_EP_Transmit
                0x08004152       0x74 CMakeFiles/robomas_shisaku_f767zi_1.dir/Drivers/STM32F7xx_HAL_Driver/Src/stm32f7xx_hal_pcd.c.obj
                0x08004152                HAL_PCD_EP_Transmit
 .text.HAL_PCD_EP_SetStall
                0x080041c6       0xc6 CMakeFiles/robomas_shisaku_f767zi_1.dir/Drivers/STM32F7xx_HAL_Driver/Src/stm32f7xx_hal_pcd.c.obj
                0x080041c6                HAL_PCD_EP_SetStall
 .text.HAL_PCD_EP_ClrStall
                0x0800428c       0xac CMakeFiles/robomas_shisaku_f767zi_1.dir/Drivers/STM32F7xx_HAL_Driver/Src/stm32f7xx_hal_pcd.c.obj
                0x0800428c                HAL_PCD_EP_ClrStall
 .text.HAL_PCD_EP_Abort
                0x08004338       0x62 CMakeFiles/robomas_shisaku_f767zi_1.dir/Drivers/STM32F7xx_HAL_Driver/Src/stm32f7xx_hal_pcd.c.obj
                0x08004338                HAL_PCD_EP_Abort
 .text.PCD_WriteEmptyTxFifo
                0x0800439a      0x118 CMakeFiles/robomas_shisaku_f767zi_1.dir/Drivers/STM32F7xx_HAL_Driver/Src/stm32f7xx_hal_pcd.c.obj
 *fill*         0x080044b2        0x2 
 .text.PCD_EP_OutXfrComplete_int
                0x080044b4      0x1d0 CMakeFiles/robomas_shisaku_f767zi_1.dir/Drivers/STM32F7xx_HAL_Driver/Src/stm32f7xx_hal_pcd.c.obj
 .text.PCD_EP_OutSetupPacket_int
                0x08004684       0x8c CMakeFiles/robomas_shisaku_f767zi_1.dir/Drivers/STM32F7xx_HAL_Driver/Src/stm32f7xx_hal_pcd.c.obj
 .text.HAL_PCDEx_SetTxFiFo
                0x08004710       0x8e CMakeFiles/robomas_shisaku_f767zi_1.dir/Drivers/STM32F7xx_HAL_Driver/Src/stm32f7xx_hal_pcd_ex.c.obj
                0x08004710                HAL_PCDEx_SetTxFiFo
 .text.HAL_PCDEx_SetRxFiFo
                0x0800479e       0x22 CMakeFiles/robomas_shisaku_f767zi_1.dir/Drivers/STM32F7xx_HAL_Driver/Src/stm32f7xx_hal_pcd_ex.c.obj
                0x0800479e                HAL_PCDEx_SetRxFiFo
 .text.HAL_PCDEx_ActivateLPM
                0x080047c0       0x48 CMakeFiles/robomas_shisaku_f767zi_1.dir/Drivers/STM32F7xx_HAL_Driver/Src/stm32f7xx_hal_pcd_ex.c.obj
                0x080047c0                HAL_PCDEx_ActivateLPM
 .text.USB_CoreInit
                0x08004808       0xb4 CMakeFiles/robomas_shisaku_f767zi_1.dir/Drivers/STM32F7xx_HAL_Driver/Src/stm32f7xx_ll_usb.c.obj
                0x08004808                USB_CoreInit
 .text.USB_SetTurnaroundTime
                0x080048bc      0x144 CMakeFiles/robomas_shisaku_f767zi_1.dir/Drivers/STM32F7xx_HAL_Driver/Src/stm32f7xx_ll_usb.c.obj
                0x080048bc                USB_SetTurnaroundTime
 .text.USB_EnableGlobalInt
                0x08004a00       0x22 CMakeFiles/robomas_shisaku_f767zi_1.dir/Drivers/STM32F7xx_HAL_Driver/Src/stm32f7xx_ll_usb.c.obj
                0x08004a00                USB_EnableGlobalInt
 .text.USB_DisableGlobalInt
                0x08004a22       0x22 CMakeFiles/robomas_shisaku_f767zi_1.dir/Drivers/STM32F7xx_HAL_Driver/Src/stm32f7xx_ll_usb.c.obj
                0x08004a22                USB_DisableGlobalInt
 .text.USB_SetCurrentMode
                0x08004a44       0x98 CMakeFiles/robomas_shisaku_f767zi_1.dir/Drivers/STM32F7xx_HAL_Driver/Src/stm32f7xx_ll_usb.c.obj
                0x08004a44                USB_SetCurrentMode
 .text.USB_DevInit
                0x08004adc      0x2bc CMakeFiles/robomas_shisaku_f767zi_1.dir/Drivers/STM32F7xx_HAL_Driver/Src/stm32f7xx_ll_usb.c.obj
                0x08004adc                USB_DevInit
 .text.USB_FlushTxFifo
                0x08004d98       0x64 CMakeFiles/robomas_shisaku_f767zi_1.dir/Drivers/STM32F7xx_HAL_Driver/Src/stm32f7xx_ll_usb.c.obj
                0x08004d98                USB_FlushTxFifo
 .text.USB_FlushRxFifo
                0x08004dfc       0x5c CMakeFiles/robomas_shisaku_f767zi_1.dir/Drivers/STM32F7xx_HAL_Driver/Src/stm32f7xx_ll_usb.c.obj
                0x08004dfc                USB_FlushRxFifo
 .text.USB_SetDevSpeed
                0x08004e58       0x32 CMakeFiles/robomas_shisaku_f767zi_1.dir/Drivers/STM32F7xx_HAL_Driver/Src/stm32f7xx_ll_usb.c.obj
                0x08004e58                USB_SetDevSpeed
 .text.USB_GetDevSpeed
                0x08004e8a       0x4a CMakeFiles/robomas_shisaku_f767zi_1.dir/Drivers/STM32F7xx_HAL_Driver/Src/stm32f7xx_ll_usb.c.obj
                0x08004e8a                USB_GetDevSpeed
 .text.USB_ActivateEndpoint
                0x08004ed4      0x110 CMakeFiles/robomas_shisaku_f767zi_1.dir/Drivers/STM32F7xx_HAL_Driver/Src/stm32f7xx_ll_usb.c.obj
                0x08004ed4                USB_ActivateEndpoint
 .text.USB_DeactivateEndpoint
                0x08004fe4      0x1b8 CMakeFiles/robomas_shisaku_f767zi_1.dir/Drivers/STM32F7xx_HAL_Driver/Src/stm32f7xx_ll_usb.c.obj
                0x08004fe4                USB_DeactivateEndpoint
 .text.USB_EPStartXfer
                0x0800519c      0x540 CMakeFiles/robomas_shisaku_f767zi_1.dir/Drivers/STM32F7xx_HAL_Driver/Src/stm32f7xx_ll_usb.c.obj
                0x0800519c                USB_EPStartXfer
 .text.USB_EPStopXfer
                0x080056dc      0x154 CMakeFiles/robomas_shisaku_f767zi_1.dir/Drivers/STM32F7xx_HAL_Driver/Src/stm32f7xx_ll_usb.c.obj
                0x080056dc                USB_EPStopXfer
 .text.USB_WritePacket
                0x08005830       0x7c CMakeFiles/robomas_shisaku_f767zi_1.dir/Drivers/STM32F7xx_HAL_Driver/Src/stm32f7xx_ll_usb.c.obj
                0x08005830                USB_WritePacket
 .text.USB_ReadPacket
                0x080058ac       0xb0 CMakeFiles/robomas_shisaku_f767zi_1.dir/Drivers/STM32F7xx_HAL_Driver/Src/stm32f7xx_ll_usb.c.obj
                0x080058ac                USB_ReadPacket
 .text.USB_EPSetStall
                0x0800595c       0xdc CMakeFiles/robomas_shisaku_f767zi_1.dir/Drivers/STM32F7xx_HAL_Driver/Src/stm32f7xx_ll_usb.c.obj
                0x0800595c                USB_EPSetStall
 .text.USB_EPClearStall
                0x08005a38       0xcc CMakeFiles/robomas_shisaku_f767zi_1.dir/Drivers/STM32F7xx_HAL_Driver/Src/stm32f7xx_ll_usb.c.obj
                0x08005a38                USB_EPClearStall
 .text.USB_SetDevAddress
                0x08005b04       0x4c CMakeFiles/robomas_shisaku_f767zi_1.dir/Drivers/STM32F7xx_HAL_Driver/Src/stm32f7xx_ll_usb.c.obj
                0x08005b04                USB_SetDevAddress
 .text.USB_DevConnect
                0x08005b50       0x42 CMakeFiles/robomas_shisaku_f767zi_1.dir/Drivers/STM32F7xx_HAL_Driver/Src/stm32f7xx_ll_usb.c.obj
                0x08005b50                USB_DevConnect
 .text.USB_DevDisconnect
                0x08005b92       0x42 CMakeFiles/robomas_shisaku_f767zi_1.dir/Drivers/STM32F7xx_HAL_Driver/Src/stm32f7xx_ll_usb.c.obj
                0x08005b92                USB_DevDisconnect
 .text.USB_ReadInterrupts
                0x08005bd4       0x26 CMakeFiles/robomas_shisaku_f767zi_1.dir/Drivers/STM32F7xx_HAL_Driver/Src/stm32f7xx_ll_usb.c.obj
                0x08005bd4                USB_ReadInterrupts
 .text.USB_ReadDevAllOutEpInterrupt
                0x08005bfa       0x34 CMakeFiles/robomas_shisaku_f767zi_1.dir/Drivers/STM32F7xx_HAL_Driver/Src/stm32f7xx_ll_usb.c.obj
                0x08005bfa                USB_ReadDevAllOutEpInterrupt
 .text.USB_ReadDevAllInEpInterrupt
                0x08005c2e       0x34 CMakeFiles/robomas_shisaku_f767zi_1.dir/Drivers/STM32F7xx_HAL_Driver/Src/stm32f7xx_ll_usb.c.obj
                0x08005c2e                USB_ReadDevAllInEpInterrupt
 .text.USB_ReadDevOutEPInterrupt
                0x08005c62       0x3c CMakeFiles/robomas_shisaku_f767zi_1.dir/Drivers/STM32F7xx_HAL_Driver/Src/stm32f7xx_ll_usb.c.obj
                0x08005c62                USB_ReadDevOutEPInterrupt
 .text.USB_ReadDevInEPInterrupt
                0x08005c9e       0x5c CMakeFiles/robomas_shisaku_f767zi_1.dir/Drivers/STM32F7xx_HAL_Driver/Src/stm32f7xx_ll_usb.c.obj
                0x08005c9e                USB_ReadDevInEPInterrupt
 .text.USB_GetMode
                0x08005cfa       0x1c CMakeFiles/robomas_shisaku_f767zi_1.dir/Drivers/STM32F7xx_HAL_Driver/Src/stm32f7xx_ll_usb.c.obj
                0x08005cfa                USB_GetMode
 *fill*         0x08005d16        0x2 
 .text.USB_ActivateSetup
                0x08005d18       0x48 CMakeFiles/robomas_shisaku_f767zi_1.dir/Drivers/STM32F7xx_HAL_Driver/Src/stm32f7xx_ll_usb.c.obj
                0x08005d18                USB_ActivateSetup
 .text.USB_EP0_OutStart
                0x08005d60       0xbc CMakeFiles/robomas_shisaku_f767zi_1.dir/Drivers/STM32F7xx_HAL_Driver/Src/stm32f7xx_ll_usb.c.obj
                0x08005d60                USB_EP0_OutStart
 .text.USB_CoreReset
                0x08005e1c       0x62 CMakeFiles/robomas_shisaku_f767zi_1.dir/Drivers/STM32F7xx_HAL_Driver/Src/stm32f7xx_ll_usb.c.obj
 *fill*         0x08005e7e        0x2 
 .text.HAL_RCC_OscConfig
                0x08005e80      0x55c CMakeFiles/robomas_shisaku_f767zi_1.dir/Drivers/STM32F7xx_HAL_Driver/Src/stm32f7xx_hal_rcc.c.obj
                0x08005e80                HAL_RCC_OscConfig
 .text.HAL_RCC_ClockConfig
                0x080063dc      0x1d8 CMakeFiles/robomas_shisaku_f767zi_1.dir/Drivers/STM32F7xx_HAL_Driver/Src/stm32f7xx_hal_rcc.c.obj
                0x080063dc                HAL_RCC_ClockConfig
 .text.HAL_RCC_GetSysClockFreq
                0x080065b4      0x20c CMakeFiles/robomas_shisaku_f767zi_1.dir/Drivers/STM32F7xx_HAL_Driver/Src/stm32f7xx_hal_rcc.c.obj
                0x080065b4                HAL_RCC_GetSysClockFreq
 .text.HAL_RCC_GetHCLKFreq
                0x080067c0       0x18 CMakeFiles/robomas_shisaku_f767zi_1.dir/Drivers/STM32F7xx_HAL_Driver/Src/stm32f7xx_hal_rcc.c.obj
                0x080067c0                HAL_RCC_GetHCLKFreq
 .text.HAL_RCC_GetPCLK1Freq
                0x080067d8       0x28 CMakeFiles/robomas_shisaku_f767zi_1.dir/Drivers/STM32F7xx_HAL_Driver/Src/stm32f7xx_hal_rcc.c.obj
                0x080067d8                HAL_RCC_GetPCLK1Freq
 .text.HAL_RCC_GetPCLK2Freq
                0x08006800       0x28 CMakeFiles/robomas_shisaku_f767zi_1.dir/Drivers/STM32F7xx_HAL_Driver/Src/stm32f7xx_hal_rcc.c.obj
                0x08006800                HAL_RCC_GetPCLK2Freq
 .text.HAL_RCCEx_PeriphCLKConfig
                0x08006828      0x850 CMakeFiles/robomas_shisaku_f767zi_1.dir/Drivers/STM32F7xx_HAL_Driver/Src/stm32f7xx_hal_rcc_ex.c.obj
                0x08006828                HAL_RCCEx_PeriphCLKConfig
 .text.HAL_GPIO_Init
                0x08007078      0x358 CMakeFiles/robomas_shisaku_f767zi_1.dir/Drivers/STM32F7xx_HAL_Driver/Src/stm32f7xx_hal_gpio.c.obj
                0x08007078                HAL_GPIO_Init
 .text.HAL_GPIO_WritePin
                0x080073d0       0x32 CMakeFiles/robomas_shisaku_f767zi_1.dir/Drivers/STM32F7xx_HAL_Driver/Src/stm32f7xx_hal_gpio.c.obj
                0x080073d0                HAL_GPIO_WritePin
 *fill*         0x08007402        0x2 
 .text.HAL_PWREx_EnableOverDrive
                0x08007404       0xa0 CMakeFiles/robomas_shisaku_f767zi_1.dir/Drivers/STM32F7xx_HAL_Driver/Src/stm32f7xx_hal_pwr_ex.c.obj
                0x08007404                HAL_PWREx_EnableOverDrive
 .text.__NVIC_SetPriorityGrouping
                0x080074a4       0x48 CMakeFiles/robomas_shisaku_f767zi_1.dir/Drivers/STM32F7xx_HAL_Driver/Src/stm32f7xx_hal_cortex.c.obj
 .text.__NVIC_GetPriorityGrouping
                0x080074ec       0x1c CMakeFiles/robomas_shisaku_f767zi_1.dir/Drivers/STM32F7xx_HAL_Driver/Src/stm32f7xx_hal_cortex.c.obj
 .text.__NVIC_EnableIRQ
                0x08007508       0x3c CMakeFiles/robomas_shisaku_f767zi_1.dir/Drivers/STM32F7xx_HAL_Driver/Src/stm32f7xx_hal_cortex.c.obj
 .text.__NVIC_SetPriority
                0x08007544       0x54 CMakeFiles/robomas_shisaku_f767zi_1.dir/Drivers/STM32F7xx_HAL_Driver/Src/stm32f7xx_hal_cortex.c.obj
 .text.NVIC_EncodePriority
                0x08007598       0x66 CMakeFiles/robomas_shisaku_f767zi_1.dir/Drivers/STM32F7xx_HAL_Driver/Src/stm32f7xx_hal_cortex.c.obj
 *fill*         0x080075fe        0x2 
 .text.SysTick_Config
                0x08007600       0x44 CMakeFiles/robomas_shisaku_f767zi_1.dir/Drivers/STM32F7xx_HAL_Driver/Src/stm32f7xx_hal_cortex.c.obj
 .text.HAL_NVIC_SetPriorityGrouping
                0x08007644       0x16 CMakeFiles/robomas_shisaku_f767zi_1.dir/Drivers/STM32F7xx_HAL_Driver/Src/stm32f7xx_hal_cortex.c.obj
                0x08007644                HAL_NVIC_SetPriorityGrouping
 .text.HAL_NVIC_SetPriority
                0x0800765a       0x38 CMakeFiles/robomas_shisaku_f767zi_1.dir/Drivers/STM32F7xx_HAL_Driver/Src/stm32f7xx_hal_cortex.c.obj
                0x0800765a                HAL_NVIC_SetPriority
 .text.HAL_NVIC_EnableIRQ
                0x08007692       0x1c CMakeFiles/robomas_shisaku_f767zi_1.dir/Drivers/STM32F7xx_HAL_Driver/Src/stm32f7xx_hal_cortex.c.obj
                0x08007692                HAL_NVIC_EnableIRQ
 .text.HAL_SYSTICK_Config
                0x080076ae       0x18 CMakeFiles/robomas_shisaku_f767zi_1.dir/Drivers/STM32F7xx_HAL_Driver/Src/stm32f7xx_hal_cortex.c.obj
                0x080076ae                HAL_SYSTICK_Config
 *fill*         0x080076c6        0x2 
 .text.HAL_MPU_Disable
                0x080076c8       0x30 CMakeFiles/robomas_shisaku_f767zi_1.dir/Drivers/STM32F7xx_HAL_Driver/Src/stm32f7xx_hal_cortex.c.obj
                0x080076c8                HAL_MPU_Disable
 .text.HAL_MPU_Enable
                0x080076f8       0x40 CMakeFiles/robomas_shisaku_f767zi_1.dir/Drivers/STM32F7xx_HAL_Driver/Src/stm32f7xx_hal_cortex.c.obj
                0x080076f8                HAL_MPU_Enable
 .text.HAL_MPU_ConfigRegion
                0x08007738       0x80 CMakeFiles/robomas_shisaku_f767zi_1.dir/Drivers/STM32F7xx_HAL_Driver/Src/stm32f7xx_hal_cortex.c.obj
                0x08007738                HAL_MPU_ConfigRegion
 .text.HAL_Init
                0x080077b8       0x1a CMakeFiles/robomas_shisaku_f767zi_1.dir/Drivers/STM32F7xx_HAL_Driver/Src/stm32f7xx_hal.c.obj
                0x080077b8                HAL_Init
 *fill*         0x080077d2        0x2 
 .text.HAL_InitTick
                0x080077d4       0x60 CMakeFiles/robomas_shisaku_f767zi_1.dir/Drivers/STM32F7xx_HAL_Driver/Src/stm32f7xx_hal.c.obj
                0x080077d4                HAL_InitTick
 .text.HAL_IncTick
                0x08007834       0x28 CMakeFiles/robomas_shisaku_f767zi_1.dir/Drivers/STM32F7xx_HAL_Driver/Src/stm32f7xx_hal.c.obj
                0x08007834                HAL_IncTick
 .text.HAL_GetTick
                0x0800785c       0x18 CMakeFiles/robomas_shisaku_f767zi_1.dir/Drivers/STM32F7xx_HAL_Driver/Src/stm32f7xx_hal.c.obj
                0x0800785c                HAL_GetTick
 .text.HAL_Delay
                0x08007874       0x48 CMakeFiles/robomas_shisaku_f767zi_1.dir/Drivers/STM32F7xx_HAL_Driver/Src/stm32f7xx_hal.c.obj
                0x08007874                HAL_Delay
 .text.HAL_CAN_Init
                0x080078bc      0x1f6 CMakeFiles/robomas_shisaku_f767zi_1.dir/Drivers/STM32F7xx_HAL_Driver/Src/stm32f7xx_hal_can.c.obj
                0x080078bc                HAL_CAN_Init
 *fill*         0x08007ab2        0x2 
 .text.HAL_CAN_ConfigFilter
                0x08007ab4      0x1d8 CMakeFiles/robomas_shisaku_f767zi_1.dir/Drivers/STM32F7xx_HAL_Driver/Src/stm32f7xx_hal_can.c.obj
                0x08007ab4                HAL_CAN_ConfigFilter
 .text.HAL_CAN_Start
                0x08007c8c       0x88 CMakeFiles/robomas_shisaku_f767zi_1.dir/Drivers/STM32F7xx_HAL_Driver/Src/stm32f7xx_hal_can.c.obj
                0x08007c8c                HAL_CAN_Start
 .text.HAL_CAN_AddTxMessage
                0x08007d14      0x1a0 CMakeFiles/robomas_shisaku_f767zi_1.dir/Drivers/STM32F7xx_HAL_Driver/Src/stm32f7xx_hal_can.c.obj
                0x08007d14                HAL_CAN_AddTxMessage
 .text.HAL_CAN_GetRxMessage
                0x08007eb4      0x244 CMakeFiles/robomas_shisaku_f767zi_1.dir/Drivers/STM32F7xx_HAL_Driver/Src/stm32f7xx_hal_can.c.obj
                0x08007eb4                HAL_CAN_GetRxMessage
 .text.HAL_CAN_ActivateNotification
                0x080080f8       0x4c CMakeFiles/robomas_shisaku_f767zi_1.dir/Drivers/STM32F7xx_HAL_Driver/Src/stm32f7xx_hal_can.c.obj
                0x080080f8                HAL_CAN_ActivateNotification
 .text.HAL_CAN_IRQHandler
                0x08008144      0x36e CMakeFiles/robomas_shisaku_f767zi_1.dir/Drivers/STM32F7xx_HAL_Driver/Src/stm32f7xx_hal_can.c.obj
                0x08008144                HAL_CAN_IRQHandler
 .text.HAL_CAN_TxMailbox0AbortCallback
                0x080084b2       0x14 CMakeFiles/robomas_shisaku_f767zi_1.dir/Drivers/STM32F7xx_HAL_Driver/Src/stm32f7xx_hal_can.c.obj
                0x080084b2                HAL_CAN_TxMailbox0AbortCallback
 .text.HAL_CAN_TxMailbox1AbortCallback
                0x080084c6       0x14 CMakeFiles/robomas_shisaku_f767zi_1.dir/Drivers/STM32F7xx_HAL_Driver/Src/stm32f7xx_hal_can.c.obj
                0x080084c6                HAL_CAN_TxMailbox1AbortCallback
 .text.HAL_CAN_TxMailbox2AbortCallback
                0x080084da       0x14 CMakeFiles/robomas_shisaku_f767zi_1.dir/Drivers/STM32F7xx_HAL_Driver/Src/stm32f7xx_hal_can.c.obj
                0x080084da                HAL_CAN_TxMailbox2AbortCallback
 .text.HAL_CAN_RxFifo0FullCallback
                0x080084ee       0x14 CMakeFiles/robomas_shisaku_f767zi_1.dir/Drivers/STM32F7xx_HAL_Driver/Src/stm32f7xx_hal_can.c.obj
                0x080084ee                HAL_CAN_RxFifo0FullCallback
 .text.HAL_CAN_RxFifo1MsgPendingCallback
                0x08008502       0x14 CMakeFiles/robomas_shisaku_f767zi_1.dir/Drivers/STM32F7xx_HAL_Driver/Src/stm32f7xx_hal_can.c.obj
                0x08008502                HAL_CAN_RxFifo1MsgPendingCallback
 .text.HAL_CAN_RxFifo1FullCallback
                0x08008516       0x14 CMakeFiles/robomas_shisaku_f767zi_1.dir/Drivers/STM32F7xx_HAL_Driver/Src/stm32f7xx_hal_can.c.obj
                0x08008516                HAL_CAN_RxFifo1FullCallback
 .text.HAL_CAN_SleepCallback
                0x0800852a       0x14 CMakeFiles/robomas_shisaku_f767zi_1.dir/Drivers/STM32F7xx_HAL_Driver/Src/stm32f7xx_hal_can.c.obj
                0x0800852a                HAL_CAN_SleepCallback
 .text.HAL_CAN_WakeUpFromRxMsgCallback
                0x0800853e       0x14 CMakeFiles/robomas_shisaku_f767zi_1.dir/Drivers/STM32F7xx_HAL_Driver/Src/stm32f7xx_hal_can.c.obj
                0x0800853e                HAL_CAN_WakeUpFromRxMsgCallback
 .text.HAL_CAN_ErrorCallback
                0x08008552       0x14 CMakeFiles/robomas_shisaku_f767zi_1.dir/Drivers/STM32F7xx_HAL_Driver/Src/stm32f7xx_hal_can.c.obj
                0x08008552                HAL_CAN_ErrorCallback
 .text.HAL_TIM_Base_Init
                0x08008566       0xae CMakeFiles/robomas_shisaku_f767zi_1.dir/Drivers/STM32F7xx_HAL_Driver/Src/stm32f7xx_hal_tim.c.obj
                0x08008566                HAL_TIM_Base_Init
 .text.HAL_TIM_Base_Start_IT
                0x08008614       0xf0 CMakeFiles/robomas_shisaku_f767zi_1.dir/Drivers/STM32F7xx_HAL_Driver/Src/stm32f7xx_hal_tim.c.obj
                0x08008614                HAL_TIM_Base_Start_IT
 .text.HAL_TIM_IRQHandler
                0x08008704      0x20e CMakeFiles/robomas_shisaku_f767zi_1.dir/Drivers/STM32F7xx_HAL_Driver/Src/stm32f7xx_hal_tim.c.obj
                0x08008704                HAL_TIM_IRQHandler
 .text.HAL_TIM_OC_DelayElapsedCallback
                0x08008912       0x14 CMakeFiles/robomas_shisaku_f767zi_1.dir/Drivers/STM32F7xx_HAL_Driver/Src/stm32f7xx_hal_tim.c.obj
                0x08008912                HAL_TIM_OC_DelayElapsedCallback
 .text.HAL_TIM_IC_CaptureCallback
                0x08008926       0x14 CMakeFiles/robomas_shisaku_f767zi_1.dir/Drivers/STM32F7xx_HAL_Driver/Src/stm32f7xx_hal_tim.c.obj
                0x08008926                HAL_TIM_IC_CaptureCallback
 .text.HAL_TIM_PWM_PulseFinishedCallback
                0x0800893a       0x14 CMakeFiles/robomas_shisaku_f767zi_1.dir/Drivers/STM32F7xx_HAL_Driver/Src/stm32f7xx_hal_tim.c.obj
                0x0800893a                HAL_TIM_PWM_PulseFinishedCallback
 .text.HAL_TIM_TriggerCallback
                0x0800894e       0x14 CMakeFiles/robomas_shisaku_f767zi_1.dir/Drivers/STM32F7xx_HAL_Driver/Src/stm32f7xx_hal_tim.c.obj
                0x0800894e                HAL_TIM_TriggerCallback
 *fill*         0x08008962        0x2 
 .text.TIM_Base_SetConfig
                0x08008964      0x158 CMakeFiles/robomas_shisaku_f767zi_1.dir/Drivers/STM32F7xx_HAL_Driver/Src/stm32f7xx_hal_tim.c.obj
                0x08008964                TIM_Base_SetConfig
 .text.HAL_TIMEx_MasterConfigSynchronization
                0x08008abc      0x11c CMakeFiles/robomas_shisaku_f767zi_1.dir/Drivers/STM32F7xx_HAL_Driver/Src/stm32f7xx_hal_tim_ex.c.obj
                0x08008abc                HAL_TIMEx_MasterConfigSynchronization
 .text.HAL_TIMEx_CommutCallback
                0x08008bd8       0x14 CMakeFiles/robomas_shisaku_f767zi_1.dir/Drivers/STM32F7xx_HAL_Driver/Src/stm32f7xx_hal_tim_ex.c.obj
                0x08008bd8                HAL_TIMEx_CommutCallback
 .text.HAL_TIMEx_BreakCallback
                0x08008bec       0x14 CMakeFiles/robomas_shisaku_f767zi_1.dir/Drivers/STM32F7xx_HAL_Driver/Src/stm32f7xx_hal_tim_ex.c.obj
                0x08008bec                HAL_TIMEx_BreakCallback
 .text.HAL_TIMEx_Break2Callback
                0x08008c00       0x14 CMakeFiles/robomas_shisaku_f767zi_1.dir/Drivers/STM32F7xx_HAL_Driver/Src/stm32f7xx_hal_tim_ex.c.obj
                0x08008c00                HAL_TIMEx_Break2Callback
 .text.HAL_UART_Init
                0x08008c14       0x9c CMakeFiles/robomas_shisaku_f767zi_1.dir/Drivers/STM32F7xx_HAL_Driver/Src/stm32f7xx_hal_uart.c.obj
                0x08008c14                HAL_UART_Init
 .text.HAL_UART_Transmit
                0x08008cb0      0x112 CMakeFiles/robomas_shisaku_f767zi_1.dir/Drivers/STM32F7xx_HAL_Driver/Src/stm32f7xx_hal_uart.c.obj
                0x08008cb0                HAL_UART_Transmit
 *fill*         0x08008dc2        0x2 
 .text.UART_SetConfig
                0x08008dc4      0x4c8 CMakeFiles/robomas_shisaku_f767zi_1.dir/Drivers/STM32F7xx_HAL_Driver/Src/stm32f7xx_hal_uart.c.obj
                0x08008dc4                UART_SetConfig
 .text.UART_AdvFeatureConfig
                0x0800928c      0x144 CMakeFiles/robomas_shisaku_f767zi_1.dir/Drivers/STM32F7xx_HAL_Driver/Src/stm32f7xx_hal_uart.c.obj
                0x0800928c                UART_AdvFeatureConfig
 .text.UART_CheckIdleState
                0x080093d0      0x150 CMakeFiles/robomas_shisaku_f767zi_1.dir/Drivers/STM32F7xx_HAL_Driver/Src/stm32f7xx_hal_uart.c.obj
                0x080093d0                UART_CheckIdleState
 .text.UART_WaitOnFlagUntilTimeout
                0x08009520       0xda CMakeFiles/robomas_shisaku_f767zi_1.dir/Drivers/STM32F7xx_HAL_Driver/Src/stm32f7xx_hal_uart.c.obj
                0x08009520                UART_WaitOnFlagUntilTimeout
 .text.UART_EndRxTransfer
                0x080095fa       0xc8 CMakeFiles/robomas_shisaku_f767zi_1.dir/Drivers/STM32F7xx_HAL_Driver/Src/stm32f7xx_hal_uart.c.obj
 *fill*         0x080096c2        0x2 
 .text.SystemInit
                0x080096c4       0x24 CMakeFiles/robomas_shisaku_f767zi_1.dir/Core/Src/system_stm32f7xx.c.obj
                0x080096c4                SystemInit
 .text.USBD_Init
                0x080096e8       0x60 CMakeFiles/robomas_shisaku_f767zi_1.dir/Middlewares/ST/STM32_USB_Device_Library/Core/Src/usbd_core.c.obj
                0x080096e8                USBD_Init
 .text.USBD_RegisterClass
                0x08009748       0x6c CMakeFiles/robomas_shisaku_f767zi_1.dir/Middlewares/ST/STM32_USB_Device_Library/Core/Src/usbd_core.c.obj
                0x08009748                USBD_RegisterClass
 .text.USBD_Start
                0x080097b4       0x18 CMakeFiles/robomas_shisaku_f767zi_1.dir/Middlewares/ST/STM32_USB_Device_Library/Core/Src/usbd_core.c.obj
                0x080097b4                USBD_Start
 .text.USBD_RunTestMode
                0x080097cc       0x16 CMakeFiles/robomas_shisaku_f767zi_1.dir/Middlewares/ST/STM32_USB_Device_Library/Core/Src/usbd_core.c.obj
                0x080097cc                USBD_RunTestMode
 .text.USBD_SetClassConfig
                0x080097e2       0x38 CMakeFiles/robomas_shisaku_f767zi_1.dir/Middlewares/ST/STM32_USB_Device_Library/Core/Src/usbd_core.c.obj
                0x080097e2                USBD_SetClassConfig
 .text.USBD_ClrClassConfig
                0x0800981a       0x34 CMakeFiles/robomas_shisaku_f767zi_1.dir/Middlewares/ST/STM32_USB_Device_Library/Core/Src/usbd_core.c.obj
                0x0800981a                USBD_ClrClassConfig
 .text.USBD_LL_SetupStage
                0x0800984e       0xaa CMakeFiles/robomas_shisaku_f767zi_1.dir/Middlewares/ST/STM32_USB_Device_Library/Core/Src/usbd_core.c.obj
                0x0800984e                USBD_LL_SetupStage
 .text.USBD_LL_DataOutStage
                0x080098f8      0x166 CMakeFiles/robomas_shisaku_f767zi_1.dir/Middlewares/ST/STM32_USB_Device_Library/Core/Src/usbd_core.c.obj
                0x080098f8                USBD_LL_DataOutStage
 .text.USBD_LL_DataInStage
                0x08009a5e      0x164 CMakeFiles/robomas_shisaku_f767zi_1.dir/Middlewares/ST/STM32_USB_Device_Library/Core/Src/usbd_core.c.obj
                0x08009a5e                USBD_LL_DataInStage
 .text.USBD_LL_Reset
                0x08009bc2       0xa4 CMakeFiles/robomas_shisaku_f767zi_1.dir/Middlewares/ST/STM32_USB_Device_Library/Core/Src/usbd_core.c.obj
                0x08009bc2                USBD_LL_Reset
 .text.USBD_LL_SetSpeed
                0x08009c66       0x20 CMakeFiles/robomas_shisaku_f767zi_1.dir/Middlewares/ST/STM32_USB_Device_Library/Core/Src/usbd_core.c.obj
                0x08009c66                USBD_LL_SetSpeed
 .text.USBD_LL_Suspend
                0x08009c86       0x38 CMakeFiles/robomas_shisaku_f767zi_1.dir/Middlewares/ST/STM32_USB_Device_Library/Core/Src/usbd_core.c.obj
                0x08009c86                USBD_LL_Suspend
 .text.USBD_LL_Resume
                0x08009cbe       0x30 CMakeFiles/robomas_shisaku_f767zi_1.dir/Middlewares/ST/STM32_USB_Device_Library/Core/Src/usbd_core.c.obj
                0x08009cbe                USBD_LL_Resume
 .text.USBD_LL_SOF
                0x08009cee       0x40 CMakeFiles/robomas_shisaku_f767zi_1.dir/Middlewares/ST/STM32_USB_Device_Library/Core/Src/usbd_core.c.obj
                0x08009cee                USBD_LL_SOF
 .text.USBD_LL_IsoINIncomplete
                0x08009d2e       0x64 CMakeFiles/robomas_shisaku_f767zi_1.dir/Middlewares/ST/STM32_USB_Device_Library/Core/Src/usbd_core.c.obj
                0x08009d2e                USBD_LL_IsoINIncomplete
 .text.USBD_LL_IsoOUTIncomplete
                0x08009d92       0x64 CMakeFiles/robomas_shisaku_f767zi_1.dir/Middlewares/ST/STM32_USB_Device_Library/Core/Src/usbd_core.c.obj
                0x08009d92                USBD_LL_IsoOUTIncomplete
 .text.USBD_LL_DevConnected
                0x08009df6       0x16 CMakeFiles/robomas_shisaku_f767zi_1.dir/Middlewares/ST/STM32_USB_Device_Library/Core/Src/usbd_core.c.obj
                0x08009df6                USBD_LL_DevConnected
 .text.USBD_LL_DevDisconnected
                0x08009e0c       0x46 CMakeFiles/robomas_shisaku_f767zi_1.dir/Middlewares/ST/STM32_USB_Device_Library/Core/Src/usbd_core.c.obj
                0x08009e0c                USBD_LL_DevDisconnected
 .text.USBD_CoreFindIF
                0x08009e52       0x1a CMakeFiles/robomas_shisaku_f767zi_1.dir/Middlewares/ST/STM32_USB_Device_Library/Core/Src/usbd_core.c.obj
                0x08009e52                USBD_CoreFindIF
 .text.USBD_CoreFindEP
                0x08009e6c       0x1a CMakeFiles/robomas_shisaku_f767zi_1.dir/Middlewares/ST/STM32_USB_Device_Library/Core/Src/usbd_core.c.obj
                0x08009e6c                USBD_CoreFindEP
 .text.USBD_GetEpDesc
                0x08009e86       0x70 CMakeFiles/robomas_shisaku_f767zi_1.dir/Middlewares/ST/STM32_USB_Device_Library/Core/Src/usbd_core.c.obj
                0x08009e86                USBD_GetEpDesc
 .text.USBD_GetNextDesc
                0x08009ef6       0x38 CMakeFiles/robomas_shisaku_f767zi_1.dir/Middlewares/ST/STM32_USB_Device_Library/Core/Src/usbd_core.c.obj
                0x08009ef6                USBD_GetNextDesc
 .text.SWAPBYTE
                0x08009f2e       0x3c CMakeFiles/robomas_shisaku_f767zi_1.dir/Middlewares/ST/STM32_USB_Device_Library/Core/Src/usbd_ctlreq.c.obj
 *fill*         0x08009f6a        0x2 
 .text.USBD_StdDevReq
                0x08009f6c       0xe4 CMakeFiles/robomas_shisaku_f767zi_1.dir/Middlewares/ST/STM32_USB_Device_Library/Core/Src/usbd_ctlreq.c.obj
                0x08009f6c                USBD_StdDevReq
 .text.USBD_StdItfReq
                0x0800a050       0xd8 CMakeFiles/robomas_shisaku_f767zi_1.dir/Middlewares/ST/STM32_USB_Device_Library/Core/Src/usbd_ctlreq.c.obj
                0x0800a050                USBD_StdItfReq
 .text.USBD_StdEPReq
                0x0800a128      0x33a CMakeFiles/robomas_shisaku_f767zi_1.dir/Middlewares/ST/STM32_USB_Device_Library/Core/Src/usbd_ctlreq.c.obj
                0x0800a128                USBD_StdEPReq
 *fill*         0x0800a462        0x2 
 .text.USBD_GetDescriptor
                0x0800a464      0x328 CMakeFiles/robomas_shisaku_f767zi_1.dir/Middlewares/ST/STM32_USB_Device_Library/Core/Src/usbd_ctlreq.c.obj
 .text.USBD_SetAddress
                0x0800a78c       0x88 CMakeFiles/robomas_shisaku_f767zi_1.dir/Middlewares/ST/STM32_USB_Device_Library/Core/Src/usbd_ctlreq.c.obj
 .text.USBD_SetConfig
                0x0800a814      0x154 CMakeFiles/robomas_shisaku_f767zi_1.dir/Middlewares/ST/STM32_USB_Device_Library/Core/Src/usbd_ctlreq.c.obj
 .text.USBD_GetConfig
                0x0800a968       0x6c CMakeFiles/robomas_shisaku_f767zi_1.dir/Middlewares/ST/STM32_USB_Device_Library/Core/Src/usbd_ctlreq.c.obj
 .text.USBD_GetStatus
                0x0800a9d4       0x68 CMakeFiles/robomas_shisaku_f767zi_1.dir/Middlewares/ST/STM32_USB_Device_Library/Core/Src/usbd_ctlreq.c.obj
 .text.USBD_SetFeature
                0x0800aa3c       0x52 CMakeFiles/robomas_shisaku_f767zi_1.dir/Middlewares/ST/STM32_USB_Device_Library/Core/Src/usbd_ctlreq.c.obj
 .text.USBD_ClrFeature
                0x0800aa8e       0x44 CMakeFiles/robomas_shisaku_f767zi_1.dir/Middlewares/ST/STM32_USB_Device_Library/Core/Src/usbd_ctlreq.c.obj
 .text.USBD_ParseSetupRequest
                0x0800aad2       0x74 CMakeFiles/robomas_shisaku_f767zi_1.dir/Middlewares/ST/STM32_USB_Device_Library/Core/Src/usbd_ctlreq.c.obj
                0x0800aad2                USBD_ParseSetupRequest
 .text.USBD_CtlError
                0x0800ab46       0x22 CMakeFiles/robomas_shisaku_f767zi_1.dir/Middlewares/ST/STM32_USB_Device_Library/Core/Src/usbd_ctlreq.c.obj
                0x0800ab46                USBD_CtlError
 .text.USBD_GetString
                0x0800ab68       0xa4 CMakeFiles/robomas_shisaku_f767zi_1.dir/Middlewares/ST/STM32_USB_Device_Library/Core/Src/usbd_ctlreq.c.obj
                0x0800ab68                USBD_GetString
 .text.USBD_GetLen
                0x0800ac0c       0x34 CMakeFiles/robomas_shisaku_f767zi_1.dir/Middlewares/ST/STM32_USB_Device_Library/Core/Src/usbd_ctlreq.c.obj
 .text.USBD_CtlSendData
                0x0800ac40       0x36 CMakeFiles/robomas_shisaku_f767zi_1.dir/Middlewares/ST/STM32_USB_Device_Library/Core/Src/usbd_ioreq.c.obj
                0x0800ac40                USBD_CtlSendData
 .text.USBD_CtlContinueSendData
                0x0800ac76       0x22 CMakeFiles/robomas_shisaku_f767zi_1.dir/Middlewares/ST/STM32_USB_Device_Library/Core/Src/usbd_ioreq.c.obj
                0x0800ac76                USBD_CtlContinueSendData
 .text.USBD_CtlPrepareRx
                0x0800ac98       0x3a CMakeFiles/robomas_shisaku_f767zi_1.dir/Middlewares/ST/STM32_USB_Device_Library/Core/Src/usbd_ioreq.c.obj
                0x0800ac98                USBD_CtlPrepareRx
 .text.USBD_CtlContinueRx
                0x0800acd2       0x22 CMakeFiles/robomas_shisaku_f767zi_1.dir/Middlewares/ST/STM32_USB_Device_Library/Core/Src/usbd_ioreq.c.obj
                0x0800acd2                USBD_CtlContinueRx
 .text.USBD_CtlSendStatus
                0x0800acf4       0x26 CMakeFiles/robomas_shisaku_f767zi_1.dir/Middlewares/ST/STM32_USB_Device_Library/Core/Src/usbd_ioreq.c.obj
                0x0800acf4                USBD_CtlSendStatus
 .text.USBD_CtlReceiveStatus
                0x0800ad1a       0x26 CMakeFiles/robomas_shisaku_f767zi_1.dir/Middlewares/ST/STM32_USB_Device_Library/Core/Src/usbd_ioreq.c.obj
                0x0800ad1a                USBD_CtlReceiveStatus
 .text.USBD_CDC_Init
                0x0800ad40      0x1f0 CMakeFiles/robomas_shisaku_f767zi_1.dir/Middlewares/ST/STM32_USB_Device_Library/Class/CDC/Src/usbd_cdc.c.obj
 .text.USBD_CDC_DeInit
                0x0800af30      0x104 CMakeFiles/robomas_shisaku_f767zi_1.dir/Middlewares/ST/STM32_USB_Device_Library/Class/CDC/Src/usbd_cdc.c.obj
 .text.USBD_CDC_Setup
                0x0800b034      0x1b8 CMakeFiles/robomas_shisaku_f767zi_1.dir/Middlewares/ST/STM32_USB_Device_Library/Class/CDC/Src/usbd_cdc.c.obj
 .text.USBD_CDC_DataIn
                0x0800b1ec       0xfe CMakeFiles/robomas_shisaku_f767zi_1.dir/Middlewares/ST/STM32_USB_Device_Library/Class/CDC/Src/usbd_cdc.c.obj
 .text.USBD_CDC_DataOut
                0x0800b2ea       0x70 CMakeFiles/robomas_shisaku_f767zi_1.dir/Middlewares/ST/STM32_USB_Device_Library/Class/CDC/Src/usbd_cdc.c.obj
 .text.USBD_CDC_EP0_RxReady
                0x0800b35a       0x74 CMakeFiles/robomas_shisaku_f767zi_1.dir/Middlewares/ST/STM32_USB_Device_Library/Class/CDC/Src/usbd_cdc.c.obj
 *fill*         0x0800b3ce        0x2 
 .text.USBD_CDC_GetFSCfgDesc
                0x0800b3d0       0x70 CMakeFiles/robomas_shisaku_f767zi_1.dir/Middlewares/ST/STM32_USB_Device_Library/Class/CDC/Src/usbd_cdc.c.obj
 .text.USBD_CDC_GetHSCfgDesc
                0x0800b440       0x70 CMakeFiles/robomas_shisaku_f767zi_1.dir/Middlewares/ST/STM32_USB_Device_Library/Class/CDC/Src/usbd_cdc.c.obj
 .text.USBD_CDC_GetOtherSpeedCfgDesc
                0x0800b4b0       0x70 CMakeFiles/robomas_shisaku_f767zi_1.dir/Middlewares/ST/STM32_USB_Device_Library/Class/CDC/Src/usbd_cdc.c.obj
 .text.USBD_CDC_GetDeviceQualifierDescriptor
                0x0800b520       0x20 CMakeFiles/robomas_shisaku_f767zi_1.dir/Middlewares/ST/STM32_USB_Device_Library/Class/CDC/Src/usbd_cdc.c.obj
                0x0800b520                USBD_CDC_GetDeviceQualifierDescriptor
 .text.USBD_CDC_RegisterInterface
                0x0800b540       0x34 CMakeFiles/robomas_shisaku_f767zi_1.dir/Middlewares/ST/STM32_USB_Device_Library/Class/CDC/Src/usbd_cdc.c.obj
                0x0800b540                USBD_CDC_RegisterInterface
 .text.USBD_CDC_SetTxBuffer
                0x0800b574       0x44 CMakeFiles/robomas_shisaku_f767zi_1.dir/Middlewares/ST/STM32_USB_Device_Library/Class/CDC/Src/usbd_cdc.c.obj
                0x0800b574                USBD_CDC_SetTxBuffer
 .text.USBD_CDC_SetRxBuffer
                0x0800b5b8       0x3a CMakeFiles/robomas_shisaku_f767zi_1.dir/Middlewares/ST/STM32_USB_Device_Library/Class/CDC/Src/usbd_cdc.c.obj
                0x0800b5b8                USBD_CDC_SetRxBuffer
 *fill*         0x0800b5f2        0x2 
 .text.USBD_CDC_TransmitPacket
                0x0800b5f4       0x80 CMakeFiles/robomas_shisaku_f767zi_1.dir/Middlewares/ST/STM32_USB_Device_Library/Class/CDC/Src/usbd_cdc.c.obj
                0x0800b5f4                USBD_CDC_TransmitPacket
 .text.USBD_CDC_ReceivePacket
                0x0800b674       0x6c CMakeFiles/robomas_shisaku_f767zi_1.dir/Middlewares/ST/STM32_USB_Device_Library/Class/CDC/Src/usbd_cdc.c.obj
                0x0800b674                USBD_CDC_ReceivePacket
 .text._sbrk    0x0800b6e0       0x6c CMakeFiles/robomas_shisaku_f767zi_1.dir/Core/Src/sysmem.c.obj
                0x0800b6e0                _sbrk
 .text._getpid  0x0800b74c       0x10 CMakeFiles/robomas_shisaku_f767zi_1.dir/Core/Src/syscalls.c.obj
                0x0800b74c                _getpid
 .text._kill    0x0800b75c       0x20 CMakeFiles/robomas_shisaku_f767zi_1.dir/Core/Src/syscalls.c.obj
                0x0800b75c                _kill
 .text._exit    0x0800b77c       0x16 CMakeFiles/robomas_shisaku_f767zi_1.dir/Core/Src/syscalls.c.obj
                0x0800b77c                _exit
 *fill*         0x0800b792        0x2 
 .text.Reset_Handler
                0x0800b794       0x50 CMakeFiles/robomas_shisaku_f767zi_1.dir/startup_stm32f767xx.s.obj
                0x0800b794                Reset_Handler
 .text.Default_Handler
                0x0800b7e4        0x2 CMakeFiles/robomas_shisaku_f767zi_1.dir/startup_stm32f767xx.s.obj
                0x0800b7e4                RTC_Alarm_IRQHandler
                0x0800b7e4                EXTI2_IRQHandler
                0x0800b7e4                TIM8_CC_IRQHandler
                0x0800b7e4                UART8_IRQHandler
                0x0800b7e4                SPI4_IRQHandler
                0x0800b7e4                TIM1_CC_IRQHandler
                0x0800b7e4                DMA2_Stream5_IRQHandler
                0x0800b7e4                JPEG_IRQHandler
                0x0800b7e4                DMA1_Stream5_IRQHandler
                0x0800b7e4                CAN3_RX1_IRQHandler
                0x0800b7e4                PVD_IRQHandler
                0x0800b7e4                TAMP_STAMP_IRQHandler
                0x0800b7e4                CAN2_RX1_IRQHandler
                0x0800b7e4                EXTI3_IRQHandler
                0x0800b7e4                TIM8_TRG_COM_TIM14_IRQHandler
                0x0800b7e4                DFSDM1_FLT1_IRQHandler
                0x0800b7e4                TIM1_UP_TIM10_IRQHandler
                0x0800b7e4                TIM8_UP_TIM13_IRQHandler
                0x0800b7e4                I2C3_ER_IRQHandler
                0x0800b7e4                DFSDM1_FLT2_IRQHandler
                0x0800b7e4                EXTI0_IRQHandler
                0x0800b7e4                I2C2_EV_IRQHandler
                0x0800b7e4                DMA1_Stream2_IRQHandler
                0x0800b7e4                FPU_IRQHandler
                0x0800b7e4                OTG_HS_WKUP_IRQHandler
                0x0800b7e4                CAN3_SCE_IRQHandler
                0x0800b7e4                LTDC_ER_IRQHandler
                0x0800b7e4                CAN2_SCE_IRQHandler
                0x0800b7e4                DMA2_Stream2_IRQHandler
                0x0800b7e4                SPI1_IRQHandler
                0x0800b7e4                TIM6_DAC_IRQHandler
                0x0800b7e4                TIM1_BRK_TIM9_IRQHandler
                0x0800b7e4                DCMI_IRQHandler
                0x0800b7e4                CAN2_RX0_IRQHandler
                0x0800b7e4                DMA2_Stream3_IRQHandler
                0x0800b7e4                SAI2_IRQHandler
                0x0800b7e4                DFSDM1_FLT3_IRQHandler
                0x0800b7e4                USART6_IRQHandler
                0x0800b7e4                CAN3_RX0_IRQHandler
                0x0800b7e4                USART3_IRQHandler
                0x0800b7e4                CAN1_RX1_IRQHandler
                0x0800b7e4                UART5_IRQHandler
                0x0800b7e4                DMA2_Stream0_IRQHandler
                0x0800b7e4                TIM4_IRQHandler
                0x0800b7e4                QUADSPI_IRQHandler
                0x0800b7e4                I2C1_EV_IRQHandler
                0x0800b7e4                DMA1_Stream6_IRQHandler
                0x0800b7e4                DMA1_Stream1_IRQHandler
                0x0800b7e4                UART4_IRQHandler
                0x0800b7e4                TIM3_IRQHandler
                0x0800b7e4                RCC_IRQHandler
                0x0800b7e4                TIM8_BRK_TIM12_IRQHandler
                0x0800b7e4                Default_Handler
                0x0800b7e4                CEC_IRQHandler
                0x0800b7e4                EXTI15_10_IRQHandler
                0x0800b7e4                ADC_IRQHandler
                0x0800b7e4                DMA1_Stream7_IRQHandler
                0x0800b7e4                SPI5_IRQHandler
                0x0800b7e4                SDMMC1_IRQHandler
                0x0800b7e4                CAN2_TX_IRQHandler
                0x0800b7e4                TIM5_IRQHandler
                0x0800b7e4                DMA2_Stream7_IRQHandler
                0x0800b7e4                I2C3_EV_IRQHandler
                0x0800b7e4                EXTI9_5_IRQHandler
                0x0800b7e4                RTC_WKUP_IRQHandler
                0x0800b7e4                LTDC_IRQHandler
                0x0800b7e4                ETH_WKUP_IRQHandler
                0x0800b7e4                SPDIF_RX_IRQHandler
                0x0800b7e4                SPI2_IRQHandler
                0x0800b7e4                OTG_HS_EP1_IN_IRQHandler
                0x0800b7e4                DMA1_Stream0_IRQHandler
                0x0800b7e4                EXTI4_IRQHandler
                0x0800b7e4                RNG_IRQHandler
                0x0800b7e4                ETH_IRQHandler
                0x0800b7e4                OTG_HS_EP1_OUT_IRQHandler
                0x0800b7e4                WWDG_IRQHandler
                0x0800b7e4                SPI6_IRQHandler
                0x0800b7e4                MDIOS_IRQHandler
                0x0800b7e4                I2C4_EV_IRQHandler
                0x0800b7e4                CAN3_TX_IRQHandler
                0x0800b7e4                TIM2_IRQHandler
                0x0800b7e4                OTG_FS_WKUP_IRQHandler
                0x0800b7e4                TIM1_TRG_COM_TIM11_IRQHandler
                0x0800b7e4                OTG_HS_IRQHandler
                0x0800b7e4                DMA2D_IRQHandler
                0x0800b7e4                EXTI1_IRQHandler
                0x0800b7e4                SDMMC2_IRQHandler
                0x0800b7e4                UART7_IRQHandler
                0x0800b7e4                USART2_IRQHandler
                0x0800b7e4                DFSDM1_FLT0_IRQHandler
                0x0800b7e4                I2C2_ER_IRQHandler
                0x0800b7e4                DMA2_Stream1_IRQHandler
                0x0800b7e4                CAN1_SCE_IRQHandler
                0x0800b7e4                FLASH_IRQHandler
                0x0800b7e4                DMA2_Stream4_IRQHandler
                0x0800b7e4                USART1_IRQHandler
                0x0800b7e4                SPI3_IRQHandler
                0x0800b7e4                DMA1_Stream4_IRQHandler
                0x0800b7e4                I2C1_ER_IRQHandler
                0x0800b7e4                FMC_IRQHandler
                0x0800b7e4                LPTIM1_IRQHandler
                0x0800b7e4                I2C4_ER_IRQHandler
                0x0800b7e4                DMA2_Stream6_IRQHandler
                0x0800b7e4                SAI1_IRQHandler
                0x0800b7e4                DMA1_Stream3_IRQHandler
 .text.__aeabi_atexit
                0x0800b7e6        0xa /opt/st/stm32cubeclt_1.17.0/GNU-tools-for-STM32/bin/../lib/gcc/arm-none-eabi/12.3.1/../../../../arm-none-eabi/lib/thumb/v7e-m+dp/hard/libstdc++_nano.a(atexit_arm.o)