Archive member included to satisfy reference by file (symbol)

/opt/st/stm32cubeclt_1.17.0/GNU-tools-for-STM32/bin/../lib/gcc/arm-none-eabi/12.3.1/../../../../arm-none-eabi/lib/thumb/v7e-m+dp/hard/libc_nano.a(libc_a-exit.o)
                              /opt/st/stm32cubeclt_1.17.0/GNU-tools-for-STM32/bin/../lib/gcc/arm-none-eabi/12.3.1/../../../../arm-none-eabi/lib/thumb/v7e-m+dp/hard/crt0.o (exit)
/opt/st/stm32cubeclt_1.17.0/GNU-tools-for-STM32/bin/../lib/gcc/arm-none-eabi/12.3.1/../../../../arm-none-eabi/lib/thumb/v7e-m+dp/hard/libc_nano.a(libc_a-malloc.o)
                              CMakeFiles/robomas_shisaku_f767zi_1.dir/Middlewares/ST/STM32_USB_Device_Library/Class/CDC/Src/usbd_cdc.c.obj (malloc)
/opt/st/stm32cubeclt_1.17.0/GNU-tools-for-STM32/bin/../lib/gcc/arm-none-eabi/12.3.1/../../../../arm-none-eabi/lib/thumb/v7e-m+dp/hard/libc_nano.a(libc_a-mallocr.o)
                              /opt/st/stm32cubeclt_1.17.0/GNU-tools-for-STM32/bin/../lib/gcc/arm-none-eabi/12.3.1/../../../../arm-none-eabi/lib/thumb/v7e-m+dp/hard/libc_nano.a(libc_a-malloc.o) (_malloc_r)
/opt/st/stm32cubeclt_1.17.0/GNU-tools-for-STM32/bin/../lib/gcc/arm-none-eabi/12.3.1/../../../../arm-none-eabi/lib/thumb/v7e-m+dp/hard/libc_nano.a(libc_a-mlock.o)
                              /opt/st/stm32cubeclt_1.17.0/GNU-tools-for-STM32/bin/../lib/gcc/arm-none-eabi/12.3.1/../../../../arm-none-eabi/lib/thumb/v7e-m+dp/hard/libc_nano.a(libc_a-mallocr.o) (__malloc_lock)
/opt/st/stm32cubeclt_1.17.0/GNU-tools-for-STM32/bin/../lib/gcc/arm-none-eabi/12.3.1/../../../../arm-none-eabi/lib/thumb/v7e-m+dp/hard/libc_nano.a(libc_a-findfp.o)
                              /opt/st/stm32cubeclt_1.17.0/GNU-tools-for-STM32/bin/../lib/gcc/arm-none-eabi/12.3.1/../../../../arm-none-eabi/lib/thumb/v7e-m+dp/hard/libc_nano.a(libc_a-exit.o) (__stdio_exit_handler)
/opt/st/stm32cubeclt_1.17.0/GNU-tools-for-STM32/bin/../lib/gcc/arm-none-eabi/12.3.1/../../../../arm-none-eabi/lib/thumb/v7e-m+dp/hard/libc_nano.a(libc_a-fwalk.o)
                              /opt/st/stm32cubeclt_1.17.0/GNU-tools-for-STM32/bin/../lib/gcc/arm-none-eabi/12.3.1/../../../../arm-none-eabi/lib/thumb/v7e-m+dp/hard/libc_nano.a(libc_a-findfp.o) (_fwalk_sglue)
/opt/st/stm32cubeclt_1.17.0/GNU-tools-for-STM32/bin/../lib/gcc/arm-none-eabi/12.3.1/../../../../arm-none-eabi/lib/thumb/v7e-m+dp/hard/libc_nano.a(libc_a-stdio.o)
                              /opt/st/stm32cubeclt_1.17.0/GNU-tools-for-STM32/bin/../lib/gcc/arm-none-eabi/12.3.1/../../../../arm-none-eabi/lib/thumb/v7e-m+dp/hard/libc_nano.a(libc_a-findfp.o) (__sread)
/opt/st/stm32cubeclt_1.17.0/GNU-tools-for-STM32/bin/../lib/gcc/arm-none-eabi/12.3.1/../../../../arm-none-eabi/lib/thumb/v7e-m+dp/hard/libc_nano.a(libc_a-memset.o)
                              /opt/st/stm32cubeclt_1.17.0/GNU-tools-for-STM32/bin/../lib/gcc/arm-none-eabi/12.3.1/../../../../arm-none-eabi/lib/thumb/v7e-m+dp/hard/crt0.o (memset)
/opt/st/stm32cubeclt_1.17.0/GNU-tools-for-STM32/bin/../lib/gcc/arm-none-eabi/12.3.1/../../../../arm-none-eabi/lib/thumb/v7e-m+dp/hard/libc_nano.a(libc_a-closer.o)
                              /opt/st/stm32cubeclt_1.17.0/GNU-tools-for-STM32/bin/../lib/gcc/arm-none-eabi/12.3.1/../../../../arm-none-eabi/lib/thumb/v7e-m+dp/hard/libc_nano.a(libc_a-stdio.o) (_close_r)
/opt/st/stm32cubeclt_1.17.0/GNU-tools-for-STM32/bin/../lib/gcc/arm-none-eabi/12.3.1/../../../../arm-none-eabi/lib/thumb/v7e-m+dp/hard/libc_nano.a(libc_a-reent.o)
                              /opt/st/stm32cubeclt_1.17.0/GNU-tools-for-STM32/bin/../lib/gcc/arm-none-eabi/12.3.1/../../../../arm-none-eabi/lib/thumb/v7e-m+dp/hard/libc_nano.a(libc_a-closer.o) (errno)
/opt/st/stm32cubeclt_1.17.0/GNU-tools-for-STM32/bin/../lib/gcc/arm-none-eabi/12.3.1/../../../../arm-none-eabi/lib/thumb/v7e-m+dp/hard/libc_nano.a(libc_a-impure.o)
                              /opt/st/stm32cubeclt_1.17.0/GNU-tools-for-STM32/bin/../lib/gcc/arm-none-eabi/12.3.1/../../../../arm-none-eabi/lib/thumb/v7e-m+dp/hard/libc_nano.a(libc_a-malloc.o) (_impure_ptr)
/opt/st/stm32cubeclt_1.17.0/GNU-tools-for-STM32/bin/../lib/gcc/arm-none-eabi/12.3.1/../../../../arm-none-eabi/lib/thumb/v7e-m+dp/hard/libc_nano.a(libc_a-lseekr.o)
                              /opt/st/stm32cubeclt_1.17.0/GNU-tools-for-STM32/bin/../lib/gcc/arm-none-eabi/12.3.1/../../../../arm-none-eabi/lib/thumb/v7e-m+dp/hard/libc_nano.a(libc_a-stdio.o) (_lseek_r)
/opt/st/stm32cubeclt_1.17.0/GNU-tools-for-STM32/bin/../lib/gcc/arm-none-eabi/12.3.1/../../../../arm-none-eabi/lib/thumb/v7e-m+dp/hard/libc_nano.a(libc_a-readr.o)
                              /opt/st/stm32cubeclt_1.17.0/GNU-tools-for-STM32/bin/../lib/gcc/arm-none-eabi/12.3.1/../../../../arm-none-eabi/lib/thumb/v7e-m+dp/hard/libc_nano.a(libc_a-stdio.o) (_read_r)
/opt/st/stm32cubeclt_1.17.0/GNU-tools-for-STM32/bin/../lib/gcc/arm-none-eabi/12.3.1/../../../../arm-none-eabi/lib/thumb/v7e-m+dp/hard/libc_nano.a(libc_a-sbrkr.o)
[...]
Memory Configuration

Name             Origin             Length             Attributes
RAM              0x20000000         0x00080000         xrw
FLASH            0x08000000         0x00200000         xr
*default*        0x00000000         0xffffffff

Linker script and memory map

LOAD /opt/st/stm32cubeclt_1.17.0/GNU-tools-for-STM32/bin/../lib/gcc/arm-none-eabi/12.3.1/thumb/v7e-m+dp/hard/crti.o
LOAD /opt/st/stm32cubeclt_1.17.0/GNU-tools-for-STM32/bin/../lib/gcc/arm-none-eabi/12.3.1/thumb/v7e-m+dp/hard/crtbegin.o
LOAD /opt/st/stm32cubeclt_1.17.0/GNU-tools-for-STM32/bin/../lib/gcc/arm-none-eabi/12.3.1/../../../../arm-none-eabi/lib/thumb/v7e-m+dp/hard/crt0.o
START GROUP
END GROUP
START GROUP
LOAD /opt/st/stm32cubeclt_1.17.0/GNU-tools-for-STM32/bin/../lib/gcc/arm-none-eabi/12.3.1/../../../../arm-none-eabi/lib/thumb/v7e-m+dp/hard/libstdc++_nano.a
LOAD /opt/st/stm32cubeclt_1.17.0/GNU-tools-for-STM32/bin/../lib/gcc/arm-none-eabi/12.3.1/../../../../arm-none-eabi/lib/thumb/v7e-m+dp/hard/libsupc++_nano.a
END GROUP
LOAD CMakeFiles/robomas_shisaku_f767zi_1.dir/Core/Src/main.c.obj
LOAD CMakeFiles/robomas_shisaku_f767zi_1.dir/Core/Src/gpio.c.obj
LOAD CMakeFiles/robomas_shisaku_f767zi_1.dir/Core/Src/can.c.obj
LOAD CMakeFiles/robomas_shisaku_f767zi_1.dir/Core/Src/usart.c.obj
LOAD CMakeFiles/robomas_shisaku_f767zi_1.dir/Core/Src/stm32f7xx_it.c.obj
LOAD CMakeFiles/robomas_shisaku_f767zi_1.dir/Core/Src/stm32f7xx_hal_msp.c.obj
LOAD CMakeFiles/robomas_shisaku_f767zi_1.dir/USB_DEVICE/App/usb_device.c.obj
LOAD CMakeFiles/robomas_shisaku_f767zi_1.dir/USB_DEVICE/App/usbd_desc.c.obj
LOAD CMakeFiles/robomas_shisaku_f767zi_1.dir/USB_DEVICE/App/usbd_cdc_if.c.obj
LOAD CMakeFiles/robomas_shisaku_f767zi_1.dir/USB_DEVICE/Target/usbd_conf.c.obj
LOAD CMakeFiles/robomas_shisaku_f767zi_1.dir/Drivers/STM32F7xx_HAL_Driver/Src/stm32f7xx_hal_pcd.c.obj
LOAD CMakeFiles/robomas_shisaku_f767zi_1.dir/Drivers/STM32F7xx_HAL_Driver/Src/stm32f7xx_hal_pcd_ex.c.obj
LOAD CMakeFiles/robomas_shisaku_f767zi_1.dir/Drivers/STM32F7xx_HAL_Driver/Src/stm32f7xx_ll_usb.c.obj
LOAD CMakeFiles/robomas_shisaku_f767zi_1.dir/Drivers/STM32F7xx_HAL_Driver/Src/stm32f7xx_hal_rcc.c.obj
LOAD CMakeFiles/robomas_shisaku_f767zi_1.dir/Drivers/STM32F7xx_HAL_Driver/Src/stm32f7xx_hal_rcc_ex.c.obj
LOAD CMakeFiles/robomas_shisaku_f767zi_1.dir/Drivers/STM32F7xx_HAL_Driver/Src/stm32f7xx_hal_flash.c.obj
LOAD CMakeFiles/robomas_shisaku_f767zi_1.dir/Drivers/STM32F7xx_HAL_Driver/Src/stm32f7xx_hal_flash_ex.c.obj
LOAD CMakeFiles/robomas_shisaku_f767zi_1.dir/Drivers/STM32F7xx_HAL_Driver/Src/stm32f7xx_hal_gpio.c.obj
LOAD CMakeFiles/robomas_shisaku_f767zi_1.dir/Drivers/STM32F7xx_HAL_Driver/Src/stm32f7xx_hal_dma.c.obj
LOAD CMakeFiles/robomas_shisaku_f767zi_1.dir/Drivers/STM32F7xx_HAL_Driver/Src/stm32f7xx_hal_dma_ex.c.obj
LOAD CMakeFiles/robomas_shisaku_f767zi_1.dir/Drivers/STM32F7xx_HAL_Driver/Src/stm32f7xx_hal_pwr.c.obj
LOAD CMakeFiles/robomas_shisaku_f767zi_1.dir/Drivers/STM32F7xx_HAL_Driver/Src/stm32f7xx_hal_pwr_ex.c.obj
LOAD CMakeFiles/robomas_shisaku_f767zi_1.dir/Drivers/STM32F7xx_HAL_Driver/Src/stm32f7xx_hal_cortex.c.obj
LOAD CMakeFiles/robomas_shisaku_f767zi_1.dir/Drivers/STM32F7xx_HAL_Driver/Src/stm32f7xx_hal.c.obj
LOAD CMakeFiles/robomas_shisaku_f767zi_1.dir/Drivers/STM32F7xx_HAL_Driver/Src/stm32f7xx_hal_i2c.c.obj
LOAD CMakeFiles/robomas_shisaku_f767zi_1.dir/Drivers/STM32F7xx_HAL_Driver/Src/stm32f7xx_hal_i2c_ex.c.obj
LOAD CMakeFiles/robomas_shisaku_f767zi_1.dir/Drivers/STM32F7xx_HAL_Driver/Src/stm32f7xx_hal_exti.c.obj
LOAD CMakeFiles/robomas_shisaku_f767zi_1.dir/Drivers/STM32F7xx_HAL_Driver/Src/stm32f7xx_hal_can.c.obj
LOAD CMakeFiles/robomas_shisaku_f767zi_1.dir/Drivers/STM32F7xx_HAL_Driver/Src/stm32f7xx_hal_uart.c.obj
LOAD CMakeFiles/robomas_shisaku_f767zi_1.dir/Drivers/STM32F7xx_HAL_Driver/Src/stm32f7xx_hal_uart_ex.c.obj
LOAD CMakeFiles/robomas_shisaku_f767zi_1.dir/Core/Src/system_stm32f7xx.c.obj
LOAD CMakeFiles/robomas_shisaku_f767zi_1.dir/Middlewares/ST/STM32_USB_Device_Library/Core/Src/usbd_core.c.obj
LOAD CMakeFiles/robomas_shisaku_f767zi_1.dir/Middlewares/ST/STM32_USB_Device_Library/Core/Src/usbd_ctlreq.c.obj
LOAD CMakeFiles/robomas_shisaku_f767zi_1.dir/Middlewares/ST/STM32_USB_Device_Library/Core/Src/usbd_ioreq.c.obj
LOAD CMakeFiles/robomas_shisaku_f767zi_1.dir/Middlewares/ST/STM32_USB_Device_Library/Class/CDC/Src/usbd_cdc.c.obj
LOAD CMakeFiles/robomas_shisaku_f767zi_1.dir/Core/Src/sysmem.c.obj
LOAD CMakeFiles/robomas_shisaku_f767zi_1.dir/Core/Src/syscalls.c.obj
LOAD CMakeFiles/robomas_shisaku_f767zi_1.dir/startup_stm32f767xx.s.obj
LOAD CMakeFiles/robomas_shisaku_f767zi_1.dir/User/cpp_main.cpp.obj
LOAD CMakeFiles/robomas_shisaku_f767zi_1.dir/User/lib/LED_GPIO.cpp.obj
LOAD /opt/st/stm32cubeclt_1.17.0/GNU-tools-for-STM32/bin/../lib/gcc/arm-none-eabi/12.3.1/../../../../arm-none-eabi/lib/thumb/v7e-m+dp/hard/libstdc++_nano.a
LOAD /opt/st/stm32cubeclt_1.17.0/GNU-tools-for-STM32/bin/../lib/gcc/arm-none-eabi/12.3.1/../../../../arm-none-eabi/lib/thumb/v7e-m+dp/hard/libm.a
LOAD /opt/st/stm32cubeclt_1.17.0/GNU-tools-for-STM32/bin/../lib/gcc/arm-none-eabi/12.3.1/../../../../arm-none-eabi/lib/thumb/v7e-m+dp/hard/libc_nano.a
START GROUP
LOAD /opt/st/stm32cubeclt_1.17.0/GNU-tools-for-STM32/bin/../lib/gcc/arm-none-eabi/12.3.1/thumb/v7e-m+dp/hard/libgcc.a
LOAD /opt/st/stm32cubeclt_1.17.0/GNU-tools-for-STM32/bin/../lib/gcc/arm-none-eabi/12.3.1/../../../../arm-none-eabi/lib/thumb/v7e-m+dp/hard/libg_nano.a
LOAD /opt/st/stm32cubeclt_1.17.0/GNU-tools-for-STM32/bin/../lib/gcc/arm-none-eabi/12.3.1/../../../../arm-none-eabi/lib/thumb/v7e-m+dp/hard/libc_nano.a
END GROUP
START GROUP
LOAD /opt/st/stm32cubeclt_1.17.0/GNU-tools-for-STM32/bin/../lib/gcc/arm-none-eabi/12.3.1/thumb/v7e-m+dp/hard/libgcc.a
LOAD /opt/st/stm32cubeclt_1.17.0/GNU-tools-for-STM32/bin/../lib/gcc/arm-none-eabi/12.3.1/../../../../arm-none-eabi/lib/thumb/v7e-m+dp/hard/libc_nano.a
END GROUP
LOAD /opt/st/stm32cubeclt_1.17.0/GNU-tools-for-STM32/bin/../lib/gcc/arm-none-eabi/12.3.1/thumb/v7e-m+dp/hard/crtend.o
LOAD /opt/st/stm32cubeclt_1.17.0/GNU-tools-for-STM32/bin/../lib/gcc/arm-none-eabi/12.3.1/thumb/v7e-m+dp/hard/crtn.o
                0x20080000                        _estack = (ORIGIN (RAM) + LENGTH (RAM))
                0x00000200                        _Min_Heap_Size = 0x200
                0x00000400                        _Min_Stack_Size = 0x400

.isr_vector     0x08000000      0x1f8
                0x08000000                        . = ALIGN (0x4)
 *(.isr_vector)
 .isr_vector    0x08000000      0x1f8 CMakeFiles/robomas_shisaku_f767zi_1.dir/startup_stm32f767xx.s.obj
                0x08000000                g_pfnVectors
                0x080001f8                        . = ALIGN (0x4)

.text           0x080001f8     0x8d10
                0x080001f8                        . = ALIGN (0x4)
 *(.text)
 .text          0x080001f8       0x40 /opt/st/stm32cubeclt_1.17.0/GNU-tools-for-STM32/bin/../lib/gcc/arm-none-eabi/12.3.1/thumb/v7e-m+dp/hard/crtbegin.o
 .text          0x08000238       0x30 /opt/st/stm32cubeclt_1.17.0/GNU-tools-for-STM32/bin/../lib/gcc/arm-none-eabi/12.3.1/thumb/v7e-m+dp/hard/libgcc.a(_aeabi_uldivmod.o)
                0x08000238                __aeabi_uldivmod
 .text          0x08000268      0x2bc /opt/st/stm32cubeclt_1.17.0/GNU-tools-for-STM32/bin/../lib/gcc/arm-none-eabi/12.3.1/thumb/v7e-m+dp/hard/libgcc.a(_udivmoddi4.o)
                0x08000268                __udivmoddi4
 .text          0x08000524        0x4 /opt/st/stm32cubeclt_1.17.0/GNU-tools-for-STM32/bin/../lib/gcc/arm-none-eabi/12.3.1/thumb/v7e-m+dp/hard/libgcc.a(_dvmd_tls.o)
                0x08000524                __aeabi_ldiv0
                0x08000524                __aeabi_idiv0
 *(.text*)
 .text.main     0x08000528       0x2a CMakeFiles/robomas_shisaku_f767zi_1.dir/Core/Src/main.c.obj
                0x08000528                main
 *fill*         0x08000552        0x2 
 .text.SystemClock_Config
                0x08000554       0xdc CMakeFiles/robomas_shisaku_f767zi_1.dir/Core/Src/main.c.obj
                0x08000554                SystemClock_Config
 .text.MPU_Config
                0x08000630       0x58 CMakeFiles/robomas_shisaku_f767zi_1.dir/Core/Src/main.c.obj
 .text.Error_Handler
                0x08000688        0xc CMakeFiles/robomas_shisaku_f767zi_1.dir/Core/Src/main.c.obj
                0x08000688                Error_Handler
 .text.MX_GPIO_Init
                0x08000694       0xb0 CMakeFiles/robomas_shisaku_f767zi_1.dir/Core/Src/gpio.c.obj
                0x08000694                MX_GPIO_Init
 .text.MX_CAN1_Init
                0x08000744       0x6c CMakeFiles/robomas_shisaku_f767zi_1.dir/Core/Src/can.c.obj
                0x08000744                MX_CAN1_Init
 .text.HAL_CAN_MspInit
                0x080007b0       0xa8 CMakeFiles/robomas_shisaku_f767zi_1.dir/Core/Src/can.c.obj
                0x080007b0                HAL_CAN_MspInit
 .text.MX_USART3_UART_Init
                0x08000858       0x60 CMakeFiles/robomas_shisaku_f767zi_1.dir/Core/Src/usart.c.obj
                0x08000858                MX_USART3_UART_Init
 .text.HAL_UART_MspInit
                0x080008b8       0xc0 CMakeFiles/robomas_shisaku_f767zi_1.dir/Core/Src/usart.c.obj
                0x080008b8                HAL_UART_MspInit
 .text.NMI_Handler
                0x08000978        0x8 CMakeFiles/robomas_shisaku_f767zi_1.dir/Core/Src/stm32f7xx_it.c.obj
                0x08000978                NMI_Handler
 .text.HardFault_Handler
                0x08000980        0x8 CMakeFiles/robomas_shisaku_f767zi_1.dir/Core/Src/stm32f7xx_it.c.obj
                0x08000980                HardFault_Handler
 .text.MemManage_Handler
                0x08000988        0x8 CMakeFiles/robomas_shisaku_f767zi_1.dir/Core/Src/stm32f7xx_it.c.obj
                0x08000988                MemManage_Handler
 .text.BusFault_Handler
                0x08000990        0x8 CMakeFiles/robomas_shisaku_f767zi_1.dir/Core/Src/stm32f7xx_it.c.obj
                0x08000990                BusFault_Handler
 .text.UsageFault_Handler
                0x08000998        0x8 CMakeFiles/robomas_shisaku_f767zi_1.dir/Core/Src/stm32f7xx_it.c.obj
                0x08000998                UsageFault_Handler
 .text.SVC_Handler
                0x080009a0        0xe CMakeFiles/robomas_shisaku_f767zi_1.dir/Core/Src/stm32f7xx_it.c.obj
                0x080009a0                SVC_Handler
 .text.DebugMon_Handler
                0x080009ae        0xe CMakeFiles/robomas_shisaku_f767zi_1.dir/Core/Src/stm32f7xx_it.c.obj
                0x080009ae                DebugMon_Handler
 .text.PendSV_Handler
                0x080009bc        0xe CMakeFiles/robomas_shisaku_f767zi_1.dir/Core/Src/stm32f7xx_it.c.obj
                0x080009bc                PendSV_Handler
 .text.SysTick_Handler
                0x080009ca        0xc CMakeFiles/robomas_shisaku_f767zi_1.dir/Core/Src/stm32f7xx_it.c.obj
                0x080009ca                SysTick_Handler
 *fill*         0x080009d6        0x2 
 .text.CAN1_TX_IRQHandler
                0x080009d8       0x14 CMakeFiles/robomas_shisaku_f767zi_1.dir/Core/Src/stm32f7xx_it.c.obj
                0x080009d8                CAN1_TX_IRQHandler
 .text.CAN1_RX0_IRQHandler
                0x080009ec       0x14 CMakeFiles/robomas_shisaku_f767zi_1.dir/Core/Src/stm32f7xx_it.c.obj
                0x080009ec                CAN1_RX0_IRQHandler
 .text.OTG_FS_IRQHandler
                0x08000a00       0x14 CMakeFiles/robomas_shisaku_f767zi_1.dir/Core/Src/stm32f7xx_it.c.obj
                0x08000a00                OTG_FS_IRQHandler
 .text.HAL_MspInit
                0x08000a14       0x48 CMakeFiles/robomas_shisaku_f767zi_1.dir/Core/Src/stm32f7xx_hal_msp.c.obj
                0x08000a14                HAL_MspInit
 .text.MX_USB_DEVICE_Init
                0x08000a5c       0x60 CMakeFiles/robomas_shisaku_f767zi_1.dir/USB_DEVICE/App/usb_device.c.obj
                0x08000a5c                MX_USB_DEVICE_Init
 .text.USBD_FS_DeviceDescriptor
                0x08000abc       0x24 CMakeFiles/robomas_shisaku_f767zi_1.dir/USB_DEVICE/App/usbd_desc.c.obj
                0x08000abc                USBD_FS_DeviceDescriptor
 .text.USBD_FS_LangIDStrDescriptor
                0x08000ae0       0x24 CMakeFiles/robomas_shisaku_f767zi_1.dir/USB_DEVICE/App/usbd_desc.c.obj
                0x08000ae0                USBD_FS_LangIDStrDescriptor
 .text.USBD_FS_ProductStrDescriptor
                0x08000b04       0x3c CMakeFiles/robomas_shisaku_f767zi_1.dir/USB_DEVICE/App/usbd_desc.c.obj
                0x08000b04                USBD_FS_ProductStrDescriptor
 .text.USBD_FS_ManufacturerStrDescriptor
                0x08000b40       0x28 CMakeFiles/robomas_shisaku_f767zi_1.dir/USB_DEVICE/App/usbd_desc.c.obj
                0x08000b40                USBD_FS_ManufacturerStrDescriptor
 .text.USBD_FS_SerialStrDescriptor
                0x08000b68       0x24 CMakeFiles/robomas_shisaku_f767zi_1.dir/USB_DEVICE/App/usbd_desc.c.obj
                0x08000b68                USBD_FS_SerialStrDescriptor
 .text.USBD_FS_ConfigStrDescriptor
                0x08000b8c       0x3c CMakeFiles/robomas_shisaku_f767zi_1.dir/USB_DEVICE/App/usbd_desc.c.obj
                0x08000b8c                USBD_FS_ConfigStrDescriptor
 .text.USBD_FS_InterfaceStrDescriptor
                0x08000bc8       0x3c CMakeFiles/robomas_shisaku_f767zi_1.dir/USB_DEVICE/App/usbd_desc.c.obj
                0x08000bc8                USBD_FS_InterfaceStrDescriptor
 .text.USBD_FS_USR_BOSDescriptor
                0x08000c04       0x24 CMakeFiles/robomas_shisaku_f767zi_1.dir/USB_DEVICE/App/usbd_desc.c.obj
                0x08000c04                USBD_FS_USR_BOSDescriptor
 .text.Get_SerialNum
                0x08000c28       0x58 CMakeFiles/robomas_shisaku_f767zi_1.dir/USB_DEVICE/App/usbd_desc.c.obj
 .text.IntToUnicode
                0x08000c80       0x7e CMakeFiles/robomas_shisaku_f767zi_1.dir/USB_DEVICE/App/usbd_desc.c.obj
 *fill*         0x08000cfe        0x2 
 .text.CDC_Init_FS
                0x08000d00       0x28 CMakeFiles/robomas_shisaku_f767zi_1.dir/USB_DEVICE/App/usbd_cdc_if.c.obj
 .text.CDC_DeInit_FS
                0x08000d28       0x10 CMakeFiles/robomas_shisaku_f767zi_1.dir/USB_DEVICE/App/usbd_cdc_if.c.obj
 .text.CDC_Control_FS
                0x08000d38       0xbc CMakeFiles/robomas_shisaku_f767zi_1.dir/USB_DEVICE/App/usbd_cdc_if.c.obj
 .text.CDC_Receive_FS
                0x08000df4       0x28 CMakeFiles/robomas_shisaku_f767zi_1.dir/USB_DEVICE/App/usbd_cdc_if.c.obj
 .text.CDC_TransmitCplt_FS
                0x08000e1c       0x22 CMakeFiles/robomas_shisaku_f767zi_1.dir/USB_DEVICE/App/usbd_cdc_if.c.obj
 *fill*         0x08000e3e        0x2 
 .text.HAL_PCD_MspInit
                0x08000e40      0x100 CMakeFiles/robomas_shisaku_f767zi_1.dir/USB_DEVICE/Target/usbd_conf.c.obj
                0x08000e40                HAL_PCD_MspInit
 .text.HAL_PCD_SetupStageCallback
                0x08000f40       0x24 CMakeFiles/robomas_shisaku_f767zi_1.dir/USB_DEVICE/Target/usbd_conf.c.obj
                0x08000f40                HAL_PCD_SetupStageCallback
 .text.HAL_PCD_DataOutStageCallback
                0x08000f64       0x36 CMakeFiles/robomas_shisaku_f767zi_1.dir/USB_DEVICE/Target/usbd_conf.c.obj
                0x08000f64                HAL_PCD_DataOutStageCallback
 .text.HAL_PCD_DataInStageCallback
                0x08000f9a       0x34 CMakeFiles/robomas_shisaku_f767zi_1.dir/USB_DEVICE/Target/usbd_conf.c.obj
                0x08000f9a                HAL_PCD_DataInStageCallback
 .text.HAL_PCD_SOFCallback
                0x08000fce       0x1c CMakeFiles/robomas_shisaku_f767zi_1.dir/USB_DEVICE/Target/usbd_conf.c.obj
                0x08000fce                HAL_PCD_SOFCallback
 .text.HAL_PCD_ResetCallback
                0x08000fea       0x50 CMakeFiles/robomas_shisaku_f767zi_1.dir/USB_DEVICE/Target/usbd_conf.c.obj
                0x08000fea                HAL_PCD_ResetCallback
 *fill*         0x0800103a        0x2 
 .text.HAL_PCD_SuspendCallback
                0x0800103c       0x4c CMakeFiles/robomas_shisaku_f767zi_1.dir/USB_DEVICE/Target/usbd_conf.c.obj
                0x0800103c                HAL_PCD_SuspendCallback
 .text.HAL_PCD_ResumeCallback
                0x08001088       0x1c CMakeFiles/robomas_shisaku_f767zi_1.dir/USB_DEVICE/Target/usbd_conf.c.obj
                0x08001088                HAL_PCD_ResumeCallback
 .text.HAL_PCD_ISOOUTIncompleteCallback
                0x080010a4       0x24 CMakeFiles/robomas_shisaku_f767zi_1.dir/USB_DEVICE/Target/usbd_conf.c.obj
                0x080010a4                HAL_PCD_ISOOUTIncompleteCallback
 .text.HAL_PCD_ISOINIncompleteCallback
                0x080010c8       0x24 CMakeFiles/robomas_shisaku_f767zi_1.dir/USB_DEVICE/Target/usbd_conf.c.obj
                0x080010c8                HAL_PCD_ISOINIncompleteCallback
 .text.HAL_PCD_ConnectCallback
                0x080010ec       0x1c CMakeFiles/robomas_shisaku_f767zi_1.dir/USB_DEVICE/Target/usbd_conf.c.obj
                0x080010ec                HAL_PCD_ConnectCallback
 .text.HAL_PCD_DisconnectCallback
                0x08001108       0x1c CMakeFiles/robomas_shisaku_f767zi_1.dir/USB_DEVICE/Target/usbd_conf.c.obj
                0x08001108                HAL_PCD_DisconnectCallback
 .text.USBD_LL_Init
                0x08001124       0x98 CMakeFiles/robomas_shisaku_f767zi_1.dir/USB_DEVICE/Target/usbd_conf.c.obj
                0x08001124                USBD_LL_Init
 .text.USBD_LL_Start
                0x080011bc       0x36 CMakeFiles/robomas_shisaku_f767zi_1.dir/USB_DEVICE/Target/usbd_conf.c.obj
                0x080011bc                USBD_LL_Start
 .text.USBD_LL_OpenEP
                0x080011f2       0x4c CMakeFiles/robomas_shisaku_f767zi_1.dir/USB_DEVICE/Target/usbd_conf.c.obj
                0x080011f2                USBD_LL_OpenEP
 .text.USBD_LL_CloseEP
                0x0800123e       0x3e CMakeFiles/robomas_shisaku_f767zi_1.dir/USB_DEVICE/Target/usbd_conf.c.obj
                0x0800123e                USBD_LL_CloseEP
 .text.USBD_LL_StallEP
                0x0800127c       0x3e CMakeFiles/robomas_shisaku_f767zi_1.dir/USB_DEVICE/Target/usbd_conf.c.obj
                0x0800127c                USBD_LL_StallEP
 .text.USBD_LL_ClearStallEP
                0x080012ba       0x3e CMakeFiles/robomas_shisaku_f767zi_1.dir/USB_DEVICE/Target/usbd_conf.c.obj
                0x080012ba                USBD_LL_ClearStallEP
 .text.USBD_LL_IsStallEP
                0x080012f8       0x58 CMakeFiles/robomas_shisaku_f767zi_1.dir/USB_DEVICE/Target/usbd_conf.c.obj
                0x080012f8                USBD_LL_IsStallEP
 .text.USBD_LL_SetUSBAddress
                0x08001350       0x3e CMakeFiles/robomas_shisaku_f767zi_1.dir/USB_DEVICE/Target/usbd_conf.c.obj
                0x08001350                USBD_LL_SetUSBAddress
 .text.USBD_LL_Transmit
                0x0800138e       0x42 CMakeFiles/robomas_shisaku_f767zi_1.dir/USB_DEVICE/Target/usbd_conf.c.obj
                0x0800138e                USBD_LL_Transmit
 .text.USBD_LL_PrepareReceive
                0x080013d0       0x42 CMakeFiles/robomas_shisaku_f767zi_1.dir/USB_DEVICE/Target/usbd_conf.c.obj
                0x080013d0                USBD_LL_PrepareReceive
 .text.USBD_LL_GetRxDataSize
                0x08001412       0x26 CMakeFiles/robomas_shisaku_f767zi_1.dir/USB_DEVICE/Target/usbd_conf.c.obj
                0x08001412                USBD_LL_GetRxDataSize
 .text.HAL_PCDEx_LPM_Callback
                0x08001438       0x9c CMakeFiles/robomas_shisaku_f767zi_1.dir/USB_DEVICE/Target/usbd_conf.c.obj
                0x08001438                HAL_PCDEx_LPM_Callback
 .text.SystemClockConfig_Resume
                0x080014d4        0xc CMakeFiles/robomas_shisaku_f767zi_1.dir/USB_DEVICE/Target/usbd_conf.c.obj
 .text.USBD_Get_USB_Status
                0x080014e0       0x58 CMakeFiles/robomas_shisaku_f767zi_1.dir/USB_DEVICE/Target/usbd_conf.c.obj
                0x080014e0                USBD_Get_USB_Status
 .text.HAL_PCD_Init
                0x08001538      0x22c CMakeFiles/robomas_shisaku_f767zi_1.dir/Drivers/STM32F7xx_HAL_Driver/Src/stm32f7xx_hal_pcd.c.obj
                0x08001538                HAL_PCD_Init
 .text.HAL_PCD_Start
                0x08001764       0x44 CMakeFiles/robomas_shisaku_f767zi_1.dir/Drivers/STM32F7xx_HAL_Driver/Src/stm32f7xx_hal_pcd.c.obj
                0x08001764                HAL_PCD_Start
 .text.HAL_PCD_IRQHandler
                0x080017a8      0x99c CMakeFiles/robomas_shisaku_f767zi_1.dir/Drivers/STM32F7xx_HAL_Driver/Src/stm32f7xx_hal_pcd.c.obj
                0x080017a8                HAL_PCD_IRQHandler
 .text.HAL_PCD_SetAddress
                0x08002144       0x48 CMakeFiles/robomas_shisaku_f767zi_1.dir/Drivers/STM32F7xx_HAL_Driver/Src/stm32f7xx_hal_pcd.c.obj
                0x08002144                HAL_PCD_SetAddress
 .text.HAL_PCD_EP_Open
                0x0800218c       0xd0 CMakeFiles/robomas_shisaku_f767zi_1.dir/Drivers/STM32F7xx_HAL_Driver/Src/stm32f7xx_hal_pcd.c.obj
                0x0800218c                HAL_PCD_EP_Open
 .text.HAL_PCD_EP_Close
                0x0800225c       0x94 CMakeFiles/robomas_shisaku_f767zi_1.dir/Drivers/STM32F7xx_HAL_Driver/Src/stm32f7xx_hal_pcd.c.obj
                0x0800225c                HAL_PCD_EP_Close
 .text.HAL_PCD_EP_Receive
                0x080022f0       0x76 CMakeFiles/robomas_shisaku_f767zi_1.dir/Drivers/STM32F7xx_HAL_Driver/Src/stm32f7xx_hal_pcd.c.obj
                0x080022f0                HAL_PCD_EP_Receive
 .text.HAL_PCD_EP_GetRxCount
                0x08002366       0x30 CMakeFiles/robomas_shisaku_f767zi_1.dir/Drivers/STM32F7xx_HAL_Driver/Src/stm32f7xx_hal_pcd.c.obj
                0x08002366                HAL_PCD_EP_GetRxCount
 .text.HAL_PCD_EP_Transmit
                0x08002396       0x74 CMakeFiles/robomas_shisaku_f767zi_1.dir/Drivers/STM32F7xx_HAL_Driver/Src/stm32f7xx_hal_pcd.c.obj
                0x08002396                HAL_PCD_EP_Transmit
 .text.HAL_PCD_EP_SetStall
                0x0800240a       0xc6 CMakeFiles/robomas_shisaku_f767zi_1.dir/Drivers/STM32F7xx_HAL_Driver/Src/stm32f7xx_hal_pcd.c.obj
                0x0800240a                HAL_PCD_EP_SetStall
 .text.HAL_PCD_EP_ClrStall
                0x080024d0       0xac CMakeFiles/robomas_shisaku_f767zi_1.dir/Drivers/STM32F7xx_HAL_Driver/Src/stm32f7xx_hal_pcd.c.obj
                0x080024d0                HAL_PCD_EP_ClrStall
 .text.HAL_PCD_EP_Abort
                0x0800257c       0x62 CMakeFiles/robomas_shisaku_f767zi_1.dir/Drivers/STM32F7xx_HAL_Driver/Src/stm32f7xx_hal_pcd.c.obj
                0x0800257c                HAL_PCD_EP_Abort
 .text.PCD_WriteEmptyTxFifo
                0x080025de      0x118 CMakeFiles/robomas_shisaku_f767zi_1.dir/Drivers/STM32F7xx_HAL_Driver/Src/stm32f7xx_hal_pcd.c.obj
 *fill*         0x080026f6        0x2 
 .text.PCD_EP_OutXfrComplete_int
                0x080026f8      0x1d0 CMakeFiles/robomas_shisaku_f767zi_1.dir/Drivers/STM32F7xx_HAL_Driver/Src/stm32f7xx_hal_pcd.c.obj
 .text.PCD_EP_OutSetupPacket_int
                0x080028c8       0x8c CMakeFiles/robomas_shisaku_f767zi_1.dir/Drivers/STM32F7xx_HAL_Driver/Src/stm32f7xx_hal_pcd.c.obj
 .text.HAL_PCDEx_SetTxFiFo
                0x08002954       0x8e CMakeFiles/robomas_shisaku_f767zi_1.dir/Drivers/STM32F7xx_HAL_Driver/Src/stm32f7xx_hal_pcd_ex.c.obj
                0x08002954                HAL_PCDEx_SetTxFiFo
 .text.HAL_PCDEx_SetRxFiFo
                0x080029e2       0x22 CMakeFiles/robomas_shisaku_f767zi_1.dir/Drivers/STM32F7xx_HAL_Driver/Src/stm32f7xx_hal_pcd_ex.c.obj
                0x080029e2                HAL_PCDEx_SetRxFiFo
 .text.HAL_PCDEx_ActivateLPM
                0x08002a04       0x48 CMakeFiles/robomas_shisaku_f767zi_1.dir/Drivers/STM32F7xx_HAL_Driver/Src/stm32f7xx_hal_pcd_ex.c.obj
                0x08002a04                HAL_PCDEx_ActivateLPM
 .text.USB_CoreInit
                0x08002a4c       0xb4 CMakeFiles/robomas_shisaku_f767zi_1.dir/Drivers/STM32F7xx_HAL_Driver/Src/stm32f7xx_ll_usb.c.obj
                0x08002a4c                USB_CoreInit
 .text.USB_SetTurnaroundTime
                0x08002b00      0x144 CMakeFiles/robomas_shisaku_f767zi_1.dir/Drivers/STM32F7xx_HAL_Driver/Src/stm32f7xx_ll_usb.c.obj
                0x08002b00                USB_SetTurnaroundTime
 .text.USB_EnableGlobalInt
                0x08002c44       0x22 CMakeFiles/robomas_shisaku_f767zi_1.dir/Drivers/STM32F7xx_HAL_Driver/Src/stm32f7xx_ll_usb.c.obj
                0x08002c44                USB_EnableGlobalInt
 .text.USB_DisableGlobalInt
                0x08002c66       0x22 CMakeFiles/robomas_shisaku_f767zi_1.dir/Drivers/STM32F7xx_HAL_Driver/Src/stm32f7xx_ll_usb.c.obj
                0x08002c66                USB_DisableGlobalInt
 .text.USB_SetCurrentMode
                0x08002c88       0x98 CMakeFiles/robomas_shisaku_f767zi_1.dir/Drivers/STM32F7xx_HAL_Driver/Src/stm32f7xx_ll_usb.c.obj
                0x08002c88                USB_SetCurrentMode
 .text.USB_DevInit
                0x08002d20      0x2bc CMakeFiles/robomas_shisaku_f767zi_1.dir/Drivers/STM32F7xx_HAL_Driver/Src/stm32f7xx_ll_usb.c.obj
                0x08002d20                USB_DevInit
 .text.USB_FlushTxFifo
                0x08002fdc       0x64 CMakeFiles/robomas_shisaku_f767zi_1.dir/Drivers/STM32F7xx_HAL_Driver/Src/stm32f7xx_ll_usb.c.obj
                0x08002fdc                USB_FlushTxFifo
 .text.USB_FlushRxFifo
                0x08003040       0x5c CMakeFiles/robomas_shisaku_f767zi_1.dir/Drivers/STM32F7xx_HAL_Driver/Src/stm32f7xx_ll_usb.c.obj
                0x08003040                USB_FlushRxFifo
 .text.USB_SetDevSpeed
                0x0800309c       0x32 CMakeFiles/robomas_shisaku_f767zi_1.dir/Drivers/STM32F7xx_HAL_Driver/Src/stm32f7xx_ll_usb.c.obj
                0x0800309c                USB_SetDevSpeed
 .text.USB_GetDevSpeed
                0x080030ce       0x4a CMakeFiles/robomas_shisaku_f767zi_1.dir/Drivers/STM32F7xx_HAL_Driver/Src/stm32f7xx_ll_usb.c.obj
                0x080030ce                USB_GetDevSpeed
 .text.USB_ActivateEndpoint
                0x08003118      0x110 CMakeFiles/robomas_shisaku_f767zi_1.dir/Drivers/STM32F7xx_HAL_Driver/Src/stm32f7xx_ll_usb.c.obj
                0x08003118                USB_ActivateEndpoint
 .text.USB_DeactivateEndpoint
                0x08003228      0x1b8 CMakeFiles/robomas_shisaku_f767zi_1.dir/Drivers/STM32F7xx_HAL_Driver/Src/stm32f7xx_ll_usb.c.obj
                0x08003228                USB_DeactivateEndpoint
 .text.USB_EPStartXfer
                0x080033e0      0x540 CMakeFiles/robomas_shisaku_f767zi_1.dir/Drivers/STM32F7xx_HAL_Driver/Src/stm32f7xx_ll_usb.c.obj
                0x080033e0                USB_EPStartXfer
 .text.USB_EPStopXfer
                0x08003920      0x154 CMakeFiles/robomas_shisaku_f767zi_1.dir/Drivers/STM32F7xx_HAL_Driver/Src/stm32f7xx_ll_usb.c.obj
                0x08003920                USB_EPStopXfer
 .text.USB_WritePacket
                0x08003a74       0x7c CMakeFiles/robomas_shisaku_f767zi_1.dir/Drivers/STM32F7xx_HAL_Driver/Src/stm32f7xx_ll_usb.c.obj
                0x08003a74                USB_WritePacket
 .text.USB_ReadPacket
                0x08003af0       0xb0 CMakeFiles/robomas_shisaku_f767zi_1.dir/Drivers/STM32F7xx_HAL_Driver/Src/stm32f7xx_ll_usb.c.obj
                0x08003af0                USB_ReadPacket
 .text.USB_EPSetStall
                0x08003ba0       0xdc CMakeFiles/robomas_shisaku_f767zi_1.dir/Drivers/STM32F7xx_HAL_Driver/Src/stm32f7xx_ll_usb.c.obj
                0x08003ba0                USB_EPSetStall
 .text.USB_EPClearStall
                0x08003c7c       0xcc CMakeFiles/robomas_shisaku_f767zi_1.dir/Drivers/STM32F7xx_HAL_Driver/Src/stm32f7xx_ll_usb.c.obj
                0x08003c7c                USB_EPClearStall
 .text.USB_SetDevAddress
                0x08003d48       0x4c CMakeFiles/robomas_shisaku_f767zi_1.dir/Drivers/STM32F7xx_HAL_Driver/Src/stm32f7xx_ll_usb.c.obj
                0x08003d48                USB_SetDevAddress
 .text.USB_DevConnect
                0x08003d94       0x42 CMakeFiles/robomas_shisaku_f767zi_1.dir/Drivers/STM32F7xx_HAL_Driver/Src/stm32f7xx_ll_usb.c.obj
                0x08003d94                USB_DevConnect
 .text.USB_DevDisconnect
                0x08003dd6       0x42 CMakeFiles/robomas_shisaku_f767zi_1.dir/Drivers/STM32F7xx_HAL_Driver/Src/stm32f7xx_ll_usb.c.obj
                0x08003dd6                USB_DevDisconnect
 .text.USB_ReadInterrupts
                0x08003e18       0x26 CMakeFiles/robomas_shisaku_f767zi_1.dir/Drivers/STM32F7xx_HAL_Driver/Src/stm32f7xx_ll_usb.c.obj
                0x08003e18                USB_ReadInterrupts
 .text.USB_ReadDevAllOutEpInterrupt
                0x08003e3e       0x34 CMakeFiles/robomas_shisaku_f767zi_1.dir/Drivers/STM32F7xx_HAL_Driver/Src/stm32f7xx_ll_usb.c.obj
                0x08003e3e                USB_ReadDevAllOutEpInterrupt
 .text.USB_ReadDevAllInEpInterrupt
                0x08003e72       0x34 CMakeFiles/robomas_shisaku_f767zi_1.dir/Drivers/STM32F7xx_HAL_Driver/Src/stm32f7xx_ll_usb.c.obj
                0x08003e72                USB_ReadDevAllInEpInterrupt
 .text.USB_ReadDevOutEPInterrupt
                0x08003ea6       0x3c CMakeFiles/robomas_shisaku_f767zi_1.dir/Drivers/STM32F7xx_HAL_Driver/Src/stm32f7xx_ll_usb.c.obj
                0x08003ea6                USB_ReadDevOutEPInterrupt
 .text.USB_ReadDevInEPInterrupt
                0x08003ee2       0x5c CMakeFiles/robomas_shisaku_f767zi_1.dir/Drivers/STM32F7xx_HAL_Driver/Src/stm32f7xx_ll_usb.c.obj
                0x08003ee2                USB_ReadDevInEPInterrupt
 .text.USB_GetMode
                0x08003f3e       0x1c CMakeFiles/robomas_shisaku_f767zi_1.dir/Drivers/STM32F7xx_HAL_Driver/Src/stm32f7xx_ll_usb.c.obj
                0x08003f3e                USB_GetMode
 *fill*         0x08003f5a        0x2 
 .text.USB_ActivateSetup
                0x08003f5c       0x48 CMakeFiles/robomas_shisaku_f767zi_1.dir/Drivers/STM32F7xx_HAL_Driver/Src/stm32f7xx_ll_usb.c.obj
                0x08003f5c                USB_ActivateSetup
 .text.USB_EP0_OutStart
                0x08003fa4       0xbc CMakeFiles/robomas_shisaku_f767zi_1.dir/Drivers/STM32F7xx_HAL_Driver/Src/stm32f7xx_ll_usb.c.obj
                0x08003fa4                USB_EP0_OutStart
 .text.USB_CoreReset
                0x08004060       0x62 CMakeFiles/robomas_shisaku_f767zi_1.dir/Drivers/STM32F7xx_HAL_Driver/Src/stm32f7xx_ll_usb.c.obj
 *fill*         0x080040c2        0x2 
 .text.HAL_RCC_OscConfig
                0x080040c4      0x55c CMakeFiles/robomas_shisaku_f767zi_1.dir/Drivers/STM32F7xx_HAL_Driver/Src/stm32f7xx_hal_rcc.c.obj
                0x080040c4                HAL_RCC_OscConfig
 .text.HAL_RCC_ClockConfig
                0x08004620      0x1d8 CMakeFiles/robomas_shisaku_f767zi_1.dir/Drivers/STM32F7xx_HAL_Driver/Src/stm32f7xx_hal_rcc.c.obj
                0x08004620                HAL_RCC_ClockConfig
 .text.HAL_RCC_GetSysClockFreq
                0x080047f8      0x20c CMakeFiles/robomas_shisaku_f767zi_1.dir/Drivers/STM32F7xx_HAL_Driver/Src/stm32f7xx_hal_rcc.c.obj
                0x080047f8                HAL_RCC_GetSysClockFreq
 .text.HAL_RCC_GetHCLKFreq
                0x08004a04       0x18 CMakeFiles/robomas_shisaku_f767zi_1.dir/Drivers/STM32F7xx_HAL_Driver/Src/stm32f7xx_hal_rcc.c.obj
                0x08004a04                HAL_RCC_GetHCLKFreq
 .text.HAL_RCC_GetPCLK1Freq
                0x08004a1c       0x28 CMakeFiles/robomas_shisaku_f767zi_1.dir/Drivers/STM32F7xx_HAL_Driver/Src/stm32f7xx_hal_rcc.c.obj
                0x08004a1c                HAL_RCC_GetPCLK1Freq
 .text.HAL_RCC_GetPCLK2Freq
                0x08004a44       0x28 CMakeFiles/robomas_shisaku_f767zi_1.dir/Drivers/STM32F7xx_HAL_Driver/Src/stm32f7xx_hal_rcc.c.obj
                0x08004a44                HAL_RCC_GetPCLK2Freq
 .text.HAL_RCCEx_PeriphCLKConfig
                0x08004a6c      0x850 CMakeFiles/robomas_shisaku_f767zi_1.dir/Drivers/STM32F7xx_HAL_Driver/Src/stm32f7xx_hal_rcc_ex.c.obj
                0x08004a6c                HAL_RCCEx_PeriphCLKConfig
 .text.HAL_GPIO_Init
                0x080052bc      0x358 CMakeFiles/robomas_shisaku_f767zi_1.dir/Drivers/STM32F7xx_HAL_Driver/Src/stm32f7xx_hal_gpio.c.obj
                0x080052bc                HAL_GPIO_Init
 .text.HAL_GPIO_WritePin
                0x08005614       0x32 CMakeFiles/robomas_shisaku_f767zi_1.dir/Drivers/STM32F7xx_HAL_Driver/Src/stm32f7xx_hal_gpio.c.obj
                0x08005614                HAL_GPIO_WritePin
 *fill*         0x08005646        0x2 
 .text.HAL_PWREx_EnableOverDrive
                0x08005648       0xa0 CMakeFiles/robomas_shisaku_f767zi_1.dir/Drivers/STM32F7xx_HAL_Driver/Src/stm32f7xx_hal_pwr_ex.c.obj
                0x08005648                HAL_PWREx_EnableOverDrive
 .text.__NVIC_SetPriorityGrouping
                0x080056e8       0x48 CMakeFiles/robomas_shisaku_f767zi_1.dir/Drivers/STM32F7xx_HAL_Driver/Src/stm32f7xx_hal_cortex.c.obj
 .text.__NVIC_GetPriorityGrouping
                0x08005730       0x1c CMakeFiles/robomas_shisaku_f767zi_1.dir/Drivers/STM32F7xx_HAL_Driver/Src/stm32f7xx_hal_cortex.c.obj
 .text.__NVIC_EnableIRQ
                0x0800574c       0x3c CMakeFiles/robomas_shisaku_f767zi_1.dir/Drivers/STM32F7xx_HAL_Driver/Src/stm32f7xx_hal_cortex.c.obj
 .text.__NVIC_SetPriority
                0x08005788       0x54 CMakeFiles/robomas_shisaku_f767zi_1.dir/Drivers/STM32F7xx_HAL_Driver/Src/stm32f7xx_hal_cortex.c.obj
 .text.NVIC_EncodePriority
                0x080057dc       0x66 CMakeFiles/robomas_shisaku_f767zi_1.dir/Drivers/STM32F7xx_HAL_Driver/Src/stm32f7xx_hal_cortex.c.obj
 *fill*         0x08005842        0x2 
 .text.SysTick_Config
                0x08005844       0x44 CMakeFiles/robomas_shisaku_f767zi_1.dir/Drivers/STM32F7xx_HAL_Driver/Src/stm32f7xx_hal_cortex.c.obj
 .text.HAL_NVIC_SetPriorityGrouping
                0x08005888       0x16 CMakeFiles/robomas_shisaku_f767zi_1.dir/Drivers/STM32F7xx_HAL_Driver/Src/stm32f7xx_hal_cortex.c.obj
                0x08005888                HAL_NVIC_SetPriorityGrouping
 .text.HAL_NVIC_SetPriority
                0x0800589e       0x38 CMakeFiles/robomas_shisaku_f767zi_1.dir/Drivers/STM32F7xx_HAL_Driver/Src/stm32f7xx_hal_cortex.c.obj
                0x0800589e                HAL_NVIC_SetPriority
 .text.HAL_NVIC_EnableIRQ
                0x080058d6       0x1c CMakeFiles/robomas_shisaku_f767zi_1.dir/Drivers/STM32F7xx_HAL_Driver/Src/stm32f7xx_hal_cortex.c.obj
                0x080058d6                HAL_NVIC_EnableIRQ
 .text.HAL_SYSTICK_Config
                0x080058f2       0x18 CMakeFiles/robomas_shisaku_f767zi_1.dir/Drivers/STM32F7xx_HAL_Driver/Src/stm32f7xx_hal_cortex.c.obj
                0x080058f2                HAL_SYSTICK_Config
 *fill*         0x0800590a        0x2 
 .text.HAL_MPU_Disable
                0x0800590c       0x30 CMakeFiles/robomas_shisaku_f767zi_1.dir/Drivers/STM32F7xx_HAL_Driver/Src/stm32f7xx_hal_cortex.c.obj
                0x0800590c                HAL_MPU_Disable
 .text.HAL_MPU_Enable
                0x0800593c       0x40 CMakeFiles/robomas_shisaku_f767zi_1.dir/Drivers/STM32F7xx_HAL_Driver/Src/stm32f7xx_hal_cortex.c.obj
                0x0800593c                HAL_MPU_Enable
 .text.HAL_MPU_ConfigRegion
                0x0800597c       0x80 CMakeFiles/robomas_shisaku_f767zi_1.dir/Drivers/STM32F7xx_HAL_Driver/Src/stm32f7xx_hal_cortex.c.obj
                0x0800597c                HAL_MPU_ConfigRegion
 .text.HAL_Init
                0x080059fc       0x1a CMakeFiles/robomas_shisaku_f767zi_1.dir/Drivers/STM32F7xx_HAL_Driver/Src/stm32f7xx_hal.c.obj
                0x080059fc                HAL_Init
 *fill*         0x08005a16        0x2 
 .text.HAL_InitTick
                0x08005a18       0x60 CMakeFiles/robomas_shisaku_f767zi_1.dir/Drivers/STM32F7xx_HAL_Driver/Src/stm32f7xx_hal.c.obj
                0x08005a18                HAL_InitTick
 .text.HAL_IncTick
                0x08005a78       0x28 CMakeFiles/robomas_shisaku_f767zi_1.dir/Drivers/STM32F7xx_HAL_Driver/Src/stm32f7xx_hal.c.obj
                0x08005a78                HAL_IncTick
 .text.HAL_GetTick
                0x08005aa0       0x18 CMakeFiles/robomas_shisaku_f767zi_1.dir/Drivers/STM32F7xx_HAL_Driver/Src/stm32f7xx_hal.c.obj
                0x08005aa0                HAL_GetTick
 .text.HAL_Delay
                0x08005ab8       0x48 CMakeFiles/robomas_shisaku_f767zi_1.dir/Drivers/STM32F7xx_HAL_Driver/Src/stm32f7xx_hal.c.obj
                0x08005ab8                HAL_Delay
 .text.HAL_CAN_Init
                0x08005b00      0x1f6 CMakeFiles/robomas_shisaku_f767zi_1.dir/Drivers/STM32F7xx_HAL_Driver/Src/stm32f7xx_hal_can.c.obj
                0x08005b00                HAL_CAN_Init
 .text.HAL_CAN_IRQHandler
                0x08005cf6      0x36e CMakeFiles/robomas_shisaku_f767zi_1.dir/Drivers/STM32F7xx_HAL_Driver/Src/stm32f7xx_hal_can.c.obj
                0x08005cf6                HAL_CAN_IRQHandler
 .text.HAL_CAN_TxMailbox0CompleteCallback
                0x08006064       0x14 CMakeFiles/robomas_shisaku_f767zi_1.dir/Drivers/STM32F7xx_HAL_Driver/Src/stm32f7xx_hal_can.c.obj
                0x08006064                HAL_CAN_TxMailbox0CompleteCallback
 .text.HAL_CAN_TxMailbox1CompleteCallback
                0x08006078       0x14 CMakeFiles/robomas_shisaku_f767zi_1.dir/Drivers/STM32F7xx_HAL_Driver/Src/stm32f7xx_hal_can.c.obj
                0x08006078                HAL_CAN_TxMailbox1CompleteCallback
 .text.HAL_CAN_TxMailbox2CompleteCallback
                0x0800608c       0x14 CMakeFiles/robomas_shisaku_f767zi_1.dir/Drivers/STM32F7xx_HAL_Driver/Src/stm32f7xx_hal_can.c.obj
                0x0800608c                HAL_CAN_TxMailbox2CompleteCallback
 .text.HAL_CAN_TxMailbox0AbortCallback
                0x080060a0       0x14 CMakeFiles/robomas_shisaku_f767zi_1.dir/Drivers/STM32F7xx_HAL_Driver/Src/stm32f7xx_hal_can.c.obj
                0x080060a0                HAL_CAN_TxMailbox0AbortCallback
 .text.HAL_CAN_TxMailbox1AbortCallback
                0x080060b4       0x14 CMakeFiles/robomas_shisaku_f767zi_1.dir/Drivers/STM32F7xx_HAL_Driver/Src/stm32f7xx_hal_can.c.obj
                0x080060b4                HAL_CAN_TxMailbox1AbortCallback
 .text.HAL_CAN_TxMailbox2AbortCallback
                0x080060c8       0x14 CMakeFiles/robomas_shisaku_f767zi_1.dir/Drivers/STM32F7xx_HAL_Driver/Src/stm32f7xx_hal_can.c.obj
                0x080060c8                HAL_CAN_TxMailbox2AbortCallback
 .text.HAL_CAN_RxFifo0MsgPendingCallback
                0x080060dc       0x14 CMakeFiles/robomas_shisaku_f767zi_1.dir/Drivers/STM32F7xx_HAL_Driver/Src/stm32f7xx_hal_can.c.obj
                0x080060dc                HAL_CAN_RxFifo0MsgPendingCallback
 .text.HAL_CAN_RxFifo0FullCallback
                0x080060f0       0x14 CMakeFiles/robomas_shisaku_f767zi_1.dir/Drivers/STM32F7xx_HAL_Driver/Src/stm32f7xx_hal_can.c.obj
                0x080060f0                HAL_CAN_RxFifo0FullCallback
 .text.HAL_CAN_RxFifo1MsgPendingCallback
                0x08006104       0x14 CMakeFiles/robomas_shisaku_f767zi_1.dir/Drivers/STM32F7xx_HAL_Driver/Src/stm32f7xx_hal_can.c.obj
                0x08006104                HAL_CAN_RxFifo1MsgPendingCallback
 .text.HAL_CAN_RxFifo1FullCallback
                0x08006118       0x14 CMakeFiles/robomas_shisaku_f767zi_1.dir/Drivers/STM32F7xx_HAL_Driver/Src/stm32f7xx_hal_can.c.obj
                0x08006118                HAL_CAN_RxFifo1FullCallback
 .text.HAL_CAN_SleepCallback
                0x0800612c       0x14 CMakeFiles/robomas_shisaku_f767zi_1.dir/Drivers/STM32F7xx_HAL_Driver/Src/stm32f7xx_hal_can.c.obj
                0x0800612c                HAL_CAN_SleepCallback
 .text.HAL_CAN_WakeUpFromRxMsgCallback
                0x08006140       0x14 CMakeFiles/robomas_shisaku_f767zi_1.dir/Drivers/STM32F7xx_HAL_Driver/Src/stm32f7xx_hal_can.c.obj
                0x08006140                HAL_CAN_WakeUpFromRxMsgCallback
 .text.HAL_CAN_ErrorCallback
                0x08006154       0x14 CMakeFiles/robomas_shisaku_f767zi_1.dir/Drivers/STM32F7xx_HAL_Driver/Src/stm32f7xx_hal_can.c.obj
                0x08006154                HAL_CAN_ErrorCallback
 .text.HAL_UART_Init
                0x08006168       0x9c CMakeFiles/robomas_shisaku_f767zi_1.dir/Drivers/STM32F7xx_HAL_Driver/Src/stm32f7xx_hal_uart.c.obj
                0x08006168                HAL_UART_Init
 .text.UART_SetConfig
                0x08006204      0x4c8 CMakeFiles/robomas_shisaku_f767zi_1.dir/Drivers/STM32F7xx_HAL_Driver/Src/stm32f7xx_hal_uart.c.obj
                0x08006204                UART_SetConfig
 .text.UART_AdvFeatureConfig
                0x080066cc      0x144 CMakeFiles/robomas_shisaku_f767zi_1.dir/Drivers/STM32F7xx_HAL_Driver/Src/stm32f7xx_hal_uart.c.obj
                0x080066cc                UART_AdvFeatureConfig
 .text.UART_CheckIdleState
                0x08006810      0x150 CMakeFiles/robomas_shisaku_f767zi_1.dir/Drivers/STM32F7xx_HAL_Driver/Src/stm32f7xx_hal_uart.c.obj
                0x08006810                UART_CheckIdleState
 .text.UART_WaitOnFlagUntilTimeout
                0x08006960       0xda CMakeFiles/robomas_shisaku_f767zi_1.dir/Drivers/STM32F7xx_HAL_Driver/Src/stm32f7xx_hal_uart.c.obj
                0x08006960                UART_WaitOnFlagUntilTimeout
 .text.UART_EndRxTransfer
                0x08006a3a       0xc8 CMakeFiles/robomas_shisaku_f767zi_1.dir/Drivers/STM32F7xx_HAL_Driver/Src/stm32f7xx_hal_uart.c.obj
 *fill*         0x08006b02        0x2 
 .text.SystemInit
                0x08006b04       0x24 CMakeFiles/robomas_shisaku_f767zi_1.dir/Core/Src/system_stm32f7xx.c.obj
                0x08006b04                SystemInit
 .text.USBD_Init
                0x08006b28       0x60 CMakeFiles/robomas_shisaku_f767zi_1.dir/Middlewares/ST/STM32_USB_Device_Library/Core/Src/usbd_core.c.obj
                0x08006b28                USBD_Init
 .text.USBD_RegisterClass
                0x08006b88       0x6c CMakeFiles/robomas_shisaku_f767zi_1.dir/Middlewares/ST/STM32_USB_Device_Library/Core/Src/usbd_core.c.obj
                0x08006b88                USBD_RegisterClass
 .text.USBD_Start
                0x08006bf4       0x18 CMakeFiles/robomas_shisaku_f767zi_1.dir/Middlewares/ST/STM32_USB_Device_Library/Core/Src/usbd_core.c.obj
                0x08006bf4                USBD_Start
 .text.USBD_RunTestMode
                0x08006c0c       0x16 CMakeFiles/robomas_shisaku_f767zi_1.dir/Middlewares/ST/STM32_USB_Device_Library/Core/Src/usbd_core.c.obj
                0x08006c0c                USBD_RunTestMode
 .text.USBD_SetClassConfig
                0x08006c22       0x38 CMakeFiles/robomas_shisaku_f767zi_1.dir/Middlewares/ST/STM32_USB_Device_Library/Core/Src/usbd_core.c.obj
                0x08006c22                USBD_SetClassConfig
 .text.USBD_ClrClassConfig
                0x08006c5a       0x34 CMakeFiles/robomas_shisaku_f767zi_1.dir/Middlewares/ST/STM32_USB_Device_Library/Core/Src/usbd_core.c.obj
                0x08006c5a                USBD_ClrClassConfig
 .text.USBD_LL_SetupStage
                0x08006c8e       0xaa CMakeFiles/robomas_shisaku_f767zi_1.dir/Middlewares/ST/STM32_USB_Device_Library/Core/Src/usbd_core.c.obj
                0x08006c8e                USBD_LL_SetupStage
 .text.USBD_LL_DataOutStage
                0x08006d38      0x166 CMakeFiles/robomas_shisaku_f767zi_1.dir/Middlewares/ST/STM32_USB_Device_Library/Core/Src/usbd_core.c.obj
                0x08006d38                USBD_LL_DataOutStage
 .text.USBD_LL_DataInStage
                0x08006e9e      0x164 CMakeFiles/robomas_shisaku_f767zi_1.dir/Middlewares/ST/STM32_USB_Device_Library/Core/Src/usbd_core.c.obj
                0x08006e9e                USBD_LL_DataInStage
 .text.USBD_LL_Reset
                0x08007002       0xa4 CMakeFiles/robomas_shisaku_f767zi_1.dir/Middlewares/ST/STM32_USB_Device_Library/Core/Src/usbd_core.c.obj
                0x08007002                USBD_LL_Reset
 .text.USBD_LL_SetSpeed
                0x080070a6       0x20 CMakeFiles/robomas_shisaku_f767zi_1.dir/Middlewares/ST/STM32_USB_Device_Library/Core/Src/usbd_core.c.obj
                0x080070a6                USBD_LL_SetSpeed
 .text.USBD_LL_Suspend
                0x080070c6       0x38 CMakeFiles/robomas_shisaku_f767zi_1.dir/Middlewares/ST/STM32_USB_Device_Library/Core/Src/usbd_core.c.obj
                0x080070c6                USBD_LL_Suspend
 .text.USBD_LL_Resume
                0x080070fe       0x30 CMakeFiles/robomas_shisaku_f767zi_1.dir/Middlewares/ST/STM32_USB_Device_Library/Core/Src/usbd_core.c.obj
                0x080070fe                USBD_LL_Resume
 .text.USBD_LL_SOF
                0x0800712e       0x40 CMakeFiles/robomas_shisaku_f767zi_1.dir/Middlewares/ST/STM32_USB_Device_Library/Core/Src/usbd_core.c.obj
                0x0800712e                USBD_LL_SOF
 .text.USBD_LL_IsoINIncomplete
                0x0800716e       0x64 CMakeFiles/robomas_shisaku_f767zi_1.dir/Middlewares/ST/STM32_USB_Device_Library/Core/Src/usbd_core.c.obj
                0x0800716e                USBD_LL_IsoINIncomplete
 .text.USBD_LL_IsoOUTIncomplete
                0x080071d2       0x64 CMakeFiles/robomas_shisaku_f767zi_1.dir/Middlewares/ST/STM32_USB_Device_Library/Core/Src/usbd_core.c.obj
                0x080071d2                USBD_LL_IsoOUTIncomplete
 .text.USBD_LL_DevConnected
                0x08007236       0x16 CMakeFiles/robomas_shisaku_f767zi_1.dir/Middlewares/ST/STM32_USB_Device_Library/Core/Src/usbd_core.c.obj
                0x08007236                USBD_LL_DevConnected
 .text.USBD_LL_DevDisconnected
                0x0800724c       0x46 CMakeFiles/robomas_shisaku_f767zi_1.dir/Middlewares/ST/STM32_USB_Device_Library/Core/Src/usbd_core.c.obj
                0x0800724c                USBD_LL_DevDisconnected
 .text.USBD_CoreFindIF
                0x08007292       0x1a CMakeFiles/robomas_shisaku_f767zi_1.dir/Middlewares/ST/STM32_USB_Device_Library/Core/Src/usbd_core.c.obj
                0x08007292                USBD_CoreFindIF
 .text.USBD_CoreFindEP
                0x080072ac       0x1a CMakeFiles/robomas_shisaku_f767zi_1.dir/Middlewares/ST/STM32_USB_Device_Library/Core/Src/usbd_core.c.obj
                0x080072ac                USBD_CoreFindEP
 .text.USBD_GetEpDesc
                0x080072c6       0x70 CMakeFiles/robomas_shisaku_f767zi_1.dir/Middlewares/ST/STM32_USB_Device_Library/Core/Src/usbd_core.c.obj
                0x080072c6                USBD_GetEpDesc
 .text.USBD_GetNextDesc
                0x08007336       0x38 CMakeFiles/robomas_shisaku_f767zi_1.dir/Middlewares/ST/STM32_USB_Device_Library/Core/Src/usbd_core.c.obj
                0x08007336                USBD_GetNextDesc
 .text.SWAPBYTE
                0x0800736e       0x3c CMakeFiles/robomas_shisaku_f767zi_1.dir/Middlewares/ST/STM32_USB_Device_Library/Core/Src/usbd_ctlreq.c.obj
 *fill*         0x080073aa        0x2 
 .text.USBD_StdDevReq
                0x080073ac       0xe4 CMakeFiles/robomas_shisaku_f767zi_1.dir/Middlewares/ST/STM32_USB_Device_Library/Core/Src/usbd_ctlreq.c.obj
                0x080073ac                USBD_StdDevReq
 .text.USBD_StdItfReq
                0x08007490       0xd8 CMakeFiles/robomas_shisaku_f767zi_1.dir/Middlewares/ST/STM32_USB_Device_Library/Core/Src/usbd_ctlreq.c.obj
                0x08007490                USBD_StdItfReq
 .text.USBD_StdEPReq
                0x08007568      0x33a CMakeFiles/robomas_shisaku_f767zi_1.dir/Middlewares/ST/STM32_USB_Device_Library/Core/Src/usbd_ctlreq.c.obj
                0x08007568                USBD_StdEPReq
 *fill*         0x080078a2        0x2 
 .text.USBD_GetDescriptor
                0x080078a4      0x328 CMakeFiles/robomas_shisaku_f767zi_1.dir/Middlewares/ST/STM32_USB_Device_Library/Core/Src/usbd_ctlreq.c.obj
 .text.USBD_SetAddress
                0x08007bcc       0x88 CMakeFiles/robomas_shisaku_f767zi_1.dir/Middlewares/ST/STM32_USB_Device_Library/Core/Src/usbd_ctlreq.c.obj
 .text.USBD_SetConfig
                0x08007c54      0x154 CMakeFiles/robomas_shisaku_f767zi_1.dir/Middlewares/ST/STM32_USB_Device_Library/Core/Src/usbd_ctlreq.c.obj
 .text.USBD_GetConfig
                0x08007da8       0x6c CMakeFiles/robomas_shisaku_f767zi_1.dir/Middlewares/ST/STM32_USB_Device_Library/Core/Src/usbd_ctlreq.c.obj
 .text.USBD_GetStatus
                0x08007e14       0x68 CMakeFiles/robomas_shisaku_f767zi_1.dir/Middlewares/ST/STM32_USB_Device_Library/Core/Src/usbd_ctlreq.c.obj
 .text.USBD_SetFeature
                0x08007e7c       0x52 CMakeFiles/robomas_shisaku_f767zi_1.dir/Middlewares/ST/STM32_USB_Device_Library/Core/Src/usbd_ctlreq.c.obj
 .text.USBD_ClrFeature
                0x08007ece       0x44 CMakeFiles/robomas_shisaku_f767zi_1.dir/Middlewares/ST/STM32_USB_Device_Library/Core/Src/usbd_ctlreq.c.obj
 .text.USBD_ParseSetupRequest
                0x08007f12       0x74 CMakeFiles/robomas_shisaku_f767zi_1.dir/Middlewares/ST/STM32_USB_Device_Library/Core/Src/usbd_ctlreq.c.obj
                0x08007f12                USBD_ParseSetupRequest
 .text.USBD_CtlError
                0x08007f86       0x22 CMakeFiles/robomas_shisaku_f767zi_1.dir/Middlewares/ST/STM32_USB_Device_Library/Core/Src/usbd_ctlreq.c.obj
                0x08007f86                USBD_CtlError
 .text.USBD_GetString
                0x08007fa8       0xa4 CMakeFiles/robomas_shisaku_f767zi_1.dir/Middlewares/ST/STM32_USB_Device_Library/Core/Src/usbd_ctlreq.c.obj
                0x08007fa8                USBD_GetString
 .text.USBD_GetLen
                0x0800804c       0x34 CMakeFiles/robomas_shisaku_f767zi_1.dir/Middlewares/ST/STM32_USB_Device_Library/Core/Src/usbd_ctlreq.c.obj
 .text.USBD_CtlSendData
                0x08008080       0x36 CMakeFiles/robomas_shisaku_f767zi_1.dir/Middlewares/ST/STM32_USB_Device_Library/Core/Src/usbd_ioreq.c.obj
                0x08008080                USBD_CtlSendData
 .text.USBD_CtlContinueSendData
                0x080080b6       0x22 CMakeFiles/robomas_shisaku_f767zi_1.dir/Middlewares/ST/STM32_USB_Device_Library/Core/Src/usbd_ioreq.c.obj
                0x080080b6                USBD_CtlContinueSendData
 .text.USBD_CtlPrepareRx
                0x080080d8       0x3a CMakeFiles/robomas_shisaku_f767zi_1.dir/Middlewares/ST/STM32_USB_Device_Library/Core/Src/usbd_ioreq.c.obj
                0x080080d8                USBD_CtlPrepareRx
 .text.USBD_CtlContinueRx
                0x08008112       0x22 CMakeFiles/robomas_shisaku_f767zi_1.dir/Middlewares/ST/STM32_USB_Device_Library/Core/Src/usbd_ioreq.c.obj
                0x08008112                USBD_CtlContinueRx
 .text.USBD_CtlSendStatus
                0x08008134       0x26 CMakeFiles/robomas_shisaku_f767zi_1.dir/Middlewares/ST/STM32_USB_Device_Library/Core/Src/usbd_ioreq.c.obj
                0x08008134                USBD_CtlSendStatus
 .text.USBD_CtlReceiveStatus
                0x0800815a       0x26 CMakeFiles/robomas_shisaku_f767zi_1.dir/Middlewares/ST/STM32_USB_Device_Library/Core/Src/usbd_ioreq.c.obj
                0x0800815a                USBD_CtlReceiveStatus
 .text.USBD_CDC_Init
                0x08008180      0x1f0 CMakeFiles/robomas_shisaku_f767zi_1.dir/Middlewares/ST/STM32_USB_Device_Library/Class/CDC/Src/usbd_cdc.c.obj
 .text.USBD_CDC_DeInit
                0x08008370      0x104 CMakeFiles/robomas_shisaku_f767zi_1.dir/Middlewares/ST/STM32_USB_Device_Library/Class/CDC/Src/usbd_cdc.c.obj
 .text.USBD_CDC_Setup
                0x08008474      0x1b8 CMakeFiles/robomas_shisaku_f767zi_1.dir/Middlewares/ST/STM32_USB_Device_Library/Class/CDC/Src/usbd_cdc.c.obj
 .text.USBD_CDC_DataIn
                0x0800862c       0xfe CMakeFiles/robomas_shisaku_f767zi_1.dir/Middlewares/ST/STM32_USB_Device_Library/Class/CDC/Src/usbd_cdc.c.obj
 .text.USBD_CDC_DataOut
                0x0800872a       0x70 CMakeFiles/robomas_shisaku_f767zi_1.dir/Middlewares/ST/STM32_USB_Device_Library/Class/CDC/Src/usbd_cdc.c.obj
 .text.USBD_CDC_EP0_RxReady
                0x0800879a       0x74 CMakeFiles/robomas_shisaku_f767zi_1.dir/Middlewares/ST/STM32_USB_Device_Library/Class/CDC/Src/usbd_cdc.c.obj
 *fill*         0x0800880e        0x2 
 .text.USBD_CDC_GetFSCfgDesc
                0x08008810       0x70 CMakeFiles/robomas_shisaku_f767zi_1.dir/Middlewares/ST/STM32_USB_Device_Library/Class/CDC/Src/usbd_cdc.c.obj
 .text.USBD_CDC_GetHSCfgDesc
                0x08008880       0x70 CMakeFiles/robomas_shisaku_f767zi_1.dir/Middlewares/ST/STM32_USB_Device_Library/Class/CDC/Src/usbd_cdc.c.obj
 .text.USBD_CDC_GetOtherSpeedCfgDesc
                0x080088f0       0x70 CMakeFiles/robomas_shisaku_f767zi_1.dir/Middlewares/ST/STM32_USB_Device_Library/Class/CDC/Src/usbd_cdc.c.obj
 .text.USBD_CDC_GetDeviceQualifierDescriptor
                0x08008960       0x20 CMakeFiles/robomas_shisaku_f767zi_1.dir/Middlewares/ST/STM32_USB_Device_Library/Class/CDC/Src/usbd_cdc.c.obj
                0x08008960                USBD_CDC_GetDeviceQualifierDescriptor
 .text.USBD_CDC_RegisterInterface
                0x08008980       0x34 CMakeFiles/robomas_shisaku_f767zi_1.dir/Middlewares/ST/STM32_USB_Device_Library/Class/CDC/Src/usbd_cdc.c.obj
                0x08008980                USBD_CDC_RegisterInterface
 .text.USBD_CDC_SetTxBuffer
                0x080089b4       0x44 CMakeFiles/robomas_shisaku_f767zi_1.dir/Middlewares/ST/STM32_USB_Device_Library/Class/CDC/Src/usbd_cdc.c.obj
                0x080089b4                USBD_CDC_SetTxBuffer
 .text.USBD_CDC_SetRxBuffer
                0x080089f8       0x3a CMakeFiles/robomas_shisaku_f767zi_1.dir/Middlewares/ST/STM32_USB_Device_Library/Class/CDC/Src/usbd_cdc.c.obj
                0x080089f8                USBD_CDC_SetRxBuffer
 *fill*         0x08008a32        0x2 
 .text.USBD_CDC_ReceivePacket
                0x08008a34       0x6c CMakeFiles/robomas_shisaku_f767zi_1.dir/Middlewares/ST/STM32_USB_Device_Library/Class/CDC/Src/usbd_cdc.c.obj
                0x08008a34                USBD_CDC_ReceivePacket
 .text._sbrk    0x08008aa0       0x6c CMakeFiles/robomas_shisaku_f767zi_1.dir/Core/Src/sysmem.c.obj
                0x08008aa0                _sbrk
 .text.Reset_Handler
                0x08008b0c       0x50 CMakeFiles/robomas_shisaku_f767zi_1.dir/startup_stm32f767xx.s.obj
                0x08008b0c                Reset_Handler
 .text.Default_Handler
                0x08008b5c        0x2 CMakeFiles/robomas_shisaku_f767zi_1.dir/startup_stm32f767xx.s.obj
                0x08008b5c                RTC_Alarm_IRQHandler
                0x08008b5c                EXTI2_IRQHandler
                0x08008b5c                TIM8_CC_IRQHandler
                0x08008b5c                UART8_IRQHandler
                0x08008b5c                SPI4_IRQHandler
                0x08008b5c                TIM1_CC_IRQHandler
                0x08008b5c                DMA2_Stream5_IRQHandler
                0x08008b5c                JPEG_IRQHandler
                0x08008b5c                DMA1_Stream5_IRQHandler
                0x08008b5c                CAN3_RX1_IRQHandler
                0x08008b5c                PVD_IRQHandler
                0x08008b5c                TAMP_STAMP_IRQHandler
                0x08008b5c                CAN2_RX1_IRQHandler
                0x08008b5c                EXTI3_IRQHandler
                0x08008b5c                TIM8_TRG_COM_TIM14_IRQHandler
                0x08008b5c                DFSDM1_FLT1_IRQHandler
                0x08008b5c                TIM1_UP_TIM10_IRQHandler
                0x08008b5c                TIM8_UP_TIM13_IRQHandler
                0x08008b5c                I2C3_ER_IRQHandler
                0x08008b5c                DFSDM1_FLT2_IRQHandler
                0x08008b5c                EXTI0_IRQHandler
                0x08008b5c                I2C2_EV_IRQHandler
                0x08008b5c                DMA1_Stream2_IRQHandler
                0x08008b5c                FPU_IRQHandler
                0x08008b5c                OTG_HS_WKUP_IRQHandler
                0x08008b5c                CAN3_SCE_IRQHandler
                0x08008b5c                LTDC_ER_IRQHandler
                0x08008b5c                CAN2_SCE_IRQHandler
                0x08008b5c                DMA2_Stream2_IRQHandler
                0x08008b5c                SPI1_IRQHandler
                0x08008b5c                TIM6_DAC_IRQHandler
                0x08008b5c                TIM1_BRK_TIM9_IRQHandler
                0x08008b5c                DCMI_IRQHandler
                0x08008b5c                CAN2_RX0_IRQHandler
                0x08008b5c                DMA2_Stream3_IRQHandler
                0x08008b5c                SAI2_IRQHandler
                0x08008b5c                DFSDM1_FLT3_IRQHandler
                0x08008b5c                USART6_IRQHandler
                0x08008b5c                CAN3_RX0_IRQHandler
                0x08008b5c                USART3_IRQHandler
                0x08008b5c                CAN1_RX1_IRQHandler
                0x08008b5c                UART5_IRQHandler
                0x08008b5c                DMA2_Stream0_IRQHandler
                0x08008b5c                TIM4_IRQHandler
                0x08008b5c                QUADSPI_IRQHandler
                0x08008b5c                I2C1_EV_IRQHandler
                0x08008b5c                DMA1_Stream6_IRQHandler
                0x08008b5c                DMA1_Stream1_IRQHandler
                0x08008b5c                UART4_IRQHandler
                0x08008b5c                TIM3_IRQHandler
                0x08008b5c                RCC_IRQHandler
                0x08008b5c                TIM8_BRK_TIM12_IRQHandler
                0x08008b5c                Default_Handler
                0x08008b5c                CEC_IRQHandler
                0x08008b5c                EXTI15_10_IRQHandler
                0x08008b5c                ADC_IRQHandler
                0x08008b5c                DMA1_Stream7_IRQHandler
                0x08008b5c                SPI5_IRQHandler
                0x08008b5c                TIM7_IRQHandler
                0x08008b5c                SDMMC1_IRQHandler
                0x08008b5c                CAN2_TX_IRQHandler
                0x08008b5c                TIM5_IRQHandler
                0x08008b5c                DMA2_Stream7_IRQHandler
                0x08008b5c                I2C3_EV_IRQHandler
                0x08008b5c                EXTI9_5_IRQHandler
                0x08008b5c                RTC_WKUP_IRQHandler
                0x08008b5c                LTDC_IRQHandler
                0x08008b5c                ETH_WKUP_IRQHandler
                0x08008b5c                SPDIF_RX_IRQHandler
                0x08008b5c                SPI2_IRQHandler
                0x08008b5c                OTG_HS_EP1_IN_IRQHandler
                0x08008b5c                DMA1_Stream0_IRQHandler
                0x08008b5c                EXTI4_IRQHandler
                0x08008b5c                RNG_IRQHandler
                0x08008b5c                ETH_IRQHandler
                0x08008b5c                OTG_HS_EP1_OUT_IRQHandler
                0x08008b5c                WWDG_IRQHandler
                0x08008b5c                SPI6_IRQHandler
                0x08008b5c                MDIOS_IRQHandler
                0x08008b5c                I2C4_EV_IRQHandler
                0x08008b5c                CAN3_TX_IRQHandler
                0x08008b5c                TIM2_IRQHandler
                0x08008b5c                OTG_FS_WKUP_IRQHandler
                0x08008b5c                TIM1_TRG_COM_TIM11_IRQHandler
                0x08008b5c                OTG_HS_IRQHandler
                0x08008b5c                DMA2D_IRQHandler
                0x08008b5c                EXTI1_IRQHandler
                0x08008b5c                SDMMC2_IRQHandler
                0x08008b5c                UART7_IRQHandler
                0x08008b5c                USART2_IRQHandler
                0x08008b5c                DFSDM1_FLT0_IRQHandler
                0x08008b5c                I2C2_ER_IRQHandler
                0x08008b5c                DMA2_Stream1_IRQHandler
                0x08008b5c                CAN1_SCE_IRQHandler
                0x08008b5c                FLASH_IRQHandler
                0x08008b5c                DMA2_Stream4_IRQHandler
                0x08008b5c                USART1_IRQHandler
                0x08008b5c                SPI3_IRQHandler
                0x08008b5c                DMA1_Stream4_IRQHandler
                0x08008b5c                I2C1_ER_IRQHandler
                0x08008b5c                FMC_IRQHandler
                0x08008b5c                LPTIM1_IRQHandler
                0x08008b5c                I2C4_ER_IRQHandler
                0x08008b5c                DMA2_Stream6_IRQHandler
                0x08008b5c                SAI1_IRQHandler
                0x08008b5c                DMA1_Stream3_IRQHandler
 .text._ZN7UserLib10LedControlC2EP12GPIO_TypeDeft
                0x08008b5e       0x28 CMakeFiles/robomas_shisaku_f767zi_1.dir/User/cpp_main.cpp.obj
                0x08008b5e                UserLib::LedControl::LedControl(GPIO_TypeDef*, unsigned short)
                0x08008b5e                UserLib::LedControl::LedControl(GPIO_TypeDef*, unsigned short)
 .text.wrap_cpp_main_init
                0x08008b86        0xc CMakeFiles/robomas_shisaku_f767zi_1.dir/User/cpp_main.cpp.obj
                0x08008b86                wrap_cpp_main_init
 .text.wrap_cpp_main_while
                0x08008b92        0xc CMakeFiles/robomas_shisaku_f767zi_1.dir/User/cpp_main.cpp.obj
                0x08008b92                wrap_cpp_main_while
 .text._ZN8UserCode13cpp_main_initEv
                0x08008b9e        0xe CMakeFiles/robomas_shisaku_f767zi_1.dir/User/cpp_main.cpp.obj
                0x08008b9e                UserCode::cpp_main_init()
 .text._ZN8UserCode14cpp_main_whileEv
                0x08008bac       0x2c CMakeFiles/robomas_shisaku_f767zi_1.dir/User/cpp_main.cpp.obj
                0x08008bac                UserCode::cpp_main_while()
 .text._Z41__static_initialization_and_destruction_0ii
                0x08008bd8       0x34 CMakeFiles/robomas_shisaku_f767zi_1.dir/User/cpp_main.cpp.obj
 .text._GLOBAL__sub_I__ZN8UserCode5myledE
                0x08008c0c       0x10 CMakeFiles/robomas_shisaku_f767zi_1.dir/User/cpp_main.cpp.obj
 .text._ZN7UserLib10LedControl12Change_StateENS_8LEDStateE
                0x08008c1c       0x3a CMakeFiles/robomas_shisaku_f767zi_1.dir/User/lib/LED_GPIO.cpp.obj
                0x08008c1c                UserLib::LedControl::Change_State(UserLib::LEDState)
 *fill*         0x08008c56        0x2 
 .text.malloc   0x08008c58       0x10 /opt/st/stm32cubeclt_1.17.0/GNU-tools-for-STM32/bin/../lib/gcc/arm-none-eabi/12.3.1/../../../../arm-none-eabi/lib/thumb/v7e-m+dp/hard/libc_nano.a(libc_a-malloc.o)
                0x08008c58                malloc
 .text.free     0x08008c68       0x10 /opt/st/stm32cubeclt_1.17.0/GNU-tools-for-STM32/bin/../lib/gcc/arm-none-eabi/12.3.1/../../../../arm-none-eabi/lib/thumb/v7e-m+dp/hard/libc_nano.a(libc_a-malloc.o)
                0x08008c68                free
 .text.sbrk_aligned
                0x08008c78       0x44 /opt/st/stm32cubeclt_1.17.0/GNU-tools-for-STM32/bin/../lib/gcc/arm-none-eabi/12.3.1/../../../../arm-none-eabi/lib/thumb/v7e-m+dp/hard/libc_nano.a(libc_a-mallocr.o)
 .text._malloc_r
                0x08008cbc      0x100 /opt/st/stm32cubeclt_1.17.0/GNU-tools-for-STM32/bin/../lib/gcc/arm-none-eabi/12.3.1/../../../../arm-none-eabi/lib/thumb/v7e-m+dp/hard/libc_nano.a(libc_a-mallocr.o)
                0x08008cbc                _malloc_r
 .text.__malloc_lock
                0x08008dbc        0xc /opt/st/stm32cubeclt_1.17.0/GNU-tools-for-STM32/bin/../lib/gcc/arm-none-eabi/12.3.1/../../../../arm-none-eabi/lib/thumb/v7e-m+dp/hard/libc_nano.a(libc_a-mlock.o)
                0x08008dbc                __malloc_lock
 .text.__malloc_unlock
                0x08008dc8        0xc /opt/st/stm32cubeclt_1.17.0/GNU-tools-for-STM32/bin/../lib/gcc/arm-none-eabi/12.3.1/../../../../arm-none-eabi/lib/thumb/v7e-m+dp/hard/libc_nano.a(libc_a-mlock.o)
                0x08008dc8                __malloc_unlock
 .text.memset   0x08008dd4       0x10 /opt/st/stm32cubeclt_1.17.0/GNU-tools-for-STM32/bin/../lib/gcc/arm-none-eabi/12.3.1/../../../../arm-none-eabi/lib/thumb/v7e-m+dp/hard/libc_nano.a(libc_a-memset.o)
                0x08008dd4                memset
 .text._sbrk_r  0x08008de4       0x20 /opt/st/stm32cubeclt_1.17.0/GNU-tools-for-STM32/bin/../lib/gcc/arm-none-eabi/12.3.1/../../../../arm-none-eabi/lib/thumb/v7e-m+dp/hard/libc_nano.a(libc_a-sbrkr.o)
                0x08008de4                _sbrk_r
 .text.__errno  0x08008e04        0xc /opt/st/stm32cubeclt_1.17.0/GNU-tools-for-STM32/bin/../lib/gcc/arm-none-eabi/12.3.1/../../../../arm-none-eabi/lib/thumb/v7e-m+dp/hard/libc_nano.a(libc_a-errno.o)
                0x08008e04                __errno
 .text.__libc_init_array
                0x08008e10       0x48 /opt/st/stm32cubeclt_1.17.0/GNU-tools-for-STM32/bin/../lib/gcc/arm-none-eabi/12.3.1/../../../../arm-none-eabi/lib/thumb/v7e-m+dp/hard/libc_nano.a(libc_a-init.o)
                0x08008e10                __libc_init_array
 .text.__retarget_lock_acquire_recursive
                0x08008e58        0x2 /opt/st/stm32cubeclt_1.17.0/GNU-tools-for-STM32/bin/../lib/gcc/arm-none-eabi/12.3.1/../../../../arm-none-eabi/lib/thumb/v7e-m+dp/hard/libc_nano.a(libc_a-lock.o)
                0x08008e58                __retarget_lock_acquire_recursive
 .text.__retarget_lock_release_recursive
                0x08008e5a        0x2 /opt/st/stm32cubeclt_1.17.0/GNU-tools-for-STM32/bin/../lib/gcc/arm-none-eabi/12.3.1/../../../../arm-none-eabi/lib/thumb/v7e-m+dp/hard/libc_nano.a(libc_a-lock.o)
                0x08008e5a                __retarget_lock_release_recursive
 .text._free_r  0x08008e5c       0x94 /opt/st/stm32cubeclt_1.17.0/GNU-tools-for-STM32/bin/../lib/gcc/arm-none-eabi/12.3.1/../../../../arm-none-eabi/lib/thumb/v7e-m+dp/hard/libc_nano.a(libc_a-freer.o)
                0x08008e5c                _free_r
 *(.glue_7)
 .glue_7        0x08008ef0        0x0 linker stubs
 *(.glue_7t)
 .glue_7t       0x08008ef0        0x0 linker stubs
 *(.eh_frame)
 .eh_frame      0x08008ef0        0x0 /opt/st/stm32cubeclt_1.17.0/GNU-tools-for-STM32/bin/../lib/gcc/arm-none-eabi/12.3.1/thumb/v7e-m+dp/hard/crtbegin.o
 *(.init)
 .init          0x08008ef0        0x4 /opt/st/stm32cubeclt_1.17.0/GNU-tools-for-STM32/bin/../lib/gcc/arm-none-eabi/12.3.1/thumb/v7e-m+dp/hard/crti.o
                0x08008ef0                _init
 .init          0x08008ef4        0x8 /opt/st/stm32cubeclt_1.17.0/GNU-tools-for-STM32/bin/../lib/gcc/arm-none-eabi/12.3.1/thumb/v7e-m+dp/hard/crtn.o
 *(.fini)
 .fini          0x08008efc        0x4 /opt/st/stm32cubeclt_1.17.0/GNU-tools-for-STM32/bin/../lib/gcc/arm-none-eabi/12.3.1/thumb/v7e-m+dp/hard/crti.o
                0x08008efc                _fini
 .fini          0x08008f00        0x8 /opt/st/stm32cubeclt_1.17.0/GNU-tools-for-STM32/bin/../lib/gcc/arm-none-eabi/12.3.1/thumb/v7e-m+dp/hard/crtn.o
                0x08008f08                        . = ALIGN (0x4)
                0x08008f08                        _etext = .

.vfp11_veneer   0x08008f08        0x0
 .vfp11_veneer  0x08008f08        0x0 linker stubs

.v4_bx          0x08008f08        0x0
 .v4_bx         0x08008f08        0x0 linker stubs

.iplt           0x08008f08        0x0
 .iplt          0x08008f08        0x0 /opt/st/stm32cubeclt_1.17.0/GNU-tools-for-STM32/bin/../lib/gcc/arm-none-eabi/12.3.1/thumb/v7e-m+dp/hard/crtbegin.o

.rodata         0x08008f08       0x60
                0x08008f08                        . = ALIGN (0x4)
 *(.rodata)
 .rodata        0x08008f08       0x46 CMakeFiles/robomas_shisaku_f767zi_1.dir/USB_DEVICE/App/usbd_desc.c.obj
 *(.rodata*)
 *fill*         0x08008f4e        0x2 
 .rodata.AHBPrescTable
                0x08008f50       0x10 CMakeFiles/robomas_shisaku_f767zi_1.dir/Core/Src/system_stm32f7xx.c.obj
                0x08008f50                AHBPrescTable
 .rodata.APBPrescTable
                0x08008f60        0x8 CMakeFiles/robomas_shisaku_f767zi_1.dir/Core/Src/system_stm32f7xx.c.obj
                0x08008f60                APBPrescTable
                0x08008f68                        . = ALIGN (0x4)

.ARM.extab
 *(.ARM.extab* .gnu.linkonce.armextab.*)

.ARM            0x08008f68        0x8
                0x08008f68                        __exidx_start = .
 *(.ARM.exidx*)
 .ARM.exidx     0x08008f68        0x8 /opt/st/stm32cubeclt_1.17.0/GNU-tools-for-STM32/bin/../lib/gcc/arm-none-eabi/12.3.1/thumb/v7e-m+dp/hard/libgcc.a(_udivmoddi4.o)
                0x08008f70                        __exidx_end = .

.rel.dyn        0x08008f70        0x0
 .rel.iplt      0x08008f70        0x0 /opt/st/stm32cubeclt_1.17.0/GNU-tools-for-STM32/bin/../lib/gcc/arm-none-eabi/12.3.1/thumb/v7e-m+dp/hard/crtbegin.o

.preinit_array  0x08008f70        0x0
                0x08008f70                        PROVIDE (__preinit_array_start = .)
 *(.preinit_array*)
                0x08008f70                        PROVIDE (__preinit_array_end = .)

.init_array     0x08008f70        0x8
                0x08008f70                        PROVIDE (__init_array_start = .)
 *(SORT_BY_NAME(.init_array.*))
 *(.init_array*)
 .init_array    0x08008f70        0x4 /opt/st/stm32cubeclt_1.17.0/GNU-tools-for-STM32/bin/../lib/gcc/arm-none-eabi/12.3.1/thumb/v7e-m+dp/hard/crtbegin.o
 .init_array    0x08008f74        0x4 CMakeFiles/robomas_shisaku_f767zi_1.dir/User/cpp_main.cpp.obj
                0x08008f78                        PROVIDE (__init_array_end = .)

.fini_array     0x08008f78        0x4
                [!provide]                        PROVIDE (__fini_array_start = .)
 *(SORT_BY_NAME(.fini_array.*))
 *(.fini_array*)
 .fini_array    0x08008f78        0x4 /opt/st/stm32cubeclt_1.17.0/GNU-tools-for-STM32/bin/../lib/gcc/arm-none-eabi/12.3.1/thumb/v7e-m+dp/hard/crtbegin.o
                [!provide]                        PROVIDE (__fini_array_end = .)
                0x08008f7c                        _sidata = LOADADDR (.data)

.data           0x20000000      0x15c load address 0x08008f7c
                0x20000000                        . = ALIGN (0x4)
                0x20000000                        _sdata = .
 *(.data)
 *(.data*)
 .data.FS_Desc  0x20000000       0x20 CMakeFiles/robomas_shisaku_f767zi_1.dir/USB_DEVICE/App/usbd_desc.c.obj
                0x20000000                FS_Desc
 .data.USBD_FS_DeviceDesc
                0x20000020       0x12 CMakeFiles/robomas_shisaku_f767zi_1.dir/USB_DEVICE/App/usbd_desc.c.obj
                0x20000020                USBD_FS_DeviceDesc
 *fill*         0x20000032        0x2 
 .data.USBD_FS_BOSDesc
                0x20000034        0xc CMakeFiles/robomas_shisaku_f767zi_1.dir/USB_DEVICE/App/usbd_desc.c.obj
                0x20000034                USBD_FS_BOSDesc
 .data.USBD_LangIDDesc
                0x20000040        0x4 CMakeFiles/robomas_shisaku_f767zi_1.dir/USB_DEVICE/App/usbd_desc.c.obj
                0x20000040                USBD_LangIDDesc
 .data.USBD_StringSerial
                0x20000044       0x1a CMakeFiles/robomas_shisaku_f767zi_1.dir/USB_DEVICE/App/usbd_desc.c.obj
                0x20000044                USBD_StringSerial
 *fill*         0x2000005e        0x2 
 .data.USBD_Interface_fops_FS
                0x20000060       0x14 CMakeFiles/robomas_shisaku_f767zi_1.dir/USB_DEVICE/App/usbd_cdc_if.c.obj
                0x20000060                USBD_Interface_fops_FS
 .data.uwTickPrio
                0x20000074        0x4 CMakeFiles/robomas_shisaku_f767zi_1.dir/Drivers/STM32F7xx_HAL_Driver/Src/stm32f7xx_hal.c.obj
                0x20000074                uwTickPrio
 .data.uwTickFreq
                0x20000078        0x1 CMakeFiles/robomas_shisaku_f767zi_1.dir/Drivers/STM32F7xx_HAL_Driver/Src/stm32f7xx_hal.c.obj
                0x20000078                uwTickFreq
 *fill*         0x20000079        0x3 
 .data.SystemCoreClock
                0x2000007c        0x4 CMakeFiles/robomas_shisaku_f767zi_1.dir/Core/Src/system_stm32f7xx.c.obj
                0x2000007c                SystemCoreClock
 .data.USBD_CDC_DeviceQualifierDesc
                0x20000080        0xa CMakeFiles/robomas_shisaku_f767zi_1.dir/Middlewares/ST/STM32_USB_Device_Library/Class/CDC/Src/usbd_cdc.c.obj
 *fill*         0x2000008a        0x2 
 .data.USBD_CDC
                0x2000008c       0x38 CMakeFiles/robomas_shisaku_f767zi_1.dir/Middlewares/ST/STM32_USB_Device_Library/Class/CDC/Src/usbd_cdc.c.obj
                0x2000008c                USBD_CDC
 .data.USBD_CDC_CfgDesc
                0x200000c4       0x43 CMakeFiles/robomas_shisaku_f767zi_1.dir/Middlewares/ST/STM32_USB_Device_Library/Class/CDC/Src/usbd_cdc.c.obj
 .data.CDCInEpAdd
                0x20000107        0x1 CMakeFiles/robomas_shisaku_f767zi_1.dir/Middlewares/ST/STM32_USB_Device_Library/Class/CDC/Src/usbd_cdc.c.obj
 .data.CDCOutEpAdd
                0x20000108        0x1 CMakeFiles/robomas_shisaku_f767zi_1.dir/Middlewares/ST/STM32_USB_Device_Library/Class/CDC/Src/usbd_cdc.c.obj
 .data.CDCCmdEpAdd
                0x20000109        0x1 CMakeFiles/robomas_shisaku_f767zi_1.dir/Middlewares/ST/STM32_USB_Device_Library/Class/CDC/Src/usbd_cdc.c.obj
 *fill*         0x2000010a        0x2 
 .data._impure_ptr
                0x2000010c        0x4 /opt/st/stm32cubeclt_1.17.0/GNU-tools-for-STM32/bin/../lib/gcc/arm-none-eabi/12.3.1/../../../../arm-none-eabi/lib/thumb/v7e-m+dp/hard/libc_nano.a(libc_a-impure.o)
                0x2000010c                _impure_ptr
 .data._impure_data
                0x20000110       0x4c /opt/st/stm32cubeclt_1.17.0/GNU-tools-for-STM32/bin/../lib/gcc/arm-none-eabi/12.3.1/../../../../arm-none-eabi/lib/thumb/v7e-m+dp/hard/libc_nano.a(libc_a-impure.o)
                0x20000110                _impure_data
                0x2000015c                        . = ALIGN (0x4)
                0x2000015c                        _edata = .

.igot.plt       0x2000015c        0x0 load address 0x080090d8
 .igot.plt      0x2000015c        0x0 /opt/st/stm32cubeclt_1.17.0/GNU-tools-for-STM32/bin/../lib/gcc/arm-none-eabi/12.3.1/thumb/v7e-m+dp/hard/crtbegin.o
                0x2000015c                        . = ALIGN (0x4)

.bss            0x2000015c     0x1be4 load address 0x080090d8
                0x2000015c                        _sbss = .
                0x2000015c                        __bss_start__ = _sbss
 *(.bss)
 .bss           0x2000015c       0x1c /opt/st/stm32cubeclt_1.17.0/GNU-tools-for-STM32/bin/../lib/gcc/arm-none-eabi/12.3.1/thumb/v7e-m+dp/hard/crtbegin.o
 *(.bss*)
 .bss.hcan1     0x20000178       0x28 CMakeFiles/robomas_shisaku_f767zi_1.dir/Core/Src/can.c.obj
                0x20000178                hcan1
 .bss.huart3    0x200001a0       0x88 CMakeFiles/robomas_shisaku_f767zi_1.dir/Core/Src/usart.c.obj
                0x200001a0                huart3
 .bss.hUsbDeviceFS
                0x20000228      0x2dc CMakeFiles/robomas_shisaku_f767zi_1.dir/USB_DEVICE/App/usb_device.c.obj
                0x20000228                hUsbDeviceFS
 .bss.USBD_StrDesc
                0x20000504      0x200 CMakeFiles/robomas_shisaku_f767zi_1.dir/USB_DEVICE/App/usbd_desc.c.obj
                0x20000504                USBD_StrDesc
 .bss.UserRxBufferFS
                0x20000704      0x800 CMakeFiles/robomas_shisaku_f767zi_1.dir/USB_DEVICE/App/usbd_cdc_if.c.obj
                0x20000704                UserRxBufferFS
 .bss.UserTxBufferFS
                0x20000f04      0x800 CMakeFiles/robomas_shisaku_f767zi_1.dir/USB_DEVICE/App/usbd_cdc_if.c.obj
                0x20000f04                UserTxBufferFS
 .bss.hpcd_USB_OTG_FS
                0x20001704      0x4e0 CMakeFiles/robomas_shisaku_f767zi_1.dir/USB_DEVICE/Target/usbd_conf.c.obj
                0x20001704                hpcd_USB_OTG_FS
 .bss.uwTick    0x20001be4        0x4 CMakeFiles/robomas_shisaku_f767zi_1.dir/Drivers/STM32F7xx_HAL_Driver/Src/stm32f7xx_hal.c.obj
                0x20001be4                uwTick
 .bss.cfgidx.0  0x20001be8        0x1 CMakeFiles/robomas_shisaku_f767zi_1.dir/Middlewares/ST/STM32_USB_Device_Library/Core/Src/usbd_ctlreq.c.obj
 *fill*         0x20001be9        0x3 
 .bss.__sbrk_heap_end
                0x20001bec        0x4 CMakeFiles/robomas_shisaku_f767zi_1.dir/Core/Src/sysmem.c.obj
 .bss._ZN8UserCode5myledE
                0x20001bf0        0x8 CMakeFiles/robomas_shisaku_f767zi_1.dir/User/cpp_main.cpp.obj
                0x20001bf0                UserCode::myled
 .bss.__malloc_sbrk_start
                0x20001bf8        0x4 /opt/st/stm32cubeclt_1.17.0/GNU-tools-for-STM32/bin/../lib/gcc/arm-none-eabi/12.3.1/../../../../arm-none-eabi/lib/thumb/v7e-m+dp/hard/libc_nano.a(libc_a-mallocr.o)
                0x20001bf8                __malloc_sbrk_start
 .bss.__malloc_free_list
                0x20001bfc        0x4 /opt/st/stm32cubeclt_1.17.0/GNU-tools-for-STM32/bin/../lib/gcc/arm-none-eabi/12.3.1/../../../../arm-none-eabi/lib/thumb/v7e-m+dp/hard/libc_nano.a(libc_a-mallocr.o)
                0x20001bfc                __malloc_free_list
 .bss.__sf      0x20001c00      0x138 /opt/st/stm32cubeclt_1.17.0/GNU-tools-for-STM32/bin/../lib/gcc/arm-none-eabi/12.3.1/../../../../arm-none-eabi/lib/thumb/v7e-m+dp/hard/libc_nano.a(libc_a-findfp.o)
                0x20001c00                __sf
 .bss.errno     0x20001d38        0x4 /opt/st/stm32cubeclt_1.17.0/GNU-tools-for-STM32/bin/../lib/gcc/arm-none-eabi/12.3.1/../../../../arm-none-eabi/lib/thumb/v7e-m+dp/hard/libc_nano.a(libc_a-reent.o)
                0x20001d38                errno
 .bss.__lock___malloc_recursive_mutex
                0x20001d3c        0x1 /opt/st/stm32cubeclt_1.17.0/GNU-tools-for-STM32/bin/../lib/gcc/arm-none-eabi/12.3.1/../../../../arm-none-eabi/lib/thumb/v7e-m+dp/hard/libc_nano.a(libc_a-lock.o)
                0x20001d3c                __lock___malloc_recursive_mutex
 *(COMMON)
                0x20001d40                        . = ALIGN (0x4)
 *fill*         0x20001d3d        0x3 
                0x20001d40                        _ebss = .
                0x20001d40                        __bss_end__ = _ebss

._user_heap_stack
                0x20001d40      0x600 load address 0x080090d8
                0x20001d40                        . = ALIGN (0x8)
                [!provide]                        PROVIDE (end = .)
                0x20001d40                        PROVIDE (_end = .)
                0x20001f40                        . = (. + _Min_Heap_Size)
 *fill*         0x20001d40      0x200 
                0x20002340                        . = (. + _Min_Stack_Size)
 *fill*         0x20001f40      0x400 
                0x20002340                        . = ALIGN (0x8)

/DISCARD/
 libc.a(*)
 libm.a(*)
 libgcc.a(*)
OUTPUT(robomas_shisaku_f767zi_1.elf elf32-littlearm)
LOAD linker stubs
LOAD /opt/st/stm32cubeclt_1.17.0/GNU-tools-for-STM32/bin/../lib/gcc/arm-none-eabi/12.3.1/../../../../arm-none-eabi/lib/thumb/v7e-m+dp/hard/libc.a
LOAD /opt/st/stm32cubeclt_1.17.0/GNU-tools-for-STM32/bin/../lib/gcc/arm-none-eabi/12.3.1/../../../../arm-none-eabi/lib/thumb/v7e-m+dp/hard/libm.a
LOAD /opt/st/stm32cubeclt_1.17.0/GNU-tools-for-STM32/bin/../lib/gcc/arm-none-eabi/12.3.1/thumb/v7e-m+dp/hard/libgcc.a

.ARM.attributes
                0x00000000       0x2e
 .ARM.attributes
                0x00000000       0x20 /opt/st/stm32cubeclt_1.17.0/GNU-tools-for-STM32/bin/../lib/gcc/arm-none-eabi/12.3.1/thumb/v7e-m+dp/hard/crti.o
 .ARM.attributes
                0x00000020       0x32 /opt/st/stm32cubeclt_1.17.0/GNU-tools-for-STM32/bin/../lib/gcc/arm-none-eabi/12.3.1/thumb/v7e-m+dp/hard/crtbegin.o
 .ARM.attributes
                0x00000052       0x32 CMakeFiles/robomas_shisaku_f767zi_1.dir/Core/Src/main.c.obj
 .ARM.attributes
                0x00000084       0x32 CMakeFiles/robomas_shisaku_f767zi_1.dir/Core/Src/gpio.c.obj
 .ARM.attributes
                0x000000b6       0x32 CMakeFiles/robomas_shisaku_f767zi_1.dir/Core/Src/can.c.obj
 .ARM.attributes
                0x000000e8       0x32 CMakeFiles/robomas_shisaku_f767zi_1.dir/Core/Src/usart.c.obj
 .ARM.attributes
                0x0000011a       0x32 CMakeFiles/robomas_shisaku_f767zi_1.dir/Core/Src/stm32f7xx_it.c.obj
 .ARM.attributes
                0x0000014c       0x32 CMakeFiles/robomas_shisaku_f767zi_1.dir/Core/Src/stm32f7xx_hal_msp.c.obj
 .ARM.attributes
                0x0000017e       0x32 CMakeFiles/robomas_shisaku_f767zi_1.dir/USB_DEVICE/App/usb_device.c.obj
 .ARM.attributes
                0x000001b0       0x32 CMakeFiles/robomas_shisaku_f767zi_1.dir/USB_DEVICE/App/usbd_desc.c.obj
 .ARM.attributes
                0x000001e2       0x32 CMakeFiles/robomas_shisaku_f767zi_1.dir/USB_DEVICE/App/usbd_cdc_if.c.obj
 .ARM.attributes
                0x00000214       0x32 CMakeFiles/robomas_shisaku_f767zi_1.dir/USB_DEVICE/Target/usbd_conf.c.obj
 .ARM.attributes
                0x00000246       0x32 CMakeFiles/robomas_shisaku_f767zi_1.dir/Drivers/STM32F7xx_HAL_Driver/Src/stm32f7xx_hal_pcd.c.obj
 .ARM.attributes
                0x00000278       0x32 CMakeFiles/robomas_shisaku_f767zi_1.dir/Drivers/STM32F7xx_HAL_Driver/Src/stm32f7xx_hal_pcd_ex.c.obj
 .ARM.attributes
                0x000002aa       0x32 CMakeFiles/robomas_shisaku_f767zi_1.dir/Drivers/STM32F7xx_HAL_Driver/Src/stm32f7xx_ll_usb.c.obj
 .ARM.attributes
                0x000002dc       0x32 CMakeFiles/robomas_shisaku_f767zi_1.dir/Drivers/STM32F7xx_HAL_Driver/Src/stm32f7xx_hal_rcc.c.obj
 .ARM.attributes
                0x0000030e       0x32 CMakeFiles/robomas_shisaku_f767zi_1.dir/Drivers/STM32F7xx_HAL_Driver/Src/stm32f7xx_hal_rcc_ex.c.obj
 .ARM.attributes
                0x00000340       0x32 CMakeFiles/robomas_shisaku_f767zi_1.dir/Drivers/STM32F7xx_HAL_Driver/Src/stm32f7xx_hal_gpio.c.obj
 .ARM.attributes
                0x00000372       0x32 CMakeFiles/robomas_shisaku_f767zi_1.dir/Drivers/STM32F7xx_HAL_Driver/Src/stm32f7xx_hal_pwr_ex.c.obj
 .ARM.attributes
                0x000003a4       0x32 CMakeFiles/robomas_shisaku_f767zi_1.dir/Drivers/STM32F7xx_HAL_Driver/Src/stm32f7xx_hal_cortex.c.obj
 .ARM.attributes
                0x000003d6       0x32 CMakeFiles/robomas_shisaku_f767zi_1.dir/Drivers/STM32F7xx_HAL_Driver/Src/stm32f7xx_hal.c.obj
 .ARM.attributes
                0x00000408       0x32 CMakeFiles/robomas_shisaku_f767zi_1.dir/Drivers/STM32F7xx_HAL_Driver/Src/stm32f7xx_hal_can.c.obj
 .ARM.attributes
                0x0000043a       0x32 CMakeFiles/robomas_shisaku_f767zi_1.dir/Drivers/STM32F7xx_HAL_Driver/Src/stm32f7xx_hal_uart.c.obj
 .ARM.attributes
                0x0000046c       0x32 CMakeFiles/robomas_shisaku_f767zi_1.dir/Core/Src/system_stm32f7xx.c.obj
 .ARM.attributes
                0x0000049e       0x32 CMakeFiles/robomas_shisaku_f767zi_1.dir/Middlewares/ST/STM32_USB_Device_Library/Core/Src/usbd_core.c.obj
 .ARM.attributes
                0x000004d0       0x32 CMakeFiles/robomas_shisaku_f767zi_1.dir/Middlewares/ST/STM32_USB_Device_Library/Core/Src/usbd_ctlreq.c.obj
 .ARM.attributes
                0x00000502       0x32 CMakeFiles/robomas_shisaku_f767zi_1.dir/Middlewares/ST/STM32_USB_Device_Library/Core/Src/usbd_ioreq.c.obj
 .ARM.attributes
                0x00000534       0x32 CMakeFiles/robomas_shisaku_f767zi_1.dir/Middlewares/ST/STM32_USB_Device_Library/Class/CDC/Src/usbd_cdc.c.obj
 .ARM.attributes
                0x00000566       0x32 CMakeFiles/robomas_shisaku_f767zi_1.dir/Core/Src/sysmem.c.obj
 .ARM.attributes
                0x00000598       0x21 CMakeFiles/robomas_shisaku_f767zi_1.dir/startup_stm32f767xx.s.obj
 .ARM.attributes
                0x000005b9       0x32 CMakeFiles/robomas_shisaku_f767zi_1.dir/User/cpp_main.cpp.obj
 .ARM.attributes
                0x000005eb       0x32 CMakeFiles/robomas_shisaku_f767zi_1.dir/User/lib/LED_GPIO.cpp.obj
 .ARM.attributes
                0x0000061d       0x32 /opt/st/stm32cubeclt_1.17.0/GNU-tools-for-STM32/bin/../lib/gcc/arm-none-eabi/12.3.1/../../../../arm-none-eabi/lib/thumb/v7e-m+dp/hard/libc_nano.a(libc_a-malloc.o)
 .ARM.attributes
                0x0000064f       0x32 /opt/st/stm32cubeclt_1.17.0/GNU-tools-for-STM32/bin/../lib/gcc/arm-none-eabi/12.3.1/../../../../arm-none-eabi/lib/thumb/v7e-m+dp/hard/libc_nano.a(libc_a-mallocr.o)
 .ARM.attributes
                0x00000681       0x32 /opt/st/stm32cubeclt_1.17.0/GNU-tools-for-STM32/bin/../lib/gcc/arm-none-eabi/12.3.1/../../../../arm-none-eabi/lib/thumb/v7e-m+dp/hard/libc_nano.a(libc_a-mlock.o)
 .ARM.attributes
                0x000006b3       0x32 /opt/st/stm32cubeclt_1.17.0/GNU-tools-for-STM32/bin/../lib/gcc/arm-none-eabi/12.3.1/../../../../arm-none-eabi/lib/thumb/v7e-m+dp/hard/libc_nano.a(libc_a-findfp.o)
 .ARM.attributes
                0x000006e5       0x32 /opt/st/stm32cubeclt_1.17.0/GNU-tools-for-STM32/bin/../lib/gcc/arm-none-eabi/12.3.1/../../../../arm-none-eabi/lib/thumb/v7e-m+dp/hard/libc_nano.a(libc_a-memset.o)
 .ARM.attributes
                0x00000717       0x32 /opt/st/stm32cubeclt_1.17.0/GNU-tools-for-STM32/bin/../lib/gcc/arm-none-eabi/12.3.1/../../../../arm-none-eabi/lib/thumb/v7e-m+dp/hard/libc_nano.a(libc_a-reent.o)
 .ARM.attributes
                0x00000749       0x32 /opt/st/stm32cubeclt_1.17.0/GNU-tools-for-STM32/bin/../lib/gcc/arm-none-eabi/12.3.1/../../../../arm-none-eabi/lib/thumb/v7e-m+dp/hard/libc_nano.a(libc_a-impure.o)
 .ARM.attributes
                0x0000077b       0x32 /opt/st/stm32cubeclt_1.17.0/GNU-tools-for-STM32/bin/../lib/gcc/arm-none-eabi/12.3.1/../../../../arm-none-eabi/lib/thumb/v7e-m+dp/hard/libc_nano.a(libc_a-sbrkr.o)
 .ARM.attributes
                0x000007ad       0x32 /opt/st/stm32cubeclt_1.17.0/GNU-tools-for-STM32/bin/../lib/gcc/arm-none-eabi/12.3.1/../../../../arm-none-eabi/lib/thumb/v7e-m+dp/hard/libc_nano.a(libc_a-errno.o)
 .ARM.attributes
                0x000007df       0x32 /opt/st/stm32cubeclt_1.17.0/GNU-tools-for-STM32/bin/../lib/gcc/arm-none-eabi/12.3.1/../../../../arm-none-eabi/lib/thumb/v7e-m+dp/hard/libc_nano.a(libc_a-init.o)
 .ARM.attributes
                0x00000811       0x32 /opt/st/stm32cubeclt_1.17.0/GNU-tools-for-STM32/bin/../lib/gcc/arm-none-eabi/12.3.1/../../../../arm-none-eabi/lib/thumb/v7e-m+dp/hard/libc_nano.a(libc_a-lock.o)
 .ARM.attributes
                0x00000843       0x32 /opt/st/stm32cubeclt_1.17.0/GNU-tools-for-STM32/bin/../lib/gcc/arm-none-eabi/12.3.1/../../../../arm-none-eabi/lib/thumb/v7e-m+dp/hard/libc_nano.a(libc_a-freer.o)
 .ARM.attributes
                0x00000875       0x20 /opt/st/stm32cubeclt_1.17.0/GNU-tools-for-STM32/bin/../lib/gcc/arm-none-eabi/12.3.1/thumb/v7e-m+dp/hard/libgcc.a(_aeabi_uldivmod.o)
 .ARM.attributes
                0x00000895       0x32 /opt/st/stm32cubeclt_1.17.0/GNU-tools-for-STM32/bin/../lib/gcc/arm-none-eabi/12.3.1/thumb/v7e-m+dp/hard/libgcc.a(_udivmoddi4.o)
 .ARM.attributes
                0x000008c7       0x20 /opt/st/stm32cubeclt_1.17.0/GNU-tools-for-STM32/bin/../lib/gcc/arm-none-eabi/12.3.1/thumb/v7e-m+dp/hard/libgcc.a(_dvmd_tls.o)
 .ARM.attributes
                0x000008e7       0x20 /opt/st/stm32cubeclt_1.17.0/GNU-tools-for-STM32/bin/../lib/gcc/arm-none-eabi/12.3.1/thumb/v7e-m+dp/hard/crtn.o

.comment        0x00000000       0x43
 .comment       0x00000000       0x43 CMakeFiles/robomas_shisaku_f767zi_1.dir/Core/Src/main.c.obj
                                 0x44 (size before relaxing)
 .comment       0x00000043       0x44 CMakeFiles/robomas_shisaku_f767zi_1.dir/Core/Src/gpio.c.obj
 .comment       0x00000043       0x44 CMakeFiles/robomas_shisaku_f767zi_1.dir/Core/Src/can.c.obj
 .comment       0x00000043       0x44 CMakeFiles/robomas_shisaku_f767zi_1.dir/Core/Src/usart.c.obj
 .comment       0x00000043       0x44 CMakeFiles/robomas_shisaku_f767zi_1.dir/Core/Src/stm32f7xx_it.c.obj
 .comment       0x00000043       0x44 CMakeFiles/robomas_shisaku_f767zi_1.dir/Core/Src/stm32f7xx_hal_msp.c.obj
 .comment       0x00000043       0x44 CMakeFiles/robomas_shisaku_f767zi_1.dir/USB_DEVICE/App/usb_device.c.obj
 .comment       0x00000043       0x44 CMakeFiles/robomas_shisaku_f767zi_1.dir/USB_DEVICE/App/usbd_desc.c.obj
 .comment       0x00000043       0x44 CMakeFiles/robomas_shisaku_f767zi_1.dir/USB_DEVICE/App/usbd_cdc_if.c.obj
 .comment       0x00000043       0x44 CMakeFiles/robomas_shisaku_f767zi_1.dir/USB_DEVICE/Target/usbd_conf.c.obj
 .comment       0x00000043       0x44 CMakeFiles/robomas_shisaku_f767zi_1.dir/Drivers/STM32F7xx_HAL_Driver/Src/stm32f7xx_hal_pcd.c.obj
 .comment       0x00000043       0x44 CMakeFiles/robomas_shisaku_f767zi_1.dir/Drivers/STM32F7xx_HAL_Driver/Src/stm32f7xx_hal_pcd_ex.c.obj
 .comment       0x00000043       0x44 CMakeFiles/robomas_shisaku_f767zi_1.dir/Drivers/STM32F7xx_HAL_Driver/Src/stm32f7xx_ll_usb.c.obj
 .comment       0x00000043       0x44 CMakeFiles/robomas_shisaku_f767zi_1.dir/Drivers/STM32F7xx_HAL_Driver/Src/stm32f7xx_hal_rcc.c.obj
 .comment       0x00000043       0x44 CMakeFiles/robomas_shisaku_f767zi_1.dir/Drivers/STM32F7xx_HAL_Driver/Src/stm32f7xx_hal_rcc_ex.c.obj
 .comment       0x00000043       0x44 CMakeFiles/robomas_shisaku_f767zi_1.dir/Drivers/STM32F7xx_HAL_Driver/Src/stm32f7xx_hal_gpio.c.obj
 .comment       0x00000043       0x44 CMakeFiles/robomas_shisaku_f767zi_1.dir/Drivers/STM32F7xx_HAL_Driver/Src/stm32f7xx_hal_pwr_ex.c.obj
 .comment       0x00000043       0x44 CMakeFiles/robomas_shisaku_f767zi_1.dir/Drivers/STM32F7xx_HAL_Driver/Src/stm32f7xx_hal_cortex.c.obj
 .comment       0x00000043       0x44 CMakeFiles/robomas_shisaku_f767zi_1.dir/Drivers/STM32F7xx_HAL_Driver/Src/stm32f7xx_hal.c.obj
 .comment       0x00000043       0x44 CMakeFiles/robomas_shisaku_f767zi_1.dir/Drivers/STM32F7xx_HAL_Driver/Src/stm32f7xx_hal_can.c.obj
 .comment       0x00000043       0x44 CMakeFiles/robomas_shisaku_f767zi_1.dir/Drivers/STM32F7xx_HAL_Driver/Src/stm32f7xx_hal_uart.c.obj
 .comment       0x00000043       0x44 CMakeFiles/robomas_shisaku_f767zi_1.dir/Core/Src/system_stm32f7xx.c.obj
 .comment       0x00000043       0x44 CMakeFiles/robomas_shisaku_f767zi_1.dir/Middlewares/ST/STM32_USB_Device_Library/Core/Src/usbd_core.c.obj
 .comment       0x00000043       0x44 CMakeFiles/robomas_shisaku_f767zi_1.dir/Middlewares/ST/STM32_USB_Device_Library/Core/Src/usbd_ctlreq.c.obj
 .comment       0x00000043       0x44 CMakeFiles/robomas_shisaku_f767zi_1.dir/Middlewares/ST/STM32_USB_Device_Library/Core/Src/usbd_ioreq.c.obj
 .comment       0x00000043       0x44 CMakeFiles/robomas_shisaku_f767zi_1.dir/Middlewares/ST/STM32_USB_Device_Library/Class/CDC/Src/usbd_cdc.c.obj
 .comment       0x00000043       0x44 CMakeFiles/robomas_shisaku_f767zi_1.dir/Core/Src/sysmem.c.obj
 .comment       0x00000043       0x44 CMakeFiles/robomas_shisaku_f767zi_1.dir/User/cpp_main.cpp.obj
 .comment       0x00000043       0x44 CMakeFiles/robomas_shisaku_f767zi_1.dir/User/lib/LED_GPIO.cpp.obj

.debug_info     0x00000000    0x16333
 .debug_info    0x00000000      0x632 CMakeFiles/robomas_shisaku_f767zi_1.dir/Core/Src/main.c.obj
 .debug_info    0x00000632      0x42d CMakeFiles/robomas_shisaku_f767zi_1.dir/Core/Src/gpio.c.obj
 .debug_info    0x00000a5f      0xb81 CMakeFiles/robomas_shisaku_f767zi_1.dir/Core/Src/can.c.obj
 .debug_info    0x000015e0      0xc81 CMakeFiles/robomas_shisaku_f767zi_1.dir/Core/Src/usart.c.obj
 .debug_info    0x00002261      0xa5c CMakeFiles/robomas_shisaku_f767zi_1.dir/Core/Src/stm32f7xx_it.c.obj
 .debug_info    0x00002cbd      0x28d CMakeFiles/robomas_shisaku_f767zi_1.dir/Core/Src/stm32f7xx_hal_msp.c.obj
 .debug_info    0x00002f4a      0x70e CMakeFiles/robomas_shisaku_f767zi_1.dir/USB_DEVICE/App/usb_device.c.obj
 .debug_info    0x00003658      0x4ba CMakeFiles/robomas_shisaku_f767zi_1.dir/USB_DEVICE/App/usbd_desc.c.obj
 .debug_info    0x00003b12      0x907 CMakeFiles/robomas_shisaku_f767zi_1.dir/USB_DEVICE/App/usbd_cdc_if.c.obj
 .debug_info    0x00004419     0x21f6 CMakeFiles/robomas_shisaku_f767zi_1.dir/USB_DEVICE/Target/usbd_conf.c.obj
 .debug_info    0x0000660f     0x1599 CMakeFiles/robomas_shisaku_f767zi_1.dir/Drivers/STM32F7xx_HAL_Driver/Src/stm32f7xx_hal_pcd.c.obj
 .debug_info    0x00007ba8      0x7a3 CMakeFiles/robomas_shisaku_f767zi_1.dir/Drivers/STM32F7xx_HAL_Driver/Src/stm32f7xx_hal_pcd_ex.c.obj
 .debug_info    0x0000834b     0x19fc CMakeFiles/robomas_shisaku_f767zi_1.dir/Drivers/STM32F7xx_HAL_Driver/Src/stm32f7xx_ll_usb.c.obj
 .debug_info    0x00009d47      0x937 CMakeFiles/robomas_shisaku_f767zi_1.dir/Drivers/STM32F7xx_HAL_Driver/Src/stm32f7xx_hal_rcc.c.obj
 .debug_info    0x0000a67e      0x6e1 CMakeFiles/robomas_shisaku_f767zi_1.dir/Drivers/STM32F7xx_HAL_Driver/Src/stm32f7xx_hal_rcc_ex.c.obj
 .debug_info    0x0000ad5f      0x6f3 CMakeFiles/robomas_shisaku_f767zi_1.dir/Drivers/STM32F7xx_HAL_Driver/Src/stm32f7xx_hal_gpio.c.obj
 .debug_info    0x0000b452      0x8cd CMakeFiles/robomas_shisaku_f767zi_1.dir/Drivers/STM32F7xx_HAL_Driver/Src/stm32f7xx_hal_pwr_ex.c.obj
 .debug_info    0x0000bd1f      0xfc0 CMakeFiles/robomas_shisaku_f767zi_1.dir/Drivers/STM32F7xx_HAL_Driver/Src/stm32f7xx_hal_cortex.c.obj
 .debug_info    0x0000ccdf      0xa4c CMakeFiles/robomas_shisaku_f767zi_1.dir/Drivers/STM32F7xx_HAL_Driver/Src/stm32f7xx_hal.c.obj
 .debug_info    0x0000d72b      0xf0c CMakeFiles/robomas_shisaku_f767zi_1.dir/Drivers/STM32F7xx_HAL_Driver/Src/stm32f7xx_hal_can.c.obj
 .debug_info    0x0000e637     0x3adc CMakeFiles/robomas_shisaku_f767zi_1.dir/Drivers/STM32F7xx_HAL_Driver/Src/stm32f7xx_hal_uart.c.obj
 .debug_info    0x00012113      0x6ed CMakeFiles/robomas_shisaku_f767zi_1.dir/Core/Src/system_stm32f7xx.c.obj
 .debug_info    0x00012800      0xe12 CMakeFiles/robomas_shisaku_f767zi_1.dir/Middlewares/ST/STM32_USB_Device_Library/Core/Src/usbd_core.c.obj
 .debug_info    0x00013612      0xaeb CMakeFiles/robomas_shisaku_f767zi_1.dir/Middlewares/ST/STM32_USB_Device_Library/Core/Src/usbd_ctlreq.c.obj
 .debug_info    0x000140fd      0x762 CMakeFiles/robomas_shisaku_f767zi_1.dir/Middlewares/ST/STM32_USB_Device_Library/Core/Src/usbd_ioreq.c.obj
 .debug_info    0x0001485f     0x1307 CMakeFiles/robomas_shisaku_f767zi_1.dir/Middlewares/ST/STM32_USB_Device_Library/Class/CDC/Src/usbd_cdc.c.obj
 .debug_info    0x00015b66      0x168 CMakeFiles/robomas_shisaku_f767zi_1.dir/Core/Src/sysmem.c.obj
 .debug_info    0x00015cce       0x30 CMakeFiles/robomas_shisaku_f767zi_1.dir/startup_stm32f767xx.s.obj
 .debug_info    0x00015cfe      0x3c2 CMakeFiles/robomas_shisaku_f767zi_1.dir/User/cpp_main.cpp.obj
 .debug_info    0x000160c0      0x273 CMakeFiles/robomas_shisaku_f767zi_1.dir/User/lib/LED_GPIO.cpp.obj

.debug_abbrev   0x00000000     0x3cd8
 .debug_abbrev  0x00000000      0x21a CMakeFiles/robomas_shisaku_f767zi_1.dir/Core/Src/main.c.obj
 .debug_abbrev  0x0000021a      0x152 CMakeFiles/robomas_shisaku_f767zi_1.dir/Core/Src/gpio.c.obj
 .debug_abbrev  0x0000036c      0x220 CMakeFiles/robomas_shisaku_f767zi_1.dir/Core/Src/can.c.obj
 .debug_abbrev  0x0000058c      0x1f9 CMakeFiles/robomas_shisaku_f767zi_1.dir/Core/Src/usart.c.obj
 .debug_abbrev  0x00000785      0x1cb CMakeFiles/robomas_shisaku_f767zi_1.dir/Core/Src/stm32f7xx_it.c.obj